Component: ARM Compiler 5.06 update 4 (build 422) Tool: armlink [4d35d2]

==============================================================================

Section Cross References

    startup_stm32l071xx.o(RESET) refers to startup_stm32l071xx.o(STACK) for __initial_sp
    startup_stm32l071xx.o(RESET) refers to startup_stm32l071xx.o(.text) for Reset_Handler
    startup_stm32l071xx.o(RESET) refers to stm32l0xx_it.o(i.NMI_Handler) for NMI_Handler
    startup_stm32l071xx.o(RESET) refers to stm32l0xx_it.o(i.HardFault_Handler) for HardFault_Handler
    startup_stm32l071xx.o(RESET) refers to stm32l0xx_it.o(i.SVC_Handler) for SVC_Handler
    startup_stm32l071xx.o(RESET) refers to stm32l0xx_it.o(i.PendSV_Handler) for PendSV_Handler
    startup_stm32l071xx.o(RESET) refers to stm32l0xx_it.o(i.SysTick_Handler) for SysTick_Handler
    startup_stm32l071xx.o(RESET) refers to stm32l0xx_it.o(i.RTC_IRQHandler) for RTC_IRQHandler
    startup_stm32l071xx.o(RESET) refers to stm32l0xx_it.o(i.EXTI0_1_IRQHandler) for EXTI0_1_IRQHandler
    startup_stm32l071xx.o(RESET) refers to stm32l0xx_it.o(i.EXTI2_3_IRQHandler) for EXTI2_3_IRQHandler
    startup_stm32l071xx.o(RESET) refers to stm32l0xx_it.o(i.EXTI4_15_IRQHandler) for EXTI4_15_IRQHandler
    startup_stm32l071xx.o(RESET) refers to stm32l0xx_it.o(i.DMA1_Channel2_3_IRQHandler) for DMA1_Channel2_3_IRQHandler
    startup_stm32l071xx.o(RESET) refers to uart.o(i.USART4_5_IRQHandler) for USART4_5_IRQHandler
    startup_stm32l071xx.o(RESET) refers to stm32l0xx_it.o(i.TIM2_IRQHandler) for TIM2_IRQHandler
    startup_stm32l071xx.o(RESET) refers to stm32l0xx_it.o(i.TIM3_IRQHandler) for TIM3_IRQHandler
    startup_stm32l071xx.o(RESET) refers to uart.o(i.USART1_IRQHandler) for USART1_IRQHandler
    startup_stm32l071xx.o(.text) refers to system_stm32l0xx.o(i.SystemInit) for SystemInit
    startup_stm32l071xx.o(.text) refers to entry.o(.ARM.Collect$$$$00000000) for __main
    tilt_tsk.o(i.Accl_ZeroCal) refers to inclinationcalc.o(i.XL355_Temp_Calc) for XL355_Temp_Calc
    tilt_tsk.o(i.Accl_ZeroCal) refers to inclinationcalc.o(i.XL355_Accel_Read) for XL355_Accel_Read
    tilt_tsk.o(i.Accl_ZeroCal) refers to fadd.o(.text) for __aeabi_fadd
    tilt_tsk.o(i.Accl_ZeroCal) refers to inclinationcalc.o(.bss) for sIncl_Data
    tilt_tsk.o(i.Accl_ZeroProg) refers to tilt_tsk.o(i.Accl_ZeroCal) for Accl_ZeroCal
    tilt_tsk.o(i.Accl_ZeroProg) refers to f2d.o(.text) for __aeabi_f2d
    tilt_tsk.o(i.Accl_ZeroProg) refers to dmul.o(.text) for __aeabi_dmul
    tilt_tsk.o(i.Accl_ZeroProg) refers to d2f.o(.text) for __aeabi_d2f
    tilt_tsk.o(i.Accl_ZeroProg) refers to fmul.o(.text) for __aeabi_fmul
    tilt_tsk.o(i.Accl_ZeroProg) refers to inclinationcalc.o(.bss) for sIncl_Data
    tilt_tsk.o(i.AngelTrans) refers to cfrcmple.o(.text) for __aeabi_cfrcmple
    tilt_tsk.o(i.AngelTrans) refers to ffixui.o(.text) for __aeabi_f2uiz
    tilt_tsk.o(i.AngelTrans) refers to f2d.o(.text) for __aeabi_f2d
    tilt_tsk.o(i.AngelTrans) refers to dmul.o(.text) for __aeabi_dmul
    tilt_tsk.o(i.AngelTrans) refers to d2f.o(.text) for __aeabi_d2f
    tilt_tsk.o(i.DataCommunication_TSK) refers to tilt_tsk.o(i.DataSamplesTask) for DataSamplesTask
    tilt_tsk.o(i.DataCommunication_TSK) refers to tilt_tsk.o(i.PowerUpZeroClab) for PowerUpZeroClab
    tilt_tsk.o(i.DataCommunication_TSK) refers to sysmanage_tsk.o(.bss) for g_SysData
    tilt_tsk.o(i.DataSamplesTask) refers to inclinationcalc.o(i.sInclinationCalc_TSK) for sInclinationCalc_TSK
    tilt_tsk.o(i.DataSamplesTask) refers to cfrcmple.o(.text) for __aeabi_cfrcmple
    tilt_tsk.o(i.DataSamplesTask) refers to fadd.o(.text) for __aeabi_fadd
    tilt_tsk.o(i.DataSamplesTask) refers to f2d.o(.text) for __aeabi_f2d
    tilt_tsk.o(i.DataSamplesTask) refers to dmul.o(.text) for __aeabi_dmul
    tilt_tsk.o(i.DataSamplesTask) refers to d2f.o(.text) for __aeabi_d2f
    tilt_tsk.o(i.DataSamplesTask) refers to cdrcmple.o(.text) for __aeabi_cdrcmple
    tilt_tsk.o(i.DataSamplesTask) refers to inclinationcalc.o(.bss) for sIncl_Data
    tilt_tsk.o(i.DataSamplesTask) refers to lora_tsk.o(.data) for f32thresholdvalue_Sx1
    tilt_tsk.o(i.DataSamplesTask) refers to tilt_tsk.o(.data) for U8_shunxiangCnt
    tilt_tsk.o(i.DataSamplesTask) refers to sysmanage_tsk.o(.data) for g_statecheck
    tilt_tsk.o(i.DataSamplesTask) refers to sysmanage_tsk.o(.bss) for g_SysData
    tilt_tsk.o(i.PowerUpZeroClab) refers to fadd.o(.text) for __aeabi_fadd
    tilt_tsk.o(i.PowerUpZeroClab) refers to f2d.o(.text) for __aeabi_f2d
    tilt_tsk.o(i.PowerUpZeroClab) refers to dmul.o(.text) for __aeabi_dmul
    tilt_tsk.o(i.PowerUpZeroClab) refers to d2f.o(.text) for __aeabi_d2f
    tilt_tsk.o(i.PowerUpZeroClab) refers to sysmanage_tsk.o(.data) for g_statecheck
    tilt_tsk.o(i.PowerUpZeroClab) refers to tilt_tsk.o(.data) for TiltAddCnt
    tilt_tsk.o(i.PowerUpZeroClab) refers to inclinationcalc.o(.bss) for sIncl_Data
    tilt_tsk.o(i.PowerUpZeroClab) refers to sysmanage_tsk.o(.bss) for g_SysData
[...]
    i.__ARM_common_ll_muluu                  0x08007e6e   Section        0  stm32l0xx_hal_uart.o(i.__ARM_common_ll_muluu)
    i.__ARM_common_switch8                   0x08007e9e   Section        0  lora_tsk.o(i.__ARM_common_switch8)
    i.__ARM_fpclassify                       0x08007ebc   Section        0  fpclassify.o(i.__ARM_fpclassify)
    i.__kernel_poly                          0x08007ee8   Section        0  poly.o(i.__kernel_poly)
    i.__mathlib_dbl_divzero                  0x08007f94   Section        0  dunder.o(i.__mathlib_dbl_divzero)
    i.__mathlib_dbl_infnan                   0x08007fa8   Section        0  dunder.o(i.__mathlib_dbl_infnan)
    i.__mathlib_dbl_infnan2                  0x08007fb2   Section        0  dunder.o(i.__mathlib_dbl_infnan2)
    i.__mathlib_dbl_invalid                  0x08007fba   Section        0  dunder.o(i.__mathlib_dbl_invalid)
    i.__mathlib_dbl_overflow                 0x08007fcc   Section        0  dunder.o(i.__mathlib_dbl_overflow)
    i.__mathlib_dbl_underflow                0x08007fe0   Section        0  dunder.o(i.__mathlib_dbl_underflow)
    i.__scatterload_copy                     0x08007ff4   Section       14  handlers.o(i.__scatterload_copy)
    i.__scatterload_null                     0x08008002   Section        2  handlers.o(i.__scatterload_null)
    i.__scatterload_zeroinit                 0x08008004   Section       14  handlers.o(i.__scatterload_zeroinit)
    i.__set_errno                            0x08008014   Section        0  errno.o(i.__set_errno)
    i._fp_digits                             0x08008020   Section        0  printfa.o(i._fp_digits)
    _fp_digits                               0x08008021   Thumb Code   344  printfa.o(i._fp_digits)
    i._printf_core                           0x08008194   Section        0  printfa.o(i._printf_core)
    _printf_core                             0x08008195   Thumb Code  1754  printfa.o(i._printf_core)
    i._printf_post_padding                   0x08008880   Section        0  printfa.o(i._printf_post_padding)
    _printf_post_padding                     0x08008881   Thumb Code    32  printfa.o(i._printf_post_padding)
    i._printf_pre_padding                    0x080088a0   Section        0  printfa.o(i._printf_pre_padding)
    _printf_pre_padding                      0x080088a1   Thumb Code    44  printfa.o(i._printf_pre_padding)
    i.atan                                   0x080088cc   Section        0  atan.o(i.atan)
    i.atan2                                  0x08008ae8   Section        0  atan2.o(i.atan2)
    i.delay                                  0x08008c60   Section        0  main.o(i.delay)
    i.fputc                                  0x08008c80   Section        0  uart.o(i.fputc)
    i.main                                   0x08008ca0   Section        0  main.o(i.main)
    i.pow                                    0x08008d68   Section        0  pow.o(i.pow)
    i.sEepromGPIOInit                        0x08009764   Section        0  ex_eeprom_driver.o(i.sEepromGPIOInit)
    i.sInclinationCalc_TSK                   0x0800983c   Section        0  inclinationcalc.o(i.sInclinationCalc_TSK)
    i.sqrt                                   0x080098d4   Section        0  sqrt.o(i.sqrt)
    .constdata                               0x0800991c   Section       33  system_stm32l0xx.o(.constdata)
    .constdata                               0x08009940   Section      972  inclinationcalc.o(.constdata)
    .constdata                               0x08009d10   Section      136  pow.o(.constdata)
    bp                                       0x08009d10   Data          16  pow.o(.constdata)
    dp_h                                     0x08009d20   Data          16  pow.o(.constdata)
    dp_l                                     0x08009d30   Data          16  pow.o(.constdata)
    L                                        0x08009d40   Data          48  pow.o(.constdata)
    P                                        0x08009d70   Data          40  pow.o(.constdata)
    .constdata                               0x08009d98   Section      152  atan.o(.constdata)
    atanhi                                   0x08009d98   Data          32  atan.o(.constdata)
    atanlo                                   0x08009db8   Data          32  atan.o(.constdata)
    aTodd                                    0x08009dd8   Data          40  atan.o(.constdata)
    aTeven                                   0x08009e00   Data          48  atan.o(.constdata)
    .constdata                               0x08009e30   Section        8  qnan.o(.constdata)
    .data                                    0x20000000   Section       19  tilt_tsk.o(.data)
    U8_henxiangCnt                           0x20000010   Data           1  tilt_tsk.o(.data)
    U8_shunxiangCnt                          0x20000011   Data           1  tilt_tsk.o(.data)
    TiltAddCnt                               0x20000012   Data           1  tilt_tsk.o(.data)
    .data                                    0x20000014   Section       20  lora_tsk.o(.data)
    u16SendCnt                               0x20000024   Data           2  lora_tsk.o(.data)
    u16TiltSendCnt                           0x20000026   Data           2  lora_tsk.o(.data)
    .data                                    0x20000028   Section       24  main.o(.data)
    .data                                    0x20000040   Section       20  stm32l0xx_it.o(.data)
    .data                                    0x20000054   Section       13  sysmanage_tsk.o(.data)
    u8_LastMinu                              0x20000060   Data           1  sysmanage_tsk.o(.data)
    .data                                    0x20000064   Section        4  stm32l0xx_hal.o(.data)
    .data                                    0x20000068   Section        4  system_stm32l0xx.o(.data)
    .data                                    0x2000006c   Section       28  uart.o(.data)
    .data                                    0x20000088   Section       20  adc.o(.data)
    voltage_data                             0x20000098   Data           4  adc.o(.data)
    .data                                    0x2000009c   Section       36  eeprom.o(.data)
    .data                                    0x200000c0   Section        6  sx1278.o(.data)
    .data                                    0x200000c6   Section        4  rtc.o(.data)
    .data                                    0x200000cc   Section      961  mpu6050.o(.data)
    .data                                    0x20000490   Section        4  inclinationcalc.o(.data)
    .data                                    0x20000494   Section       10  pwr_mode_rtc.o(.data)
    LowVoltCnt                               0x2000049c   Data           2  pwr_mode_rtc.o(.data)
    .data                                    0x200004a0   Section       36  ex_eeprom_app.o(.data)
    .data                                    0x200004c4   Section        4  stdout.o(.data)
    .data                                    0x200004c8   Section        4  errno.o(.data)
    _errno                                   0x200004c8   Data           4  errno.o(.data)
    .bss                                     0x200004cc   Section      536  lora_tsk.o(.bss)
    .bss                                     0x200006e4   Section      132  main.o(.bss)
    .bss                                     0x20000768   Section       64  stm32l0xx_it.o(.bss)
    .bss                                     0x200007a8   Section       68  sysmanage_tsk.o(.bss)
    .bss                                     0x200007ec   Section       76  bsp_i2c.o(.bss)
    .bss                                     0x20000838   Section      958  uart.o(.bss)
    .bss                                     0x20000bf8   Section       92  adc.o(.bss)
    .bss                                     0x20000c54   Section      176  spi.o(.bss)
    .bss                                     0x20000d04   Section      216  sx1278.o(.bss)
    .bss                                     0x20000ddc   Section       56  rtc.o(.bss)
    .bss                                     0x20000e14   Section      132  mpu6050.o(.bss)
    .bss                                     0x20000e98   Section       74  adxl355.o(.bss)
    .bss                                     0x20000ee4   Section      176  inclinationcalc.o(.bss)
    .bss                                     0x20000f94   Section      128  ex_eeprom_app.o(.bss)
    STACK                                    0x20001018   Section     1024  startup_stm32l071xx.o(STACK)

    Global Symbols

    Symbol Name                              Value     Ov Type        Size  Object(Section)

    BuildAttributes$$THM_ISAv3M$S$PE$A:L22$X:L11$S22$IEEE1$IW$USESV6$~STKCKD$USESV7$~SHL$OTIME$ROPI$IEEEX$EBA8$MICROLIB$REQ8$PRES8$EABIv2 0x00000000   Number         0  anon$$obj.o ABSOLUTE
    __ARM_use_no_argv                        0x00000000   Number         0  main.o ABSOLUTE
    _printf_a                                0x00000000   Number         0  stubs.o ABSOLUTE
    _printf_c                                0x00000000   Number         0  stubs.o ABSOLUTE
    _printf_charcount                        0x00000000   Number         0  stubs.o ABSOLUTE
    _printf_d                                0x00000000   Number         0  stubs.o ABSOLUTE
    _printf_e                                0x00000000   Number         0  stubs.o ABSOLUTE
    _printf_f                                0x00000000   Number         0  stubs.o ABSOLUTE
    _printf_flags                            0x00000000   Number         0  stubs.o ABSOLUTE
    _printf_fp_dec                           0x00000000   Number         0  stubs.o ABSOLUTE
    _printf_fp_hex                           0x00000000   Number         0  stubs.o ABSOLUTE
    _printf_g                                0x00000000   Number         0  stubs.o ABSOLUTE
    _printf_i                                0x00000000   Number         0  stubs.o ABSOLUTE
    _printf_int_dec                          0x00000000   Number         0  stubs.o ABSOLUTE
    _printf_l                                0x00000000   Number         0  stubs.o ABSOLUTE
    _printf_lc                               0x00000000   Number         0  stubs.o ABSOLUTE
    _printf_ll                               0x00000000   Number         0  stubs.o ABSOLUTE
    _printf_lld                              0x00000000   Number         0  stubs.o ABSOLUTE
    _printf_lli                              0x00000000   Number         0  stubs.o ABSOLUTE
    _printf_llo                              0x00000000   Number         0  stubs.o ABSOLUTE
    _printf_llu                              0x00000000   Number         0  stubs.o ABSOLUTE
    _printf_llx                              0x00000000   Number         0  stubs.o ABSOLUTE
    _printf_longlong_dec                     0x00000000   Number         0  stubs.o ABSOLUTE
    _printf_longlong_hex                     0x00000000   Number         0  stubs.o ABSOLUTE
    _printf_longlong_oct                     0x00000000   Number         0  stubs.o ABSOLUTE
    _printf_ls                               0x00000000   Number         0  stubs.o ABSOLUTE
    _printf_mbtowc                           0x00000000   Number         0  stubs.o ABSOLUTE
    _printf_n                                0x00000000   Number         0  stubs.o ABSOLUTE
    _printf_o                                0x00000000   Number         0  stubs.o ABSOLUTE
    _printf_p                                0x00000000   Number         0  stubs.o ABSOLUTE
    _printf_percent                          0x00000000   Number         0  stubs.o ABSOLUTE
    _printf_pre_padding                      0x00000000   Number         0  stubs.o ABSOLUTE
    _printf_return_value                     0x00000000   Number         0  stubs.o ABSOLUTE
    _printf_s                                0x00000000   Number         0  stubs.o ABSOLUTE
    _printf_sizespec                         0x00000000   Number         0  stubs.o ABSOLUTE
    _printf_str                              0x00000000   Number         0  stubs.o ABSOLUTE
    _printf_truncate_signed                  0x00000000   Number         0  stubs.o ABSOLUTE
    _printf_truncate_unsigned                0x00000000   Number         0  stubs.o ABSOLUTE
    _printf_u                                0x00000000   Number         0  stubs.o ABSOLUTE
    _printf_wc                               0x00000000   Number         0  stubs.o ABSOLUTE
    _printf_wctomb                           0x00000000   Number         0  stubs.o ABSOLUTE
    _printf_widthprec                        0x00000000   Number         0  stubs.o ABSOLUTE
    _printf_x                                0x00000000   Number         0  stubs.o ABSOLUTE
    __cpp_initialize__aeabi_                  - Undefined Weak Reference
    __cxa_finalize                            - Undefined Weak Reference
    _clock_init                               - Undefined Weak Reference
    _microlib_exit                            - Undefined Weak Reference
    __Vectors_Size                           0x000000c0   Number         0  startup_stm32l071xx.o ABSOLUTE
    __Vectors                                0x08000000   Data           4  startup_stm32l071xx.o(RESET)
    __Vectors_End                            0x080000c0   Data           0  startup_stm32l071xx.o(RESET)
    __main                                   0x080000c1   Thumb Code     0  entry.o(.ARM.Collect$$$$00000000)
    _main_stk                                0x080000c1   Thumb Code     0  entry2.o(.ARM.Collect$$$$00000001)
    _main_scatterload                        0x080000c5   Thumb Code     0  entry5.o(.ARM.Collect$$$$00000004)
    __main_after_scatterload                 0x080000c9   Thumb Code     0  entry5.o(.ARM.Collect$$$$00000004)
    _main_clock                              0x080000c9   Thumb Code     0  entry7b.o(.ARM.Collect$$$$00000008)
    _main_cpp_init                           0x080000c9   Thumb Code     0  entry8b.o(.ARM.Collect$$$$0000000A)
    _main_init                               0x080000c9   Thumb Code     0  entry9a.o(.ARM.Collect$$$$0000000B)
    __rt_final_cpp                           0x080000d1   Thumb Code     0  entry10a.o(.ARM.Collect$$$$0000000D)
    __rt_final_exit                          0x080000d1   Thumb Code     0  entry11a.o(.ARM.Collect$$$$0000000F)
    Reset_Handler                            0x080000d5   Thumb Code     8  startup_stm32l071xx.o(.text)
    ADC1_COMP_IRQHandler                     0x080000e7   Thumb Code     0  startup_stm32l071xx.o(.text)
    DMA1_Channel1_IRQHandler                 0x080000e7   Thumb Code     0  startup_stm32l071xx.o(.text)
    DMA1_Channel4_5_6_7_IRQHandler           0x080000e7   Thumb Code     0  startup_stm32l071xx.o(.text)
    FLASH_IRQHandler                         0x080000e7   Thumb Code     0  startup_stm32l071xx.o(.text)
    I2C1_IRQHandler                          0x080000e7   Thumb Code     0  startup_stm32l071xx.o(.text)
    I2C2_IRQHandler                          0x080000e7   Thumb Code     0  startup_stm32l071xx.o(.text)
    I2C3_IRQHandler                          0x080000e7   Thumb Code     0  startup_stm32l071xx.o(.text)
    LPTIM1_IRQHandler                        0x080000e7   Thumb Code     0  startup_stm32l071xx.o(.text)
    LPUART1_IRQHandler                       0x080000e7   Thumb Code     0  startup_stm32l071xx.o(.text)
    PVD_IRQHandler                           0x080000e7   Thumb Code     0  startup_stm32l071xx.o(.text)
    RCC_IRQHandler                           0x080000e7   Thumb Code     0  startup_stm32l071xx.o(.text)
    SPI1_IRQHandler                          0x080000e7   Thumb Code     0  startup_stm32l071xx.o(.text)
    SPI2_IRQHandler                          0x080000e7   Thumb Code     0  startup_stm32l071xx.o(.text)
    TIM21_IRQHandler                         0x080000e7   Thumb Code     0  startup_stm32l071xx.o(.text)
    TIM22_IRQHandler                         0x080000e7   Thumb Code     0  startup_stm32l071xx.o(.text)
    TIM6_IRQHandler                          0x080000e7   Thumb Code     0  startup_stm32l071xx.o(.text)
    TIM7_IRQHandler                          0x080000e7   Thumb Code     0  startup_stm32l071xx.o(.text)
    USART2_IRQHandler                        0x080000e7   Thumb Code     0  startup_stm32l071xx.o(.text)
    WWDG_IRQHandler                          0x080000e7   Thumb Code     0  startup_stm32l071xx.o(.text)
    __aeabi_uidiv                            0x080000f1   Thumb Code     0  uidiv.o(.text)
    __aeabi_uidivmod                         0x080000f1   Thumb Code    44  uidiv.o(.text)
    __aeabi_idiv                             0x0800011d   Thumb Code     0  idiv.o(.text)
    __aeabi_idivmod                          0x0800011d   Thumb Code    40  idiv.o(.text)
    __aeabi_uldivmod                         0x08000145   Thumb Code    96  uldiv.o(.text)
    __aeabi_memset                           0x080001a5   Thumb Code    14  memseta.o(.text)
    __aeabi_memset4                          0x080001a5   Thumb Code     0  memseta.o(.text)
    __aeabi_memset8                          0x080001a5   Thumb Code     0  memseta.o(.text)
    __aeabi_memclr                           0x080001b3   Thumb Code     4  memseta.o(.text)
    __aeabi_memclr4                          0x080001b3   Thumb Code     0  memseta.o(.text)
    __aeabi_memclr8                          0x080001b3   Thumb Code     0  memseta.o(.text)
    _memset$wrapper                          0x080001b7   Thumb Code    18  memseta.o(.text)
    __aeabi_fadd                             0x080001c9   Thumb Code   162  fadd.o(.text)
    __aeabi_fsub                             0x0800026b   Thumb Code     8  fadd.o(.text)
    __aeabi_frsub                            0x08000273   Thumb Code     8  fadd.o(.text)
    __aeabi_fmul                             0x0800027b   Thumb Code   122  fmul.o(.text)
    __aeabi_fdiv                             0x080002f5   Thumb Code   124  fdiv.o(.text)
    __aeabi_dadd                             0x08000371   Thumb Code   328  dadd.o(.text)
    __aeabi_dsub                             0x080004b9   Thumb Code    12  dadd.o(.text)
    __aeabi_drsub                            0x080004c5   Thumb Code    12  dadd.o(.text)
    __aeabi_dmul                             0x080004d5   Thumb Code   202  dmul.o(.text)
    __aeabi_ddiv                             0x080005a5   Thumb Code   234  ddiv.o(.text)
    __aeabi_i2f                              0x08000695   Thumb Code    22  fflti.o(.text)
    __aeabi_ui2f                             0x080006ab   Thumb Code    14  ffltui.o(.text)
    __aeabi_i2d                              0x080006b9   Thumb Code    34  dflti.o(.text)
    __aeabi_f2uiz                            0x080006e1   Thumb Code    40  ffixui.o(.text)
    __aeabi_d2uiz                            0x08000709   Thumb Code    50  dfixui.o(.text)
    __aeabi_f2d                              0x08000745   Thumb Code    40  f2d.o(.text)
    __aeabi_cdcmpeq                          0x0800076d   Thumb Code     0  cdcmple.o(.text)
    __aeabi_cdcmple                          0x0800076d   Thumb Code    38  cdcmple.o(.text)
    __aeabi_cdrcmple                         0x08000795   Thumb Code    38  cdrcmple.o(.text)
    __aeabi_d2f                              0x080007bd   Thumb Code    56  d2f.o(.text)
    __aeabi_cfcmpeq                          0x080007f5   Thumb Code     0  cfcmple.o(.text)
    __aeabi_cfcmple                          0x080007f5   Thumb Code    20  cfcmple.o(.text)
    __aeabi_cfrcmple                         0x08000809   Thumb Code    20  cfrcmple.o(.text)
    __aeabi_llsl                             0x0800081d   Thumb Code    32  llshl.o(.text)
    _ll_shift_l                              0x0800081d   Thumb Code     0  llshl.o(.text)
    __aeabi_llsr                             0x0800083d   Thumb Code    34  llushr.o(.text)
    _ll_ushift_r                             0x0800083d   Thumb Code     0  llushr.o(.text)
    __aeabi_lasr                             0x0800085f   Thumb Code    38  llsshr.o(.text)
    _ll_sshift_r                             0x0800085f   Thumb Code     0  llsshr.o(.text)
    __I$use$fp                               0x08000885   Thumb Code     0  iusefp.o(.text)
    _float_round                             0x08000885   Thumb Code    16  fepilogue.o(.text)
    _float_epilogue                          0x08000895   Thumb Code   114  fepilogue.o(.text)
    _double_round                            0x08000907   Thumb Code    26  depilogue.o(.text)
    _double_epilogue                         0x08000921   Thumb Code   164  depilogue.o(.text)
    __ARM_scalbn                             0x080009c5   Thumb Code    44  dscalb.o(.text)
    scalbn                                   0x080009c5   Thumb Code     0  dscalb.o(.text)
    _dsqrt                                   0x080009f1   Thumb Code   162  dsqrt.o(.text)
    __aeabi_d2ulz                            0x08000a95   Thumb Code    54  dfixul.o(.text)
    __scatterload                            0x08000ad5   Thumb Code    28  init.o(.text)
    __scatterload_rt2                        0x08000ad5   Thumb Code     0  init.o(.text)
    __decompress                             0x08000af9   Thumb Code     0  __dczerorl.o(.text)
    __decompress0                            0x08000af9   Thumb Code    58  __dczerorl.o(.text)
    ADCDataGet                               0x08000b35   Thumb Code    92  adc.o(i.ADCDataGet)
    ADC_Init                                 0x08000d75   Thumb Code    16  adc.o(i.ADC_Init)
    ADXL355_Acceleration_Data_Conversion     0x08000d89   Thumb Code    28  inclinationcalc.o(i.ADXL355_Acceleration_Data_Conversion)
    ADXL355_GpioInit                         0x08000da9   Thumb Code   100  adxl355.o(i.ADXL355_GpioInit)
    ADXL355_ReadBuff                         0x08000e11   Thumb Code    80  adxl355.o(i.ADXL355_ReadBuff)
    ADXL355_ReadReg                          0x08000e65   Thumb Code    78  adxl355.o(i.ADXL355_ReadReg)
    ADXL355_SPI_Init                         0x08000eb9   Thumb Code    12  adxl355.o(i.ADXL355_SPI_Init)
    Cal_CRC16                                0x08000ec5   Thumb Code    70  crc.o(i.Cal_CRC16)
    DMA1_Channel2_3_IRQHandler               0x08000f15   Thumb Code    16  stm32l0xx_it.o(i.DMA1_Channel2_3_IRQHandler)
    DataCommunication_TSK                    0x08000f5d   Thumb Code    14  tilt_tsk.o(i.DataCommunication_TSK)
    DataInit                                 0x08000f71   Thumb Code   272  main.o(i.DataInit)
    DataSamplesTask                          0x080010ad   Thumb Code   652  tilt_tsk.o(i.DataSamplesTask)
    EXTI0_1_IRQHandler                       0x08001379   Thumb Code    10  stm32l0xx_it.o(i.EXTI0_1_IRQHandler)
    EXTI2_3_IRQHandler                       0x08001385   Thumb Code    20  stm32l0xx_it.o(i.EXTI2_3_IRQHandler)
    EXTI4_15_IRQHandler                      0x080013a5   Thumb Code    12  stm32l0xx_it.o(i.EXTI4_15_IRQHandler)
    Error_Handler                            0x080013b1   Thumb Code     2  main.o(i.Error_Handler)
    Get_WakeUp                               0x080013b5   Thumb Code    82  pwr_mode_rtc.o(i.Get_WakeUp)
    HAL_ADCEx_Calibration_Start              0x0800140d   Thumb Code   220  stm32l0xx_hal_adc_ex.o(i.HAL_ADCEx_Calibration_Start)
    HAL_ADC_ConfigChannel                    0x080014e9   Thumb Code   246  stm32l0xx_hal_adc.o(i.HAL_ADC_ConfigChannel)
    HAL_ADC_GetState                         0x080015f1   Thumb Code     6  stm32l0xx_hal_adc.o(i.HAL_ADC_GetState)
    HAL_ADC_GetValue                         0x080015f7   Thumb Code     8  stm32l0xx_hal_adc.o(i.HAL_ADC_GetValue)
    HAL_ADC_Init                             0x08001601   Thumb Code   562  stm32l0xx_hal_adc.o(i.HAL_ADC_Init)
    HAL_ADC_MspInit                          0x0800183d   Thumb Code    88  stm32l0xx_hal_msp.o(i.HAL_ADC_MspInit)
    HAL_ADC_PollForConversion                0x0800189d   Thumb Code   234  stm32l0xx_hal_adc.o(i.HAL_ADC_PollForConversion)
    HAL_ADC_Start                            0x08001989   Thumb Code   114  stm32l0xx_hal_adc.o(i.HAL_ADC_Start)
    HAL_ADC_Stop                             0x08001a01   Thumb Code    80  stm32l0xx_hal_adc.o(i.HAL_ADC_Stop)
    HAL_DMA_Abort_IT                         0x08001a51   Thumb Code    92  stm32l0xx_hal_dma.o(i.HAL_DMA_Abort_IT)
    HAL_DMA_IRQHandler                       0x08001aad   Thumb Code   264  stm32l0xx_hal_dma.o(i.HAL_DMA_IRQHandler)
    HAL_DMA_Init                             0x08001bb5   Thumb Code   158  stm32l0xx_hal_dma.o(i.HAL_DMA_Init)
    HAL_DMA_Start_IT                         0x08001c5d   Thumb Code   154  stm32l0xx_hal_dma.o(i.HAL_DMA_Start_IT)
    HAL_Delay                                0x08001cf7   Thumb Code    34  stm32l0xx_hal.o(i.HAL_Delay)
    HAL_GPIO_EXTI_Callback                   0x08001d19   Thumb Code    98  stm32l0xx_it.o(i.HAL_GPIO_EXTI_Callback)
    HAL_GPIO_EXTI_IRQHandler                 0x08001db1   Thumb Code    26  stm32l0xx_hal_gpio.o(i.HAL_GPIO_EXTI_IRQHandler)
    HAL_GPIO_Init                            0x08001dd1   Thumb Code   472  stm32l0xx_hal_gpio.o(i.HAL_GPIO_Init)
    HAL_GPIO_ReadPin                         0x08001fc9   Thumb Code    18  stm32l0xx_hal_gpio.o(i.HAL_GPIO_ReadPin)
    HAL_GPIO_TogglePin                       0x08001fdb   Thumb Code     8  stm32l0xx_hal_gpio.o(i.HAL_GPIO_TogglePin)
    HAL_GPIO_WritePin                        0x08001fe3   Thumb Code    12  stm32l0xx_hal_gpio.o(i.HAL_GPIO_WritePin)
    HAL_GetTick                              0x08001ff1   Thumb Code     6  stm32l0xx_hal.o(i.HAL_GetTick)
    HAL_I2CEx_ConfigAnalogFilter             0x08001ffd   Thumb Code   110  stm32l0xx_hal_i2c_ex.o(i.HAL_I2CEx_ConfigAnalogFilter)
    HAL_I2CEx_ConfigDigitalFilter            0x0800206b   Thumb Code   112  stm32l0xx_hal_i2c_ex.o(i.HAL_I2CEx_ConfigDigitalFilter)
    HAL_I2C_Init                             0x080020dd   Thumb Code   208  stm32l0xx_hal_i2c.o(i.HAL_I2C_Init)
    HAL_I2C_Mem_Read                         0x080021b1   Thumb Code   418  stm32l0xx_hal_i2c.o(i.HAL_I2C_Mem_Read)
    HAL_I2C_Mem_Write                        0x0800235d   Thumb Code   414  stm32l0xx_hal_i2c.o(i.HAL_I2C_Mem_Write)
    HAL_I2C_MspInit                          0x08002501   Thumb Code    98  stm32l0xx_hal_msp.o(i.HAL_I2C_MspInit)
    HAL_IncTick                              0x08002571   Thumb Code    12  stm32l0xx_hal.o(i.HAL_IncTick)
    HAL_Init                                 0x08002581   Thumb Code    38  stm32l0xx_hal.o(i.HAL_Init)
    HAL_InitTick                             0x080025ad   Thumb Code    46  stm32l0xx_hal.o(i.HAL_InitTick)
    HAL_MspInit                              0x080025e1   Thumb Code    26  stm32l0xx_hal_msp.o(i.HAL_MspInit)
    HAL_NVIC_DisableIRQ                      0x08002601   Thumb Code    18  stm32l0xx_hal_cortex.o(i.HAL_NVIC_DisableIRQ)
    HAL_NVIC_EnableIRQ                       0x08002619   Thumb Code    18  stm32l0xx_hal_cortex.o(i.HAL_NVIC_EnableIRQ)
    HAL_NVIC_SetPriority                     0x08002631   Thumb Code    18  stm32l0xx_hal_cortex.o(i.HAL_NVIC_SetPriority)
    HAL_PWR_DisableWakeUpPin                 0x08002645   Thumb Code    12  stm32l0xx_hal_pwr.o(i.HAL_PWR_DisableWakeUpPin)
    HAL_RCCEx_PeriphCLKConfig                0x08002655   Thumb Code   576  stm32l0xx_hal_rcc_ex.o(i.HAL_RCCEx_PeriphCLKConfig)
    HAL_RCC_ClockConfig                      0x080028a1   Thumb Code   498  stm32l0xx_hal_rcc.o(i.HAL_RCC_ClockConfig)
    HAL_RCC_GetHCLKFreq                      0x08002aa9   Thumb Code     6  stm32l0xx_hal_rcc.o(i.HAL_RCC_GetHCLKFreq)
    HAL_RCC_GetPCLK1Freq                     0x08002ab5   Thumb Code    26  stm32l0xx_hal_rcc.o(i.HAL_RCC_GetPCLK1Freq)
    HAL_RCC_GetPCLK2Freq                     0x08002ad9   Thumb Code    26  stm32l0xx_hal_rcc.o(i.HAL_RCC_GetPCLK2Freq)
    HAL_RCC_GetSysClockFreq                  0x08002afd   Thumb Code   186  stm32l0xx_hal_rcc.o(i.HAL_RCC_GetSysClockFreq)
    HAL_RCC_OscConfig                        0x08002bcd   Thumb Code  1588  stm32l0xx_hal_rcc.o(i.HAL_RCC_OscConfig)
    HAL_RTCEx_DeactivateWakeUpTimer          0x0800320d   Thumb Code   172  stm32l0xx_hal_rtc_ex.o(i.HAL_RTCEx_DeactivateWakeUpTimer)
    HAL_RTCEx_WakeUpTimerEventCallback       0x080032b9   Thumb Code    24  stm32l0xx_it.o(i.HAL_RTCEx_WakeUpTimerEventCallback)
    HAL_RTCEx_WakeUpTimerIRQHandler          0x080032d9   Thumb Code    58  stm32l0xx_hal_rtc_ex.o(i.HAL_RTCEx_WakeUpTimerIRQHandler)
    HAL_RTC_GetDate                          0x0800331d   Thumb Code    86  stm32l0xx_hal_rtc.o(i.HAL_RTC_GetDate)
    HAL_RTC_GetTime                          0x08003379   Thumb Code   102  stm32l0xx_hal_rtc.o(i.HAL_RTC_GetTime)
    HAL_RTC_Init                             0x080033e5   Thumb Code   248  stm32l0xx_hal_rtc.o(i.HAL_RTC_Init)
    HAL_RTC_MspInit                          0x080034e1   Thumb Code    44  stm32l0xx_hal_msp.o(i.HAL_RTC_MspInit)
    HAL_RTC_SetDate                          0x08003515   Thumb Code   282  stm32l0xx_hal_rtc.o(i.HAL_RTC_SetDate)
    HAL_RTC_SetTime                          0x08003635   Thumb Code   326  stm32l0xx_hal_rtc.o(i.HAL_RTC_SetTime)
    HAL_RTC_WaitForSynchro                   0x08003781   Thumb Code    58  stm32l0xx_hal_rtc.o(i.HAL_RTC_WaitForSynchro)
    HAL_SPI_Init                             0x080037bb   Thumb Code   146  stm32l0xx_hal_spi.o(i.HAL_SPI_Init)
    HAL_SPI_MspInit                          0x0800384d   Thumb Code   176  stm32l0xx_hal_msp.o(i.HAL_SPI_MspInit)
    HAL_SPI_Receive                          0x0800390d   Thumb Code   396  stm32l0xx_hal_spi.o(i.HAL_SPI_Receive)
    HAL_SPI_Transmit                         0x08003a99   Thumb Code   456  stm32l0xx_hal_spi.o(i.HAL_SPI_Transmit)
    HAL_SPI_TransmitReceive                  0x08003c61   Thumb Code   600  stm32l0xx_hal_spi.o(i.HAL_SPI_TransmitReceive)
    HAL_SYSTICK_Config                       0x08003eb9   Thumb Code    46  stm32l0xx_hal_cortex.o(i.HAL_SYSTICK_Config)
    HAL_TIM_Base_Start_IT                    0x08003ef1   Thumb Code    42  stm32l0xx_hal_tim.o(i.HAL_TIM_Base_Start_IT)
    HAL_TIM_Base_Stop_IT                     0x08003f1d   Thumb Code    46  stm32l0xx_hal_tim.o(i.HAL_TIM_Base_Stop_IT)
    HAL_TIM_IC_CaptureCallback               0x08003f51   Thumb Code     2  stm32l0xx_hal_tim.o(i.HAL_TIM_IC_CaptureCallback)
    HAL_TIM_IRQHandler                       0x08003f53   Thumb Code   380  stm32l0xx_hal_tim.o(i.HAL_TIM_IRQHandler)
    HAL_TIM_OC_DelayElapsedCallback          0x080040cf   Thumb Code     2  stm32l0xx_hal_tim.o(i.HAL_TIM_OC_DelayElapsedCallback)
    HAL_TIM_PWM_PulseFinishedCallback        0x080040d1   Thumb Code     2  stm32l0xx_hal_tim.o(i.HAL_TIM_PWM_PulseFinishedCallback)
    HAL_TIM_PeriodElapsedCallback            0x080040d5   Thumb Code    56  stm32l0xx_it.o(i.HAL_TIM_PeriodElapsedCallback)
    HAL_TIM_TriggerCallback                  0x0800411d   Thumb Code     2  stm32l0xx_hal_tim.o(i.HAL_TIM_TriggerCallback)
    HAL_UARTEx_WakeupCallback                0x0800411f   Thumb Code     2  stm32l0xx_hal_uart_ex.o(i.HAL_UARTEx_WakeupCallback)
    HAL_UART_ErrorCallback                   0x08004121   Thumb Code     2  stm32l0xx_hal_uart.o(i.HAL_UART_ErrorCallback)
    HAL_UART_IRQHandler                      0x08004125   Thumb Code   456  stm32l0xx_hal_uart.o(i.HAL_UART_IRQHandler)
    HAL_UART_Init                            0x080042f1   Thumb Code   126  stm32l0xx_hal_uart.o(i.HAL_UART_Init)
    HAL_UART_MspInit                         0x08004371   Thumb Code   330  uart.o(i.HAL_UART_MspInit)
    HAL_UART_Receive_IT                      0x080044d5   Thumb Code   266  stm32l0xx_hal_uart.o(i.HAL_UART_Receive_IT)
    HAL_UART_RxCpltCallback                  0x080045ed   Thumb Code   144  uart.o(i.HAL_UART_RxCpltCallback)
    HAL_UART_Transmit                        0x080046ad   Thumb Code   256  stm32l0xx_hal_uart.o(i.HAL_UART_Transmit)
    HAL_UART_Transmit_DMA                    0x080047ad   Thumb Code   202  stm32l0xx_hal_uart.o(i.HAL_UART_Transmit_DMA)
    HAL_UART_TxCpltCallback                  0x08004885   Thumb Code     2  stm32l0xx_hal_uart.o(i.HAL_UART_TxCpltCallback)
    HAL_UART_TxHalfCpltCallback              0x08004887   Thumb Code     2  stm32l0xx_hal_uart.o(i.HAL_UART_TxHalfCpltCallback)
    HardFault_Handler                        0x08004889   Thumb Code     4  stm32l0xx_it.o(i.HardFault_Handler)
    I2C_Bus_Init                             0x0800488d   Thumb Code     8  bsp_i2c.o(i.I2C_Bus_Init)
    LoraMessageSend_Treat                    0x08004bb5   Thumb Code  1224  lora_tsk.o(i.LoraMessageSend_Treat)
    LowPower_WakeUp                          0x08005085   Thumb Code    78  pwr_mode_rtc.o(i.LowPower_WakeUp)
    MPU6050DataGet                           0x080050dd   Thumb Code    32  mpu6050.o(i.MPU6050DataGet)
    MPU6050ReadAcc                           0x080050fd   Thumb Code   426  mpu6050.o(i.MPU6050ReadAcc)
    MPU6050_Init                             0x080052fd   Thumb Code   112  mpu6050.o(i.MPU6050_Init)
    MPU6050_ReturnTemp                       0x0800536d   Thumb Code    72  mpu6050.o(i.MPU6050_ReturnTemp)
    MPU6050_WriteReg                         0x080053c1   Thumb Code    42  mpu6050.o(i.MPU6050_WriteReg)
    MX_GPIO_Init                             0x0800547d   Thumb Code   204  main.o(i.MX_GPIO_Init)
    MX_RTC_Init                              0x0800559d   Thumb Code    36  rtc.o(i.MX_RTC_Init)
    MX_SPI1_Init                             0x080055c9   Thumb Code    60  spi.o(i.MX_SPI1_Init)
    MX_USART1_UART_Init                      0x0800560d   Thumb Code    62  uart.o(i.MX_USART1_UART_Init)
    MX_USART4_UART_Init                      0x08005665   Thumb Code    62  uart.o(i.MX_USART4_UART_Init)
    MessageSendFunction                      0x080056bd   Thumb Code   784  lora_tsk.o(i.MessageSendFunction)
    NMI_Handler                              0x080059e9   Thumb Code     2  stm32l0xx_it.o(i.NMI_Handler)
    PendSV_Handler                           0x08005a65   Thumb Code     2  stm32l0xx_it.o(i.PendSV_Handler)
    PowerUpZeroClab                          0x08005a69   Thumb Code   196  tilt_tsk.o(i.PowerUpZeroClab)
    RF_Frenq_Set                             0x08005b49   Thumb Code    32  sysmanage_tsk.o(i.RF_Frenq_Set)
    RTC_Bcd2ToByte                           0x08005b6d   Thumb Code    24  stm32l0xx_hal_rtc.o(i.RTC_Bcd2ToByte)
    RTC_ByteToBcd2                           0x08005b85   Thumb Code    28  stm32l0xx_hal_rtc.o(i.RTC_ByteToBcd2)
    RTC_EnterInitMode                        0x08005ba1   Thumb Code    64  stm32l0xx_hal_rtc.o(i.RTC_EnterInitMode)
    RTC_GetTime                              0x08005be1   Thumb Code    28  rtc.o(i.RTC_GetTime)
    RTC_IRQHandler                           0x08005c01   Thumb Code    10  stm32l0xx_it.o(i.RTC_IRQHandler)
    RTC_Init                                 0x08005c11   Thumb Code    64  rtc.o(i.RTC_Init)
    RTC_SetTime                              0x08005c5d   Thumb Code    28  rtc.o(i.RTC_SetTime)
    RecidatatoSet                            0x08005c7d   Thumb Code   222  uart.o(i.RecidatatoSet)
    RecidatatoSet2                           0x08005d81   Thumb Code   160  uart.o(i.RecidatatoSet2)
    SPI1_Init                                0x08005e45   Thumb Code     8  spi.o(i.SPI1_Init)
    SPI_ADXL355_M_READ                       0x08005e4d   Thumb Code   116  adxl355.o(i.SPI_ADXL355_M_READ)
    SPI_ADXL355_S_READ                       0x08005ec1   Thumb Code    16  adxl355.o(i.SPI_ADXL355_S_READ)
    SPI_SetSpeed                             0x08005fcd   Thumb Code    42  sx1278.o(i.SPI_SetSpeed)
    SUM_Check                                0x080060a9   Thumb Code    38  crc.o(i.SUM_Check)
    SVC_Handler                              0x080060cf   Thumb Code     2  stm32l0xx_it.o(i.SVC_Handler)
    SX1278_ConfigRxMode                      0x080060d1   Thumb Code    50  sx1278.o(i.SX1278_ConfigRxMode)
    SX1278_ConfigTxMode                      0x08006103   Thumb Code    52  sx1278.o(i.SX1278_ConfigTxMode)
    SX1278_GpioInit                          0x08006139   Thumb Code   196  sx1278.o(i.SX1278_GpioInit)
    SX1278_LoraInit                          0x08006209   Thumb Code    34  sx1278.o(i.SX1278_LoraInit)
    SX1278_ReadBuf                           0x08006231   Thumb Code    58  sx1278.o(i.SX1278_ReadBuf)
    SX1278_ReadReg                           0x08006275   Thumb Code    60  sx1278.o(i.SX1278_ReadReg)
    SX1278_ReceivePacket                     0x080062b9   Thumb Code   302  sx1278.o(i.SX1278_ReceivePacket)
    SX1278_RegInitConfig                     0x080063fd   Thumb Code    98  sx1278.o(i.SX1278_RegInitConfig)
    SX1278_SPI_Init                          0x08006465   Thumb Code    62  sx1278.o(i.SX1278_SPI_Init)
    SX1278_SendPacket                        0x080064ad   Thumb Code    78  sx1278.o(i.SX1278_SendPacket)
    SX1278_SetSleepMode                      0x08006501   Thumb Code    12  sx1278.o(i.SX1278_SetSleepMode)
    SX1278_WriteBuf                          0x0800650d   Thumb Code    66  sx1278.o(i.SX1278_WriteBuf)
    SX1278_WriteReg                          0x08006559   Thumb Code    64  sx1278.o(i.SX1278_WriteReg)
    SenddatatoSWJ                            0x080065a1   Thumb Code   304  uart.o(i.SenddatatoSWJ)
    Sensors_I2C_ReadRegister                 0x080066e9   Thumb Code    92  mpu6050.o(i.Sensors_I2C_ReadRegister)
    SimpleLeapWindow                         0x08006749   Thumb Code   258  mpu6050.o(i.SimpleLeapWindow)
    SysTick_Handler                          0x08006859   Thumb Code    98  stm32l0xx_it.o(i.SysTick_Handler)
    SystemClock_Config                       0x080068cd   Thumb Code   180  main.o(i.SystemClock_Config)
    SystemInit                               0x08006989   Thumb Code    88  system_stm32l0xx.o(i.SystemInit)
    TIM2_IRQHandler                          0x080069f1   Thumb Code    10  stm32l0xx_it.o(i.TIM2_IRQHandler)
    TIM3_IRQHandler                          0x08006a01   Thumb Code    10  stm32l0xx_it.o(i.TIM3_IRQHandler)
    Tilt_Angle_Calc                          0x08006a11   Thumb Code   346  inclinationcalc.o(i.Tilt_Angle_Calc)
    UART_AdvFeatureConfig                    0x08006b71   Thumb Code   240  stm32l0xx_hal_uart.o(i.UART_AdvFeatureConfig)
    UART_CheckIdleState                      0x08006c61   Thumb Code   106  stm32l0xx_hal_uart.o(i.UART_CheckIdleState)
    UART_Init                                0x08006dd9   Thumb Code    38  uart.o(i.UART_Init)
    UART_SetConfig                           0x08006eed   Thumb Code   970  stm32l0xx_hal_uart.o(i.UART_SetConfig)
    UART_WaitOnFlagUntilTimeout              0x080072ed   Thumb Code   108  stm32l0xx_hal_uart.o(i.UART_WaitOnFlagUntilTimeout)
    USART1_IRQHandler                        0x08007359   Thumb Code    10  uart.o(i.USART1_IRQHandler)
    USART4_5_IRQHandler                      0x08007369   Thumb Code    10  uart.o(i.USART4_5_IRQHandler)
    UartRx_Treat                             0x08007379   Thumb Code  1858  uart.o(i.UartRx_Treat)
    Uart_Send_Array                          0x08007ad1   Thumb Code    20  uart.o(i.Uart_Send_Array)
    VoltageDataADC_get                       0x08007ae9   Thumb Code   134  adc.o(i.VoltageDataADC_get)
    XL355_Accel_Read                         0x08007b99   Thumb Code   492  inclinationcalc.o(i.XL355_Accel_Read)
    XL355_Temp_Calc                          0x08007dbd   Thumb Code    84  inclinationcalc.o(i.XL355_Temp_Calc)
    __0printf                                0x08007e21   Thumb Code    24  printfa.o(i.__0printf)
    __1printf                                0x08007e21   Thumb Code     0  printfa.o(i.__0printf)
    __2printf                                0x08007e21   Thumb Code     0  printfa.o(i.__0printf)
    __c89printf                              0x08007e21   Thumb Code     0  printfa.o(i.__0printf)
    printf                                   0x08007e21   Thumb Code     0  printfa.o(i.__0printf)
    __ARM_clz                                0x08007e41   Thumb Code    46  depilogue.o(i.__ARM_clz)
    __ARM_common_ll_muluu                    0x08007e6f   Thumb Code    48  stm32l0xx_hal_uart.o(i.__ARM_common_ll_muluu)
    __ARM_common_switch8                     0x08007e9f   Thumb Code    28  lora_tsk.o(i.__ARM_common_switch8)
    __ARM_fpclassify                         0x08007ebd   Thumb Code    40  fpclassify.o(i.__ARM_fpclassify)
    __kernel_poly                            0x08007ee9   Thumb Code   172  poly.o(i.__kernel_poly)
    __mathlib_dbl_divzero                    0x08007f95   Thumb Code    16  dunder.o(i.__mathlib_dbl_divzero)
    __mathlib_dbl_infnan                     0x08007fa9   Thumb Code    10  dunder.o(i.__mathlib_dbl_infnan)
    __mathlib_dbl_infnan2                    0x08007fb3   Thumb Code     8  dunder.o(i.__mathlib_dbl_infnan2)
    __mathlib_dbl_invalid                    0x08007fbb   Thumb Code    16  dunder.o(i.__mathlib_dbl_invalid)
    __mathlib_dbl_overflow                   0x08007fcd   Thumb Code    16  dunder.o(i.__mathlib_dbl_overflow)
    __mathlib_dbl_underflow                  0x08007fe1   Thumb Code    14  dunder.o(i.__mathlib_dbl_underflow)
    __scatterload_copy                       0x08007ff5   Thumb Code    14  handlers.o(i.__scatterload_copy)
    __scatterload_null                       0x08008003   Thumb Code     2  handlers.o(i.__scatterload_null)
    __scatterload_zeroinit                   0x08008005   Thumb Code    14  handlers.o(i.__scatterload_zeroinit)
    __set_errno                              0x08008015   Thumb Code     6  errno.o(i.__set_errno)
    atan                                     0x080088cd   Thumb Code   472  atan.o(i.atan)
    atan2                                    0x08008ae9   Thumb Code   334  atan2.o(i.atan2)
    delay                                    0x08008c61   Thumb Code    28  main.o(i.delay)
    fputc                                    0x08008c81   Thumb Code    28  uart.o(i.fputc)
    main                                     0x08008ca1   Thumb Code   180  main.o(i.main)
    pow                                      0x08008d69   Thumb Code  2548  pow.o(i.pow)
    sEepromGPIOInit                          0x08009765   Thumb Code   198  ex_eeprom_driver.o(i.sEepromGPIOInit)
    sInclinationCalc_TSK                     0x0800983d   Thumb Code   132  inclinationcalc.o(i.sInclinationCalc_TSK)
    sqrt                                     0x080098d5   Thumb Code    66  sqrt.o(i.sqrt)
    AHBPrescTable                            0x0800991c   Data          16  system_stm32l0xx.o(.constdata)
    APBPrescTable                            0x0800992c   Data           8  system_stm32l0xx.o(.constdata)
    PLLMulTable                              0x08009934   Data           9  system_stm32l0xx.o(.constdata)
    Offset_X                                 0x08009940   Data         324  inclinationcalc.o(.constdata)
    Offset_Y                                 0x08009a84   Data         324  inclinationcalc.o(.constdata)
    Offset_Z                                 0x08009bc8   Data         324  inclinationcalc.o(.constdata)
    __mathlib_zero                           0x08009e30   Data           8  qnan.o(.constdata)
    Region$$Table$$Base                      0x08009e38   Number         0  anon$$obj.o(Region$$Table)
    Region$$Table$$Limit                     0x08009e58   Number         0  anon$$obj.o(Region$$Table)
    CRC16H                                   0x20000000   Data           1  tilt_tsk.o(.data)
    CRC16L                                   0x20000001   Data           1  tilt_tsk.o(.data)
    Sendcnt                                  0x20000002   Data           1  tilt_tsk.o(.data)
    ACnt                                     0x20000004   Data           2  tilt_tsk.o(.data)
    Aflag                                    0x20000006   Data           2  tilt_tsk.o(.data)
    f32datacn_Sx                             0x20000008   Data           4  tilt_tsk.o(.data)
    f32datacn_Hx                             0x2000000c   Data           4  tilt_tsk.o(.data)
    f32thresholdvalue_Sx1                    0x20000014   Data           4  lora_tsk.o(.data)
    f32thresholdvalue_Sx2                    0x20000018   Data           4  lora_tsk.o(.data)
    f32thresholdvalue_Hx1                    0x2000001c   Data           4  lora_tsk.o(.data)
    f32thresholdvalue_Hx2                    0x20000020   Data           4  lora_tsk.o(.data)
    g_u8HwVerison                            0x20000028   Data           1  main.o(.data)
    g_u8SwVerison                            0x20000029   Data           1  main.o(.data)
    SoftWare_Version                         0x2000002c   Data           4  main.o(.data)
    u32CurrentMinutes                        0x20000030   Data           4  main.o(.data)
    SunPower                                 0x20000034   Data           4  main.o(.data)
    EnterStopFlag                            0x20000038   Data           1  main.o(.data)
    RecvCount                                0x20000039   Data           1  main.o(.data)
    u8_ReciveFailCnt                         0x2000003a   Data           1  main.o(.data)
    u8_cmd_num                               0x2000003b   Data           1  main.o(.data)
    u8_Fault_Cnt_Sx1                         0x2000003c   Data           1  main.o(.data)
    u8_Fault_Cnt_Sx2                         0x2000003d   Data           1  main.o(.data)
    u8_Fault_Cnt_Hx1                         0x2000003e   Data           1  main.o(.data)
    u8_Fault_Cnt_Hx2                         0x2000003f   Data           1  main.o(.data)
    SendDataFlag                             0x20000040   Data           1  stm32l0xx_it.o(.data)
    cnt1                                     0x20000041   Data           1  stm32l0xx_it.o(.data)
    Send_4G                                  0x20000042   Data           1  stm32l0xx_it.o(.data)
    Incl_Data_Ready                          0x20000043   Data           1  stm32l0xx_it.o(.data)
    TIM3_Count                               0x20000044   Data           4  stm32l0xx_it.o(.data)
    Xdata_Struct                             0x20000048   Data           4  stm32l0xx_it.o(.data)
    Ydata_Struct                             0x2000004c   Data           4  stm32l0xx_it.o(.data)
    Zdata_Struct                             0x20000050   Data           4  stm32l0xx_it.o(.data)
    g_statecheck                             0x20000054   Data           8  sysmanage_tsk.o(.data)
    wSysState                                0x2000005c   Data           2  sysmanage_tsk.o(.data)
    RunLED                                   0x2000005e   Data           1  sysmanage_tsk.o(.data)
    LPWStatus                                0x2000005f   Data           1  sysmanage_tsk.o(.data)
    uwTick                                   0x20000064   Data           4  stm32l0xx_hal.o(.data)
    SystemCoreClock                          0x20000068   Data           4  system_stm32l0xx.o(.data)
    USART1_RX_STA                            0x2000006c   Data           2  uart.o(.data)
    LTEUartReceiveData                       0x2000006e   Data           1  uart.o(.data)
    LTEUartReceiveBuffIndex                  0x20000070   Data           4  uart.o(.data)
    LTEUartRx_OK_Flag                        0x20000074   Data           1  uart.o(.data)
    LTEUartRx_Data_Length                    0x20000078   Data           4  uart.o(.data)
    LTEUartRx_Time_Tick                      0x2000007c   Data           4  uart.o(.data)
    LTEUartTx_OK_Flag                        0x20000080   Data           1  uart.o(.data)
    UartReceiveBuffIndex                     0x20000081   Data           1  uart.o(.data)
    UartReceiveLTEBuffIndex                  0x20000082   Data           1  uart.o(.data)
    TimeTick                                 0x20000084   Data           4  uart.o(.data)
    sConfig                                  0x20000088   Data           8  adc.o(.data)
    Buff_ADC_CHANNEL_0                       0x20000090   Data           2  adc.o(.data)
    Buff_ADC_CHANNEL_VREFINT                 0x20000092   Data           2  adc.o(.data)
    voltage_data                             0x20000094   Data           4  adc.o(.data)
    LimitValue                               0x2000009c   Data           4  eeprom.o(.data)
    SensorID                                 0x200000a0   Data           1  eeprom.o(.data)
    GateWayID                                0x200000a1   Data           1  eeprom.o(.data)
    CalibrationTime                          0x200000a2   Data           3  eeprom.o(.data)
    HeartBeatTime                            0x200000a5   Data           3  eeprom.o(.data)
    LoraCommDelayTime                        0x200000a8   Data           4  eeprom.o(.data)
    LoraCommDelayTimeTick                    0x200000ac   Data           4  eeprom.o(.data)
    LoraCommWaitTime                         0x200000b0   Data           4  eeprom.o(.data)
    LoraCommWaitTimetick                     0x200000b4   Data           4  eeprom.o(.data)
    LoraCommCallBackWaitTime                 0x200000b8   Data           4  eeprom.o(.data)
    LoraCommCallBackTick                     0x200000bc   Data           4  eeprom.o(.data)
    sta1                                     0x200000c0   Data           1  sx1278.o(.data)
    WATCH1                                   0x200000c2   Data           2  sx1278.o(.data)
    WATCH2                                   0x200000c4   Data           2  sx1278.o(.data)
    RTC_Data                                 0x200000c6   Data           4  rtc.o(.data)
    XaOffset                                 0x200000cc   Data         320  mpu6050.o(.data)
    YaOffset                                 0x2000020c   Data         320  mpu6050.o(.data)
    ZaOffset                                 0x2000034c   Data         320  mpu6050.o(.data)
    WindowIndex                              0x2000048c   Data           1  mpu6050.o(.data)
    MpuTemp                                  0x20000490   Data           4  inclinationcalc.o(.data)
    dogtimes                                 0x20000494   Data           4  pwr_mode_rtc.o(.data)
    LowPowerTimes                            0x20000498   Data           4  pwr_mode_rtc.o(.data)
    bEepromWriteFlag                         0x200004a0   Data           1  ex_eeprom_app.o(.data)
    wEEpromChipStatus                        0x200004a2   Data           2  ex_eeprom_app.o(.data)
    wEEpromDataStatus                        0x200004a4   Data           2  ex_eeprom_app.o(.data)
    wEepromWriteStep                         0x200004a6   Data           2  ex_eeprom_app.o(.data)
    wpRamStartAddr                           0x200004a8   Data           4  ex_eeprom_app.o(.data)
    wpRamStopAddr                            0x200004ac   Data           4  ex_eeprom_app.o(.data)
    wpRamAddrTemp                            0x200004b0   Data           4  ex_eeprom_app.o(.data)
    wEepromAddr                              0x200004b4   Data           2  ex_eeprom_app.o(.data)
    wEepromWriteOK                           0x200004b6   Data           2  ex_eeprom_app.o(.data)
    wEepromWriteNumber                       0x200004b8   Data           2  ex_eeprom_app.o(.data)
    dwEepromWriteCheckSum                    0x200004bc   Data           4  ex_eeprom_app.o(.data)
    wFaultEEPCNT                             0x200004c0   Data           2  ex_eeprom_app.o(.data)
    wFaulFlag                                0x200004c2   Data           2  ex_eeprom_app.o(.data)
    __stdout                                 0x200004c4   Data           4  stdout.o(.data)
    ReceiveBuff                              0x200004cc   Data          20  lora_tsk.o(.bss)
    u8_ReceiveBuffer                         0x200004e0   Data         256  lora_tsk.o(.bss)
    stLoraRxData                             0x200005e0   Data         260  lora_tsk.o(.bss)
    g_u8_Instruct                            0x200006e4   Data          11  main.o(.bss)
    htim3                                    0x200006f0   Data          60  main.o(.bss)
    htim2                                    0x2000072c   Data          60  main.o(.bss)
    DATABUFF                                 0x20000768   Data          21  stm32l0xx_it.o(.bss)
    Task_Delay                               0x20000780   Data          40  stm32l0xx_it.o(.bss)
    g_SysData                                0x200007a8   Data          52  sysmanage_tsk.o(.bss)
    hiwdg                                    0x200007dc   Data          16  sysmanage_tsk.o(.bss)
    hi2c1                                    0x200007ec   Data          76  bsp_i2c.o(.bss)
    huart1                                   0x20000838   Data         128  uart.o(.bss)
    hdma_usart1_tx                           0x200008b8   Data          72  uart.o(.bss)
    hdma_usart1_rx                           0x20000900   Data          72  uart.o(.bss)
    LTEUartReceiveBuff                       0x20000948   Data         200  uart.o(.bss)
    USART1_Handler                           0x20000a10   Data         128  uart.o(.bss)
    USART4_Handler                           0x20000a90   Data         128  uart.o(.bss)
    UartReceiveBuff                          0x20000b10   Data          20  uart.o(.bss)
    UartLTEReceiveBuff                       0x20000b24   Data         100  uart.o(.bss)
    SendBuffTest                             0x20000b88   Data          10  uart.o(.bss)
    UartSendBuff                             0x20000b92   Data         100  uart.o(.bss)
    hadc                                     0x20000bf8   Data          92  adc.o(.bss)
    hspi1                                    0x20000c54   Data          88  spi.o(.bss)
    hspi2                                    0x20000cac   Data          88  spi.o(.bss)
    RFBuffer                                 0x20000d04   Data         128  sx1278.o(.bss)
    Hspi                                     0x20000d84   Data          88  sx1278.o(.bss)
    hrtc                                     0x20000ddc   Data          36  rtc.o(.bss)
    RTC_Time                                 0x20000e00   Data          20  rtc.o(.bss)
    databuffXa                               0x20000e14   Data          44  mpu6050.o(.bss)
    databuffYa                               0x20000e40   Data          44  mpu6050.o(.bss)
    databuffZa                               0x20000e6c   Data          44  mpu6050.o(.bss)
    sXD355_DATA                              0x20000e98   Data          56  adxl355.o(.bss)
    W_data                                   0x20000ed0   Data           9  adxl355.o(.bss)
    R_data                                   0x20000ed9   Data           9  adxl355.o(.bss)
    sIncl_Data                               0x20000ee4   Data         152  inclinationcalc.o(.bss)
    accel                                    0x20000f7c   Data          12  inclinationcalc.o(.bss)
    Angle                                    0x20000f88   Data          12  inclinationcalc.o(.bss)
    unEeprom                                 0x20000f94   Data         128  ex_eeprom_app.o(.bss)
    __initial_sp                             0x20001418   Data           0  startup_stm32l071xx.o(STACK)



==============================================================================

Memory Map of the image

  Image Entry point : 0x080000c1

  Load Region LR_IROM1 (Base: 0x08000000, Size: 0x0000a324, Max: 0x00020000, ABSOLUTE, COMPRESSED[0x0000a23c])

    Execution Region ER_IROM1 (Base: 0x08000000, Size: 0x00009e58, Max: 0x00020000, ABSOLUTE)

    Base Addr    Size         Type   Attr      Idx    E Section Name        Object

    0x08000000   0x000000c0   Data   RO            3    RESET               startup_stm32l071xx.o
    0x080000c0   0x00000000   Code   RO         6130  * .ARM.Collect$$$$00000000  mc_p.l(entry.o)
    0x080000c0   0x00000004   Code   RO         6477    .ARM.Collect$$$$00000001  mc_p.l(entry2.o)
    0x080000c4   0x00000004   Code   RO         6480    .ARM.Collect$$$$00000004  mc_p.l(entry5.o)
    0x080000c8   0x00000000   Code   RO         6482    .ARM.Collect$$$$00000008  mc_p.l(entry7b.o)
    0x080000c8   0x00000000   Code   RO         6484    .ARM.Collect$$$$0000000A  mc_p.l(entry8b.o)
    0x080000c8   0x00000008   Code   RO         6485    .ARM.Collect$$$$0000000B  mc_p.l(entry9a.o)
    0x080000d0   0x00000000   Code   RO         6487    .ARM.Collect$$$$0000000D  mc_p.l(entry10a.o)
    0x080000d0   0x00000000   Code   RO         6489    .ARM.Collect$$$$0000000F  mc_p.l(entry11a.o)
    0x080000d0   0x00000004   Code   RO         6478    .ARM.Collect$$$$00002712  mc_p.l(entry2.o)
    0x080000d4   0x0000001c   Code   RO            4    .text               startup_stm32l071xx.o
    0x080000f0   0x0000002c   Code   RO         6133    .text               mc_p.l(uidiv.o)
    0x0800011c   0x00000028   Code   RO         6135    .text               mc_p.l(idiv.o)
    0x08000144   0x00000060   Code   RO         6137    .text               mc_p.l(uldiv.o)
    0x080001a4   0x00000024   Code   RO         6141    .text               mc_p.l(memseta.o)
    0x080001c8   0x000000b2   Code   RO         6412    .text               mf_p.l(fadd.o)
    0x0800027a   0x0000007a   Code   RO         6414    .text               mf_p.l(fmul.o)
    0x080002f4   0x0000007c   Code   RO         6416    .text               mf_p.l(fdiv.o)
    0x08000370   0x00000164   Code   RO         6418    .text               mf_p.l(dadd.o)
    0x080004d4   0x000000d0   Code   RO         6420    .text               mf_p.l(dmul.o)
    0x080005a4   0x000000f0   Code   RO         6422    .text               mf_p.l(ddiv.o)
    0x08000694   0x00000016   Code   RO         6424    .text               mf_p.l(fflti.o)
    0x080006aa   0x0000000e   Code   RO         6426    .text               mf_p.l(ffltui.o)
    0x080006b8   0x00000028   Code   RO         6428    .text               mf_p.l(dflti.o)
    0x080006e0   0x00000028   Code   RO         6430    .text               mf_p.l(ffixui.o)
    0x08000708   0x0000003c   Code   RO         6434    .text               mf_p.l(dfixui.o)
    0x08000744   0x00000028   Code   RO         6436    .text               mf_p.l(f2d.o)
    0x0800076c   0x00000028   Code   RO         6438    .text               mf_p.l(cdcmple.o)
    0x08000794   0x00000028   Code   RO         6440    .text               mf_p.l(cdrcmple.o)
    0x080007bc   0x00000038   Code   RO         6442    .text               mf_p.l(d2f.o)
    0x080007f4   0x00000014   Code   RO         6444    .text               mf_p.l(cfcmple.o)
    0x08000808   0x00000014   Code   RO         6446    .text               mf_p.l(cfrcmple.o)
    0x0800081c   0x00000020   Code   RO         6492    .text               mc_p.l(llshl.o)
    0x0800083c   0x00000022   Code   RO         6494    .text               mc_p.l(llushr.o)
    0x0800085e   0x00000026   Code   RO         6496    .text               mc_p.l(llsshr.o)
    0x08000884   0x00000000   Code   RO         6507    .text               mc_p.l(iusefp.o)
    0x08000884   0x00000082   Code   RO         6508    .text               mf_p.l(fepilogue.o)
    0x08000906   0x000000be   Code   RO         6510    .text               mf_p.l(depilogue.o)
    0x080009c4   0x0000002c   Code   RO         6514    .text               mf_p.l(dscalb.o)
    0x080009f0   0x000000a2   Code   RO         6516    .text               mf_p.l(dsqrt.o)
    0x08000a92   0x00000002   PAD
    0x08000a94   0x00000040   Code   RO         6518    .text               mf_p.l(dfixul.o)
    0x08000ad4   0x00000024   Code   RO         6520    .text               mc_p.l(init.o)
    0x08000af8   0x0000003a   Code   RO         6562    .text               mc_p.l(__dczerorl.o)
    0x08000b32   0x00000002   PAD
    0x08000b34   0x00000068   Code   RO         4613    i.ADCDataGet        adc.o
    0x08000b9c   0x0000006c   Code   RO          741    i.ADC_ConversionStop  stm32l0xx_hal_adc.o
    0x08000c08   0x0000002c   Code   RO          745    i.ADC_DelayMicroSecond  stm32l0xx_hal_adc.o
    0x08000c34   0x0000009c   Code   RO          746    i.ADC_Disable       stm32l0xx_hal_adc.o
    0x08000cd0   0x000000a4   Code   RO          747    i.ADC_Enable        stm32l0xx_hal_adc.o
    0x08000d74   0x00000014   Code   RO         4614    i.ADC_Init          adc.o
    0x08000d88   0x00000020   Code   RO         5139    i.ADXL355_Acceleration_Data_Conversion  inclinationcalc.o
    0x08000da8   0x00000068   Code   RO         5053    i.ADXL355_GpioInit  adxl355.o
    0x08000e10   0x00000054   Code   RO         5055    i.ADXL355_ReadBuff  adxl355.o
    0x08000e64   0x00000054   Code   RO         5057    i.ADXL355_ReadReg   adxl355.o
    0x08000eb8   0x0000000c   Code   RO         5058    i.ADXL355_SPI_Init  adxl355.o
    0x08000ec4   0x00000050   Code   RO         4928    i.Cal_CRC16         crc.o
    0x08000f14   0x00000018   Code   RO          499    i.DMA1_Channel2_3_IRQHandler  stm32l0xx_it.o
    0x08000f2c   0x0000002e   Code   RO         3657    i.DMA_SetConfig     stm32l0xx_hal_dma.o
    0x08000f5a   0x00000002   PAD
    0x08000f5c   0x00000014   Code   RO           15    i.DataCommunication_TSK  tilt_tsk.o
    0x08000f70   0x0000013c   Code   RO          399    i.DataInit          main.o
    0x080010ac   0x000002cc   Code   RO           16    i.DataSamplesTask   tilt_tsk.o
    0x08001378   0x0000000a   Code   RO          500    i.EXTI0_1_IRQHandler  stm32l0xx_it.o
    0x08001382   0x00000002   PAD
    0x08001384   0x00000020   Code   RO          501    i.EXTI2_3_IRQHandler  stm32l0xx_it.o
    0x080013a4   0x0000000c   Code   RO          502    i.EXTI4_15_IRQHandler  stm32l0xx_it.o
    0x080013b0   0x00000002   Code   RO          400    i.Error_Handler     main.o
    0x080013b2   0x00000002   PAD
    0x080013b4   0x00000058   Code   RO         5198    i.Get_WakeUp        pwr_mode_rtc.o
    0x0800140c   0x000000dc   Code   RO          924    i.HAL_ADCEx_Calibration_Start  stm32l0xx_hal_adc_ex.o
    0x080014e8   0x00000108   Code   RO          749    i.HAL_ADC_ConfigChannel  stm32l0xx_hal_adc.o
    0x080015f0   0x00000006   Code   RO          755    i.HAL_ADC_GetState  stm32l0xx_hal_adc.o
    0x080015f6   0x00000008   Code   RO          756    i.HAL_ADC_GetValue  stm32l0xx_hal_adc.o
    0x080015fe   0x00000002   PAD
    0x08001600   0x0000023c   Code   RO          758    i.HAL_ADC_Init      stm32l0xx_hal_adc.o
    0x0800183c   0x00000060   Code   RO          616    i.HAL_ADC_MspInit   stm32l0xx_hal_msp.o
    0x0800189c   0x000000ea   Code   RO          762    i.HAL_ADC_PollForConversion  stm32l0xx_hal_adc.o
    0x08001986   0x00000002   PAD
    0x08001988   0x00000078   Code   RO          764    i.HAL_ADC_Start     stm32l0xx_hal_adc.o
    0x08001a00   0x00000050   Code   RO          767    i.HAL_ADC_Stop      stm32l0xx_hal_adc.o
    0x08001a50   0x0000005c   Code   RO         3659    i.HAL_DMA_Abort_IT  stm32l0xx_hal_dma.o
    0x08001aac   0x00000108   Code   RO         3663    i.HAL_DMA_IRQHandler  stm32l0xx_hal_dma.o
    0x08001bb4   0x000000a8   Code   RO         3664    i.HAL_DMA_Init      stm32l0xx_hal_dma.o
    0x08001c5c   0x0000009a   Code   RO         3668    i.HAL_DMA_Start_IT  stm32l0xx_hal_dma.o
    0x08001cf6   0x00000022   Code   RO         2939    i.HAL_Delay         stm32l0xx_hal.o
    0x08001d18   0x00000098   Code   RO          503    i.HAL_GPIO_EXTI_Callback  stm32l0xx_it.o
    0x08001db0   0x00000020   Code   RO         3597    i.HAL_GPIO_EXTI_IRQHandler  stm32l0xx_hal_gpio.o
    0x08001dd0   0x000001f8   Code   RO         3598    i.HAL_GPIO_Init     stm32l0xx_hal_gpio.o
    0x08001fc8   0x00000012   Code   RO         3600    i.HAL_GPIO_ReadPin  stm32l0xx_hal_gpio.o
    0x08001fda   0x00000008   Code   RO         3601    i.HAL_GPIO_TogglePin  stm32l0xx_hal_gpio.o
    0x08001fe2   0x0000000c   Code   RO         3602    i.HAL_GPIO_WritePin  stm32l0xx_hal_gpio.o
    0x08001fee   0x00000002   PAD
    0x08001ff0   0x0000000c   Code   RO         2943    i.HAL_GetTick       stm32l0xx_hal.o
    0x08001ffc   0x0000006e   Code   RO         1431    i.HAL_I2CEx_ConfigAnalogFilter  stm32l0xx_hal_i2c_ex.o
    0x0800206a   0x00000070   Code   RO         1432    i.HAL_I2CEx_ConfigDigitalFilter  stm32l0xx_hal_i2c_ex.o
    0x080020da   0x00000002   PAD
    0x080020dc   0x000000d4   Code   RO          989    i.HAL_I2C_Init      stm32l0xx_hal_i2c.o
    0x080021b0   0x000001ac   Code   RO         1007    i.HAL_I2C_Mem_Read  stm32l0xx_hal_i2c.o
    0x0800235c   0x000001a4   Code   RO         1010    i.HAL_I2C_Mem_Write  stm32l0xx_hal_i2c.o
    0x08002500   0x00000070   Code   RO          618    i.HAL_I2C_MspInit   stm32l0xx_hal_msp.o
    0x08002570   0x00000010   Code   RO         2947    i.HAL_IncTick       stm32l0xx_hal.o
    0x08002580   0x0000002c   Code   RO         2948    i.HAL_Init          stm32l0xx_hal.o
    0x080025ac   0x00000034   Code   RO         2949    i.HAL_InitTick      stm32l0xx_hal.o
    0x080025e0   0x00000020   Code   RO          619    i.HAL_MspInit       stm32l0xx_hal_msp.o
    0x08002600   0x00000018   Code   RO         3924    i.HAL_NVIC_DisableIRQ  stm32l0xx_hal_cortex.o
    0x08002618   0x00000018   Code   RO         3925    i.HAL_NVIC_EnableIRQ  stm32l0xx_hal_cortex.o
    0x08002630   0x00000012   Code   RO         3929    i.HAL_NVIC_SetPriority  stm32l0xx_hal_cortex.o
    0x08002642   0x00000002   PAD
    0x08002644   0x00000010   Code   RO         3754    i.HAL_PWR_DisableWakeUpPin  stm32l0xx_hal_pwr.o
    0x08002654   0x0000024c   Code   RO         3217    i.HAL_RCCEx_PeriphCLKConfig  stm32l0xx_hal_rcc_ex.o
    0x080028a0   0x00000208   Code   RO         3119    i.HAL_RCC_ClockConfig  stm32l0xx_hal_rcc.o
    0x08002aa8   0x0000000c   Code   RO         3123    i.HAL_RCC_GetHCLKFreq  stm32l0xx_hal_rcc.o
    0x08002ab4   0x00000024   Code   RO         3125    i.HAL_RCC_GetPCLK1Freq  stm32l0xx_hal_rcc.o
    0x08002ad8   0x00000024   Code   RO         3126    i.HAL_RCC_GetPCLK2Freq  stm32l0xx_hal_rcc.o
    0x08002afc   0x000000d0   Code   RO         3127    i.HAL_RCC_GetSysClockFreq  stm32l0xx_hal_rcc.o
    0x08002bcc   0x00000640   Code   RO         3130    i.HAL_RCC_OscConfig  stm32l0xx_hal_rcc.o
    0x0800320c   0x000000ac   Code   RO         4173    i.HAL_RTCEx_DeactivateWakeUpTimer  stm32l0xx_hal_rtc_ex.o
    0x080032b8   0x00000020   Code   RO          504    i.HAL_RTCEx_WakeUpTimerEventCallback  stm32l0xx_it.o
    0x080032d8   0x00000044   Code   RO         4200    i.HAL_RTCEx_WakeUpTimerIRQHandler  stm32l0xx_hal_rtc_ex.o
    0x0800331c   0x0000005c   Code   RO         4037    i.HAL_RTC_GetDate   stm32l0xx_hal_rtc.o
    0x08003378   0x0000006c   Code   RO         4039    i.HAL_RTC_GetTime   stm32l0xx_hal_rtc.o
    0x080033e4   0x000000fc   Code   RO         4040    i.HAL_RTC_Init      stm32l0xx_hal_rtc.o
    0x080034e0   0x00000034   Code   RO          621    i.HAL_RTC_MspInit   stm32l0xx_hal_msp.o
    0x08003514   0x00000120   Code   RO         4046    i.HAL_RTC_SetDate   stm32l0xx_hal_rtc.o
    0x08003634   0x0000014c   Code   RO         4047    i.HAL_RTC_SetTime   stm32l0xx_hal_rtc.o
    0x08003780   0x0000003a   Code   RO         4048    i.HAL_RTC_WaitForSynchro  stm32l0xx_hal_rtc.o
    0x080037ba   0x00000092   Code   RO         1492    i.HAL_SPI_Init      stm32l0xx_hal_spi.o
    0x0800384c   0x000000c0   Code   RO          623    i.HAL_SPI_MspInit   stm32l0xx_hal_msp.o
    0x0800390c   0x0000018c   Code   RO         1495    i.HAL_SPI_Receive   stm32l0xx_hal_spi.o
    0x08003a98   0x000001c8   Code   RO         1500    i.HAL_SPI_Transmit  stm32l0xx_hal_spi.o
    0x08003c60   0x00000258   Code   RO         1501    i.HAL_SPI_TransmitReceive  stm32l0xx_hal_spi.o
    0x08003eb8   0x00000038   Code   RO         3933    i.HAL_SYSTICK_Config  stm32l0xx_hal_cortex.o
    0x08003ef0   0x0000002a   Code   RO         1806    i.HAL_TIM_Base_Start_IT  stm32l0xx_hal_tim.o
    0x08003f1a   0x00000002   PAD
    0x08003f1c   0x00000034   Code   RO         1809    i.HAL_TIM_Base_Stop_IT  stm32l0xx_hal_tim.o
    0x08003f50   0x00000002   Code   RO         1830    i.HAL_TIM_IC_CaptureCallback  stm32l0xx_hal_tim.o
    0x08003f52   0x0000017c   Code   RO         1844    i.HAL_TIM_IRQHandler  stm32l0xx_hal_tim.o
    0x080040ce   0x00000002   Code   RO         1847    i.HAL_TIM_OC_DelayElapsedCallback  stm32l0xx_hal_tim.o
    0x080040d0   0x00000002   Code   RO         1874    i.HAL_TIM_PWM_PulseFinishedCallback  stm32l0xx_hal_tim.o
    0x080040d2   0x00000002   PAD
    0x080040d4   0x00000048   Code   RO          505    i.HAL_TIM_PeriodElapsedCallback  stm32l0xx_it.o
    0x0800411c   0x00000002   Code   RO         1887    i.HAL_TIM_TriggerCallback  stm32l0xx_hal_tim.o
    0x0800411e   0x00000002   Code   RO         2870    i.HAL_UARTEx_WakeupCallback  stm32l0xx_hal_uart_ex.o
    0x08004120   0x00000002   Code   RO         2526    i.HAL_UART_ErrorCallback  stm32l0xx_hal_uart.o
    0x08004122   0x00000002   PAD
    0x08004124   0x000001cc   Code   RO         2529    i.HAL_UART_IRQHandler  stm32l0xx_hal_uart.o
    0x080042f0   0x0000007e   Code   RO         2530    i.HAL_UART_Init     stm32l0xx_hal_uart.o
    0x0800436e   0x00000002   PAD
    0x08004370   0x00000164   Code   RO         4483    i.HAL_UART_MspInit  uart.o
    0x080044d4   0x00000118   Code   RO         2535    i.HAL_UART_Receive_IT  stm32l0xx_hal_uart.o
    0x080045ec   0x000000c0   Code   RO         4484    i.HAL_UART_RxCpltCallback  uart.o
    0x080046ac   0x00000100   Code   RO         2538    i.HAL_UART_Transmit  stm32l0xx_hal_uart.o
    0x080047ac   0x000000d8   Code   RO         2539    i.HAL_UART_Transmit_DMA  stm32l0xx_hal_uart.o
    0x08004884   0x00000002   Code   RO         2541    i.HAL_UART_TxCpltCallback  stm32l0xx_hal_uart.o
    0x08004886   0x00000002   Code   RO         2542    i.HAL_UART_TxHalfCpltCallback  stm32l0xx_hal_uart.o
    0x08004888   0x00000004   Code   RO          506    i.HardFault_Handler  stm32l0xx_it.o
    0x0800488c   0x00000008   Code   RO         4449    i.I2C_Bus_Init      bsp_i2c.o
    0x08004894   0x00000032   Code   RO         1036    i.I2C_Flush_TXDR    stm32l0xx_hal_i2c.o
    0x080048c6   0x00000002   PAD
    0x080048c8   0x000000a0   Code   RO         1044    i.I2C_IsAcknowledgeFailed  stm32l0xx_hal_i2c.o
    0x08004968   0x00000080   Code   RO         1047    i.I2C_RequestMemoryRead  stm32l0xx_hal_i2c.o
    0x080049e8   0x00000080   Code   RO         1048    i.I2C_RequestMemoryWrite  stm32l0xx_hal_i2c.o
    0x08004a68   0x00000038   Code   RO         1051    i.I2C_TransferConfig  stm32l0xx_hal_i2c.o
    0x08004aa0   0x00000058   Code   RO         1052    i.I2C_WaitOnFlagUntilTimeout  stm32l0xx_hal_i2c.o
    0x08004af8   0x0000005a   Code   RO         1054    i.I2C_WaitOnSTOPFlagUntilTimeout  stm32l0xx_hal_i2c.o
    0x08004b52   0x00000060   Code   RO         1055    i.I2C_WaitOnTXISFlagUntilTimeout  stm32l0xx_hal_i2c.o
    0x08004bb2   0x00000002   PAD
    0x08004bb4   0x000004d0   Code   RO          287    i.LoraMessageSend_Treat  lora_tsk.o
    0x08005084   0x00000058   Code   RO         5199    i.LowPower_WakeUp   pwr_mode_rtc.o
    0x080050dc   0x00000020   Code   RO         4956    i.MPU6050DataGet    mpu6050.o
    0x080050fc   0x00000200   Code   RO         4958    i.MPU6050ReadAcc    mpu6050.o
    0x080052fc   0x00000070   Code   RO         4961    i.MPU6050_Init      mpu6050.o
    0x0800536c   0x00000054   Code   RO         4962    i.MPU6050_ReturnTemp  mpu6050.o
    0x080053c0   0x00000030   Code   RO         4963    i.MPU6050_WriteReg  mpu6050.o
    0x080053f0   0x0000008c   Code   RO         4615    i.MX_ADC_Init       adc.o
    0x0800547c   0x000000d8   Code   RO          402    i.MX_GPIO_Init      main.o
    0x08005554   0x00000048   Code   RO         4450    i.MX_I2C1_Init      bsp_i2c.o
    0x0800559c   0x0000002c   Code   RO         4872    i.MX_RTC_Init       rtc.o
    0x080055c8   0x00000044   Code   RO         4714    i.MX_SPI1_Init      spi.o
    0x0800560c   0x00000058   Code   RO         4485    i.MX_USART1_UART_Init  uart.o
    0x08005664   0x00000058   Code   RO         4486    i.MX_USART4_UART_Init  uart.o
    0x080056bc   0x0000032c   Code   RO          289    i.MessageSendFunction  lora_tsk.o
    0x080059e8   0x00000002   Code   RO          507    i.NMI_Handler       stm32l0xx_it.o
    0x080059ea   0x00000002   PAD
    0x080059ec   0x00000078   Code   RO         3935    i.NVIC_SetPriority  stm32l0xx_hal_cortex.o
    0x08005a64   0x00000002   Code   RO          508    i.PendSV_Handler    stm32l0xx_it.o
    0x08005a66   0x00000002   PAD
    0x08005a68   0x000000e0   Code   RO           17    i.PowerUpZeroClab   tilt_tsk.o
    0x08005b48   0x00000024   Code   RO          697    i.RF_Frenq_Set      sysmanage_tsk.o
    0x08005b6c   0x00000018   Code   RO         4049    i.RTC_Bcd2ToByte    stm32l0xx_hal_rtc.o
    0x08005b84   0x0000001c   Code   RO         4050    i.RTC_ByteToBcd2    stm32l0xx_hal_rtc.o
    0x08005ba0   0x00000040   Code   RO         4051    i.RTC_EnterInitMode  stm32l0xx_hal_rtc.o
    0x08005be0   0x00000020   Code   RO         4873    i.RTC_GetTime       rtc.o
    0x08005c00   0x00000010   Code   RO          509    i.RTC_IRQHandler    stm32l0xx_it.o
    0x08005c10   0x0000004c   Code   RO         4874    i.RTC_Init          rtc.o
    0x08005c5c   0x00000020   Code   RO         4875    i.RTC_SetTime       rtc.o
    0x08005c7c   0x00000104   Code   RO         4487    i.RecidatatoSet     uart.o
    0x08005d80   0x000000c4   Code   RO         4488    i.RecidatatoSet2    uart.o
    0x08005e44   0x00000008   Code   RO         4716    i.SPI1_Init         spi.o
    0x08005e4c   0x00000074   Code   RO         5060    i.SPI_ADXL355_M_READ  adxl355.o
    0x08005ec0   0x00000010   Code   RO         5061    i.SPI_ADXL355_S_READ  adxl355.o
    0x08005ed0   0x000000a2   Code   RO         1529    i.SPI_EndRxTransaction  stm32l0xx_hal_spi.o
    0x08005f72   0x0000005a   Code   RO         1530    i.SPI_EndRxTxTransaction  stm32l0xx_hal_spi.o
    0x08005fcc   0x00000034   Code   RO         4758    i.SPI_SetSpeed      sx1278.o
    0x08006000   0x000000a8   Code   RO         1535    i.SPI_WaitFlagStateUntilTimeout  stm32l0xx_hal_spi.o
    0x080060a8   0x00000026   Code   RO         4929    i.SUM_Check         crc.o
    0x080060ce   0x00000002   Code   RO          510    i.SVC_Handler       stm32l0xx_it.o
    0x080060d0   0x00000032   Code   RO         4759    i.SX1278_ConfigRxMode  sx1278.o
    0x08006102   0x00000034   Code   RO         4760    i.SX1278_ConfigTxMode  sx1278.o
    0x08006136   0x00000002   PAD
    0x08006138   0x000000d0   Code   RO         4761    i.SX1278_GpioInit   sx1278.o
    0x08006208   0x00000028   Code   RO         4763    i.SX1278_LoraInit   sx1278.o
    0x08006230   0x00000044   Code   RO         4764    i.SX1278_ReadBuf    sx1278.o
    0x08006274   0x00000044   Code   RO         4765    i.SX1278_ReadReg    sx1278.o
    0x080062b8   0x00000144   Code   RO         4766    i.SX1278_ReceivePacket  sx1278.o
    0x080063fc   0x00000068   Code   RO         4768    i.SX1278_RegInitConfig  sx1278.o
    0x08006464   0x00000048   Code   RO         4769    i.SX1278_SPI_Init   sx1278.o
    0x080064ac   0x00000054   Code   RO         4770    i.SX1278_SendPacket  sx1278.o
    0x08006500   0x0000000c   Code   RO         4771    i.SX1278_SetSleepMode  sx1278.o
    0x0800650c   0x0000004c   Code   RO         4772    i.SX1278_WriteBuf   sx1278.o
    0x08006558   0x00000048   Code   RO         4773    i.SX1278_WriteReg   sx1278.o
    0x080065a0   0x00000148   Code   RO         4489    i.SenddatatoSWJ     uart.o
    0x080066e8   0x00000060   Code   RO         4964    i.Sensors_I2C_ReadRegister  mpu6050.o
    0x08006748   0x00000110   Code   RO         4966    i.SimpleLeapWindow  mpu6050.o
    0x08006858   0x00000074   Code   RO          511    i.SysTick_Handler   stm32l0xx_it.o
    0x080068cc   0x000000bc   Code   RO          407    i.SystemClock_Config  main.o
    0x08006988   0x00000068   Code   RO         4417    i.SystemInit        system_stm32l0xx.o
    0x080069f0   0x00000010   Code   RO          512    i.TIM2_IRQHandler   stm32l0xx_it.o
    0x08006a00   0x00000010   Code   RO          513    i.TIM3_IRQHandler   stm32l0xx_it.o
    0x08006a10   0x00000160   Code   RO         5141    i.Tilt_Angle_Calc   inclinationcalc.o
    0x08006b70   0x000000f0   Code   RO         2543    i.UART_AdvFeatureConfig  stm32l0xx_hal_uart.o
    0x08006c60   0x00000070   Code   RO         2544    i.UART_CheckIdleState  stm32l0xx_hal_uart.o
    0x08006cd0   0x00000018   Code   RO         2545    i.UART_DMAAbortOnError  stm32l0xx_hal_uart.o
    0x08006ce8   0x00000052   Code   RO         2546    i.UART_DMAError     stm32l0xx_hal_uart.o
    0x08006d3a   0x0000003a   Code   RO         2551    i.UART_DMATransmitCplt  stm32l0xx_hal_uart.o
    0x08006d74   0x0000000e   Code   RO         2553    i.UART_DMATxHalfCplt  stm32l0xx_hal_uart.o
    0x08006d82   0x00000024   Code   RO         2555    i.UART_EndRxTransfer  stm32l0xx_hal_uart.o
    0x08006da6   0x00000020   Code   RO         2556    i.UART_EndTransmit_IT  stm32l0xx_hal_uart.o
    0x08006dc6   0x00000012   Code   RO         2557    i.UART_EndTxTransfer  stm32l0xx_hal_uart.o
    0x08006dd8   0x0000003c   Code   RO         4490    i.UART_Init         uart.o
    0x08006e14   0x0000006c   Code   RO         2558    i.UART_RxISR_16BIT  stm32l0xx_hal_uart.o
    0x08006e80   0x0000006c   Code   RO         2559    i.UART_RxISR_8BIT   stm32l0xx_hal_uart.o
    0x08006eec   0x00000400   Code   RO         2560    i.UART_SetConfig    stm32l0xx_hal_uart.o
    0x080072ec   0x0000006c   Code   RO         2563    i.UART_WaitOnFlagUntilTimeout  stm32l0xx_hal_uart.o
    0x08007358   0x00000010   Code   RO         4491    i.USART1_IRQHandler  uart.o
    0x08007368   0x00000010   Code   RO         4492    i.USART4_5_IRQHandler  uart.o
    0x08007378   0x00000758   Code   RO         4493    i.UartRx_Treat      uart.o
    0x08007ad0   0x00000018   Code   RO         4494    i.Uart_Send_Array   uart.o
    0x08007ae8   0x000000b0   Code   RO         4616    i.VoltageDataADC_get  adc.o
    0x08007b98   0x00000224   Code   RO         5142    i.XL355_Accel_Read  inclinationcalc.o
    0x08007dbc   0x00000064   Code   RO         5143    i.XL355_Temp_Calc   inclinationcalc.o
    0x08007e20   0x00000020   Code   RO         6382    i.__0printf         mc_p.l(printfa.o)
    0x08007e40   0x0000002e   Code   RO         6512    i.__ARM_clz         mf_p.l(depilogue.o)
    0x08007e6e   0x00000030   Code   RO         2856    i.__ARM_common_ll_muluu  stm32l0xx_hal_uart.o
    0x08007e9e   0x0000001c   Code   RO          383    i.__ARM_common_switch8  lora_tsk.o
    0x08007eba   0x00000002   PAD
    0x08007ebc   0x0000002c   Code   RO         6472    i.__ARM_fpclassify  m_ps.l(fpclassify.o)
    0x08007ee8   0x000000ac   Code   RO         6474    i.__kernel_poly     m_ps.l(poly.o)
    0x08007f94   0x00000014   Code   RO         6458    i.__mathlib_dbl_divzero  m_ps.l(dunder.o)
    0x08007fa8   0x0000000a   Code   RO         6459    i.__mathlib_dbl_infnan  m_ps.l(dunder.o)
    0x08007fb2   0x00000008   Code   RO         6460    i.__mathlib_dbl_infnan2  m_ps.l(dunder.o)
    0x08007fba   0x00000010   Code   RO         6461    i.__mathlib_dbl_invalid  m_ps.l(dunder.o)
    0x08007fca   0x00000002   PAD
    0x08007fcc   0x00000014   Code   RO         6462    i.__mathlib_dbl_overflow  m_ps.l(dunder.o)
    0x08007fe0   0x00000014   Code   RO         6464    i.__mathlib_dbl_underflow  m_ps.l(dunder.o)
    0x08007ff4   0x0000000e   Code   RO         6556    i.__scatterload_copy  mc_p.l(handlers.o)
    0x08008002   0x00000002   Code   RO         6557    i.__scatterload_null  mc_p.l(handlers.o)
    0x08008004   0x0000000e   Code   RO         6558    i.__scatterload_zeroinit  mc_p.l(handlers.o)
    0x08008012   0x00000002   PAD
    0x08008014   0x0000000c   Code   RO         6500    i.__set_errno       mc_p.l(errno.o)
    0x08008020   0x00000174   Code   RO         6389    i._fp_digits        mc_p.l(printfa.o)
    0x08008194   0x000006ec   Code   RO         6390    i._printf_core      mc_p.l(printfa.o)
    0x08008880   0x00000020   Code   RO         6391    i._printf_post_padding  mc_p.l(printfa.o)
    0x080088a0   0x0000002c   Code   RO         6392    i._printf_pre_padding  mc_p.l(printfa.o)
    0x080088cc   0x0000021c   Code   RO         6449    i.atan              m_ps.l(atan.o)
    0x08008ae8   0x00000178   Code   RO         6105    i.atan2             m_ps.l(atan2.o)
    0x08008c60   0x00000020   Code   RO          408    i.delay             main.o
    0x08008c80   0x00000020   Code   RO         4497    i.fputc             uart.o
    0x08008ca0   0x000000c8   Code   RO          409    i.main              main.o
    0x08008d68   0x000009fc   Code   RO         6113    i.pow               m_ps.l(pow.o)
    0x08009764   0x000000d8   Code   RO         5332    i.sEepromGPIOInit   ex_eeprom_driver.o
    0x0800983c   0x00000098   Code   RO         5144    i.sInclinationCalc_TSK  inclinationcalc.o
    0x080098d4   0x00000048   Code   RO         6123    i.sqrt              m_ps.l(sqrt.o)
    0x0800991c   0x00000021   Data   RO         4418    .constdata          system_stm32l0xx.o
    0x0800993d   0x00000003   PAD
    0x08009940   0x000003cc   Data   RO         5146    .constdata          inclinationcalc.o
    0x08009d0c   0x00000004   PAD
    0x08009d10   0x00000088   Data   RO         6114    .constdata          m_ps.l(pow.o)
    0x08009d98   0x00000098   Data   RO         6450    .constdata          m_ps.l(atan.o)
    0x08009e30   0x00000008   Data   RO         6476    .constdata          m_ps.l(qnan.o)
    0x08009e38   0x00000020   Data   RO         6554    Region$$Table       anon$$obj.o


    Execution Region RW_IRAM1 (Base: 0x20000000, Size: 0x00001418, Max: 0x00005000, ABSOLUTE, COMPRESSED[0x000003e4])

    Base Addr    Size         Type   Attr      Idx    E Section Name        Object

    0x20000000   0x00000013   Data   RW           18    .data               tilt_tsk.o
    0x20000013   0x00000001   PAD
    0x20000014   0x00000014   Data   RW          301    .data               lora_tsk.o
    0x20000028   0x00000018   Data   RW          411    .data               main.o
    0x20000040   0x00000014   Data   RW          515    .data               stm32l0xx_it.o
    0x20000054   0x0000000d   Data   RW          700    .data               sysmanage_tsk.o
    0x20000061   0x00000003   PAD
    0x20000064   0x00000004   Data   RW         2958    .data               stm32l0xx_hal.o
    0x20000068   0x00000004   Data   RW         4419    .data               system_stm32l0xx.o
    0x2000006c   0x0000001c   Data   RW         4499    .data               uart.o
    0x20000088   0x00000014   Data   RW         4618    .data               adc.o
    0x2000009c   0x00000024   Data   RW         4664    .data               eeprom.o
    0x200000c0   0x00000006   Data   RW         4775    .data               sx1278.o
    0x200000c6   0x00000004   Data   RW         4879    .data               rtc.o
    0x200000ca   0x00000002   PAD
    0x200000cc   0x000003c1   Data   RW         4970    .data               mpu6050.o
    0x2000048d   0x00000003   PAD
    0x20000490   0x00000004   Data   RW         5147    .data               inclinationcalc.o
    0x20000494   0x0000000a   Data   RW         5206    .data               pwr_mode_rtc.o
    0x2000049e   0x00000002   PAD
    0x200004a0   0x00000024   Data   RW         5274    .data               ex_eeprom_app.o
    0x200004c4   0x00000004   Data   RW         6491    .data               mc_p.l(stdout.o)
    0x200004c8   0x00000004   Data   RW         6501    .data               mc_p.l(errno.o)
    0x200004cc   0x00000218   Zero   RW          300    .bss                lora_tsk.o
    0x200006e4   0x00000084   Zero   RW          410    .bss                main.o
    0x20000768   0x00000040   Zero   RW          514    .bss                stm32l0xx_it.o
    0x200007a8   0x00000044   Zero   RW          699    .bss                sysmanage_tsk.o
    0x200007ec   0x0000004c   Zero   RW         4451    .bss                bsp_i2c.o
    0x20000838   0x000003be   Zero   RW         4498    .bss                uart.o
    0x20000bf6   0x00000002   PAD
    0x20000bf8   0x0000005c   Zero   RW         4617    .bss                adc.o
    0x20000c54   0x000000b0   Zero   RW         4718    .bss                spi.o
    0x20000d04   0x000000d8   Zero   RW         4774    .bss                sx1278.o
    0x20000ddc   0x00000038   Zero   RW         4878    .bss                rtc.o
    0x20000e14   0x00000084   Zero   RW         4969    .bss                mpu6050.o
    0x20000e98   0x0000004a   Zero   RW         5063    .bss                adxl355.o
    0x20000ee2   0x00000002   PAD
    0x20000ee4   0x000000b0   Zero   RW         5145    .bss                inclinationcalc.o
    0x20000f94   0x00000080   Zero   RW         5273    .bss                ex_eeprom_app.o
    0x20001014   0x00000004   PAD
    0x20001018   0x00000400   Zero   RW            1    STACK               startup_stm32l071xx.o


==============================================================================

Image component sizes


      Code (inc. data)   RO Data    RW Data    ZI Data      Debug   Object Name

       440         78          0         20         92       2501   adc.o
       416         14          0          0         74       7157   adxl355.o
        80         12          0          0         76       1159   bsp_i2c.o
       118         10          0          0          0       1768   crc.o
         0          0          0         36          0       1242   eeprom.o
         0          0          0         36        128       2663   ex_eeprom_app.o
       216         18          0          0          0       1126   ex_eeprom_driver.o
      1184        102        972          4        176       5813   inclinationcalc.o
      2072        128          0         20        536       4966   lora_tsk.o
       954         88          0         24        132       7544   main.o
      1156        122          0        961        132       6113   mpu6050.o
       176         16          0         10          0       2116   pwr_mode_rtc.o
       184         28          0          4         56       2646   rtc.o
        76          8          0          0        176       1181   spi.o
        28          8        192          0       1024        632   startup_stm32l071xx.o
       158         22          0          4          0       3875   stm32l0xx_hal.o
      1756         48          0          0          0       8516   stm32l0xx_hal_adc.o
       220          0          0          0          0       1526   stm32l0xx_hal_adc_ex.o
       242         32          0          0          0      11455   stm32l0xx_hal_cortex.o
       724         10          0          0          0       4190   stm32l0xx_hal_dma.o
       574         38          0          0          0       4211   stm32l0xx_hal_gpio.o
      1856         38          0          0          0      11370   stm32l0xx_hal_i2c.o
       222          0          0          0          0       1947   stm32l0xx_hal_i2c_ex.o
       484         52          0          0          0       3362   stm32l0xx_hal_msp.o
        16          4          0          0          0        567   stm32l0xx_hal_pwr.o
      2412         98          0          0          0       6264   stm32l0xx_hal_rcc.o
       588         12          0          0          0       1516   stm32l0xx_hal_rcc_ex.o
      1246         28          0          0          0       7206   stm32l0xx_hal_rtc.o
       240         10          0          0          0       2360   stm32l0xx_hal_rtc_ex.o
      2018          0          0          0          0       7730   stm32l0xx_hal_spi.o
       482          6          0          0          0       4769   stm32l0xx_hal_tim.o
      3356         92          0          0          0      16218   stm32l0xx_hal_uart.o
         2          0          0          0          0        972   stm32l0xx_hal_uart_ex.o
       508        134          0         20         64      11217   stm32l0xx_it.o
      1282        108          0          6        216       8810   sx1278.o
        36          4          0         13         68       3684   sysmanage_tsk.o
       104         16         33          4          0       1259   system_stm32l0xx.o
       960         98          0         19          0     402693   tilt_tsk.o
      3536        868          0         28        958      12693   uart.o

    ----------------------------------------------------------------------
     30158       2350       1236       1220       3916     587037   Object Totals
         0          0         32          0          0          0   (incl. Generated)
        36          0          7         11          8          0   (incl. Padding)

    ----------------------------------------------------------------------

      Code (inc. data)   RO Data    RW Data    ZI Data      Debug   Library Member Name

       540         68        152          0          0        112   atan.o
       376         42          0          0          0        144   atan2.o
        94         14          0          0          0        408   dunder.o
        44          4          0          0          0         60   fpclassify.o
       172          0          0          0          0         76   poly.o
      2556        196        136          0          0        240   pow.o
         0          0          8          0          0          0   qnan.o
        72          6          0          0          0         76   sqrt.o
        58          0          0          0          0          0   __dczerorl.o
         0          0          0          0          0          0   entry.o
         0          0          0          0          0          0   entry10a.o
         0          0          0          0          0          0   entry11a.o
         8          4          0          0          0          0   entry2.o
         4          0          0          0          0          0   entry5.o
         0          0          0          0          0          0   entry7b.o
         0          0          0          0          0          0   entry8b.o
         8          4          0          0          0          0   entry9a.o
        12          6          0          4          0         60   errno.o
        30          0          0          0          0          0   handlers.o
        40          0          0          0          0         72   idiv.o
        36          8          0          0          0         68   init.o
         0          0          0          0          0          0   iusefp.o
        32          0          0          0          0         68   llshl.o
        38          0          0          0          0         68   llsshr.o
        34          0          0          0          0         68   llushr.o
        36          0          0          0          0        100   memseta.o
      2252         98          0          0          0        412   printfa.o
         0          0          0          4          0          0   stdout.o
        44          0          0          0          0         72   uidiv.o
        96          0          0          0          0         84   uldiv.o
        40          2          0          0          0         68   cdcmple.o
        40          2          0          0          0         68   cdrcmple.o
        20          0          0          0          0         68   cfcmple.o
        20          0          0          0          0         68   cfrcmple.o
        56          0          0          0          0         68   d2f.o
       356          4          0          0          0        140   dadd.o
       240          6          0          0          0         84   ddiv.o
       236          0          0          0          0        216   depilogue.o
        60         10          0          0          0         68   dfixui.o
        64         10          0          0          0         68   dfixul.o
        40          6          0          0          0         68   dflti.o
       208          6          0          0          0         88   dmul.o
        44          0          0          0          0         72   dscalb.o
       162          0          0          0          0         80   dsqrt.o
        40          0          0          0          0         60   f2d.o
       178          0          0          0          0        108   fadd.o
       124          0          0          0          0         72   fdiv.o
       130          0          0          0          0        144   fepilogue.o
        40          0          0          0          0         60   ffixui.o
        22          0          0          0          0         68   fflti.o
        14          0          0          0          0         68   ffltui.o
       122          0          0          0          0         72   fmul.o

    ----------------------------------------------------------------------
      8846        496        296          8          0       4064   Library Totals
         8          0          0          0          0          0   (incl. Padding)

    ----------------------------------------------------------------------

      Code (inc. data)   RO Data    RW Data    ZI Data      Debug   Library Name

      3854        330        296          0          0       1116   m_ps.l
      2728        120          0          8          0       1072   mc_p.l
      2256         46          0          0          0       1876   mf_p.l

    ----------------------------------------------------------------------
      8846        496        296          8          0       4064   Library Totals

    ----------------------------------------------------------------------

==============================================================================


      Code (inc. data)   RO Data    RW Data    ZI Data      Debug   

     39004       2846       1532       1228       3916     580821   Grand Totals
     39004       2846       1532        996       3916     580821   ELF Image Totals (compressed)
     39004       2846       1532        996          0          0   ROM Totals

==============================================================================

    Total RO  Size (Code + RO Data)                40536 (  39.59kB)
    Total RW  Size (RW Data + ZI Data)              5144 (   5.02kB)
    Total ROM Size (Code + RO Data + RW Data)      41532 (  40.56kB)

==============================================================================

