Component: ARM Compiler 5.06 update 4 (build 422) Tool: armlink [4d35d2]

==============================================================================

Section Cross References

    startup_stm32l071xx.o(RESET) refers to startup_stm32l071xx.o(STACK) for __initial_sp
    startup_stm32l071xx.o(RESET) refers to startup_stm32l071xx.o(.text) for Reset_Handler
    startup_stm32l071xx.o(RESET) refers to stm32l0xx_it.o(i.NMI_Handler) for NMI_Handler
    startup_stm32l071xx.o(RESET) refers to stm32l0xx_it.o(i.HardFault_Handler) for HardFault_Handler
    startup_stm32l071xx.o(RESET) refers to stm32l0xx_it.o(i.SVC_Handler) for SVC_Handler
    startup_stm32l071xx.o(RESET) refers to stm32l0xx_it.o(i.PendSV_Handler) for PendSV_Handler
    startup_stm32l071xx.o(RESET) refers to stm32l0xx_it.o(i.SysTick_Handler) for SysTick_Handler
    startup_stm32l071xx.o(RESET) refers to stm32l0xx_it.o(i.RTC_IRQHandler) for RTC_IRQHandler
    startup_stm32l071xx.o(RESET) refers to stm32l0xx_it.o(i.EXTI0_1_IRQHandler) for EXTI0_1_IRQHandler
    startup_stm32l071xx.o(RESET) refers to stm32l0xx_it.o(i.EXTI2_3_IRQHandler) for EXTI2_3_IRQHandler
    startup_stm32l071xx.o(RESET) refers to stm32l0xx_it.o(i.EXTI4_15_IRQHandler) for EXTI4_15_IRQHandler
    startup_stm32l071xx.o(RESET) refers to stm32l0xx_it.o(i.DMA1_Channel2_3_IRQHandler) for DMA1_Channel2_3_IRQHandler
    startup_stm32l071xx.o(RESET) refers to uart.o(i.USART4_5_IRQHandler) for USART4_5_IRQHandler
    startup_stm32l071xx.o(RESET) refers to stm32l0xx_it.o(i.TIM2_IRQHandler) for TIM2_IRQHandler
    startup_stm32l071xx.o(RESET) refers to stm32l0xx_it.o(i.TIM3_IRQHandler) for TIM3_IRQHandler
    startup_stm32l071xx.o(RESET) refers to uart.o(i.USART1_IRQHandler) for USART1_IRQHandler
    startup_stm32l071xx.o(.text) refers to system_stm32l0xx.o(i.SystemInit) for SystemInit
    startup_stm32l071xx.o(.text) refers to entry.o(.ARM.Collect$$$$00000000) for __main
    tilt_tsk.o(i.Accl_ZeroCal) refers to inclinationcalc.o(i.XL355_Temp_Calc) for XL355_Temp_Calc
    tilt_tsk.o(i.Accl_ZeroCal) refers to inclinationcalc.o(i.XL355_Accel_Read) for XL355_Accel_Read
    tilt_tsk.o(i.Accl_ZeroCal) refers to fadd.o(.text) for __aeabi_fadd
    tilt_tsk.o(i.Accl_ZeroCal) refers to inclinationcalc.o(.bss) for sIncl_Data
    tilt_tsk.o(i.Accl_ZeroProg) refers to tilt_tsk.o(i.Accl_ZeroCal) for Accl_ZeroCal
    tilt_tsk.o(i.Accl_ZeroProg) refers to f2d.o(.text) for __aeabi_f2d
    tilt_tsk.o(i.Accl_ZeroProg) refers to dmul.o(.text) for __aeabi_dmul
    tilt_tsk.o(i.Accl_ZeroProg) refers to d2f.o(.text) for __aeabi_d2f
    tilt_tsk.o(i.Accl_ZeroProg) refers to fmul.o(.text) for __aeabi_fmul
    tilt_tsk.o(i.Accl_ZeroProg) refers to inclinationcalc.o(.bss) for sIncl_Data
    tilt_tsk.o(i.AngelTrans) refers to cfrcmple.o(.text) for __aeabi_cfrcmple
    tilt_tsk.o(i.AngelTrans) refers to ffixui.o(.text) for __aeabi_f2uiz
    tilt_tsk.o(i.AngelTrans) refers to f2d.o(.text) for __aeabi_f2d
    tilt_tsk.o(i.AngelTrans) refers to dmul.o(.text) for __aeabi_dmul
    tilt_tsk.o(i.AngelTrans) refers to d2f.o(.text) for __aeabi_d2f
    tilt_tsk.o(i.DataCommunication_TSK) refers to tilt_tsk.o(i.DataSamplesTask) for DataSamplesTask
    tilt_tsk.o(i.DataCommunication_TSK) refers to tilt_tsk.o(i.PowerUpZeroClab) for PowerUpZeroClab
    tilt_tsk.o(i.DataCommunication_TSK) refers to sysmanage_tsk.o(.bss) for g_SysData
    tilt_tsk.o(i.DataSamplesTask) refers to inclinationcalc.o(i.sInclinationCalc_TSK) for sInclinationCalc_TSK
    tilt_tsk.o(i.DataSamplesTask) refers to cfrcmple.o(.text) for __aeabi_cfrcmple
    tilt_tsk.o(i.DataSamplesTask) refers to fadd.o(.text) for __aeabi_fadd
    tilt_tsk.o(i.DataSamplesTask) refers to f2d.o(.text) for __aeabi_f2d
    tilt_tsk.o(i.DataSamplesTask) refers to dmul.o(.text) for __aeabi_dmul
    tilt_tsk.o(i.DataSamplesTask) refers to d2f.o(.text) for __aeabi_d2f
    tilt_tsk.o(i.DataSamplesTask) refers to cdrcmple.o(.text) for __aeabi_cdrcmple
    tilt_tsk.o(i.DataSamplesTask) refers to inclinationcalc.o(.bss) for sIncl_Data
    tilt_tsk.o(i.DataSamplesTask) refers to lora_tsk.o(.data) for f32thresholdvalue_Sx1
    tilt_tsk.o(i.DataSamplesTask) refers to tilt_tsk.o(.data) for U8_shunxiangCnt
    tilt_tsk.o(i.DataSamplesTask) refers to sysmanage_tsk.o(.data) for g_statecheck
    tilt_tsk.o(i.DataSamplesTask) refers to sysmanage_tsk.o(.bss) for g_SysData
    tilt_tsk.o(i.PowerUpZeroClab) refers to fadd.o(.text) for __aeabi_fadd
    tilt_tsk.o(i.PowerUpZeroClab) refers to f2d.o(.text) for __aeabi_f2d
    tilt_tsk.o(i.PowerUpZeroClab) refers to dmul.o(.text) for __aeabi_dmul
    tilt_tsk.o(i.PowerUpZeroClab) refers to d2f.o(.text) for __aeabi_d2f
    tilt_tsk.o(i.PowerUpZeroClab) refers to sysmanage_tsk.o(.data) for g_statecheck
    tilt_tsk.o(i.PowerUpZeroClab) refers to tilt_tsk.o(.data) for TiltAddCnt
    tilt_tsk.o(i.PowerUpZeroClab) refers to inclinationcalc.o(.bss) for sIncl_Data
    tilt_tsk.o(i.PowerUpZeroClab) refers to sysmanage_tsk.o(.bss) for g_SysData
[...]
    i.HAL_GPIO_WritePin                      0x08001736   Section        0  stm32l0xx_hal_gpio.o(i.HAL_GPIO_WritePin)
    i.HAL_GetTick                            0x08001744   Section        0  stm32l0xx_hal.o(i.HAL_GetTick)
    i.HAL_I2CEx_ConfigAnalogFilter           0x08001750   Section        0  stm32l0xx_hal_i2c_ex.o(i.HAL_I2CEx_ConfigAnalogFilter)
    i.HAL_I2CEx_ConfigDigitalFilter          0x080017be   Section        0  stm32l0xx_hal_i2c_ex.o(i.HAL_I2CEx_ConfigDigitalFilter)
    i.HAL_I2C_Init                           0x08001830   Section        0  stm32l0xx_hal_i2c.o(i.HAL_I2C_Init)
    i.HAL_I2C_Mem_Write                      0x08001904   Section        0  stm32l0xx_hal_i2c.o(i.HAL_I2C_Mem_Write)
    i.HAL_I2C_MspInit                        0x08001aa8   Section        0  stm32l0xx_hal_msp.o(i.HAL_I2C_MspInit)
    i.HAL_IncTick                            0x08001b18   Section        0  stm32l0xx_hal.o(i.HAL_IncTick)
    i.HAL_Init                               0x08001b28   Section        0  stm32l0xx_hal.o(i.HAL_Init)
    i.HAL_InitTick                           0x08001b54   Section        0  stm32l0xx_hal.o(i.HAL_InitTick)
    i.HAL_MspInit                            0x08001b88   Section        0  stm32l0xx_hal_msp.o(i.HAL_MspInit)
    i.HAL_NVIC_DisableIRQ                    0x08001ba8   Section        0  stm32l0xx_hal_cortex.o(i.HAL_NVIC_DisableIRQ)
    i.HAL_NVIC_EnableIRQ                     0x08001bc0   Section        0  stm32l0xx_hal_cortex.o(i.HAL_NVIC_EnableIRQ)
    i.HAL_NVIC_SetPriority                   0x08001bd8   Section        0  stm32l0xx_hal_cortex.o(i.HAL_NVIC_SetPriority)
    i.HAL_PWR_DisableWakeUpPin               0x08001bec   Section        0  stm32l0xx_hal_pwr.o(i.HAL_PWR_DisableWakeUpPin)
    i.HAL_RCCEx_PeriphCLKConfig              0x08001bfc   Section        0  stm32l0xx_hal_rcc_ex.o(i.HAL_RCCEx_PeriphCLKConfig)
    i.HAL_RCC_ClockConfig                    0x08001e48   Section        0  stm32l0xx_hal_rcc.o(i.HAL_RCC_ClockConfig)
    i.HAL_RCC_GetHCLKFreq                    0x08002050   Section        0  stm32l0xx_hal_rcc.o(i.HAL_RCC_GetHCLKFreq)
    i.HAL_RCC_GetPCLK1Freq                   0x0800205c   Section        0  stm32l0xx_hal_rcc.o(i.HAL_RCC_GetPCLK1Freq)
    i.HAL_RCC_GetPCLK2Freq                   0x08002080   Section        0  stm32l0xx_hal_rcc.o(i.HAL_RCC_GetPCLK2Freq)
    i.HAL_RCC_GetSysClockFreq                0x080020a4   Section        0  stm32l0xx_hal_rcc.o(i.HAL_RCC_GetSysClockFreq)
    i.HAL_RCC_OscConfig                      0x08002174   Section        0  stm32l0xx_hal_rcc.o(i.HAL_RCC_OscConfig)
    i.HAL_RTCEx_DeactivateWakeUpTimer        0x080027b4   Section        0  stm32l0xx_hal_rtc_ex.o(i.HAL_RTCEx_DeactivateWakeUpTimer)
    i.HAL_RTCEx_WakeUpTimerEventCallback     0x08002860   Section        0  stm32l0xx_it.o(i.HAL_RTCEx_WakeUpTimerEventCallback)
    i.HAL_RTCEx_WakeUpTimerIRQHandler        0x08002880   Section        0  stm32l0xx_hal_rtc_ex.o(i.HAL_RTCEx_WakeUpTimerIRQHandler)
    i.HAL_RTC_Init                           0x080028c4   Section        0  stm32l0xx_hal_rtc.o(i.HAL_RTC_Init)
    i.HAL_RTC_MspInit                        0x080029c0   Section        0  stm32l0xx_hal_msp.o(i.HAL_RTC_MspInit)
    i.HAL_RTC_SetDate                        0x080029f4   Section        0  stm32l0xx_hal_rtc.o(i.HAL_RTC_SetDate)
    i.HAL_RTC_SetTime                        0x08002b14   Section        0  stm32l0xx_hal_rtc.o(i.HAL_RTC_SetTime)
    i.HAL_RTC_WaitForSynchro                 0x08002c60   Section        0  stm32l0xx_hal_rtc.o(i.HAL_RTC_WaitForSynchro)
    i.HAL_SPI_Init                           0x08002c9a   Section        0  stm32l0xx_hal_spi.o(i.HAL_SPI_Init)
    i.HAL_SPI_MspInit                        0x08002d2c   Section        0  stm32l0xx_hal_msp.o(i.HAL_SPI_MspInit)
    i.HAL_SPI_Receive                        0x08002dec   Section        0  stm32l0xx_hal_spi.o(i.HAL_SPI_Receive)
    i.HAL_SPI_Transmit                       0x08002f78   Section        0  stm32l0xx_hal_spi.o(i.HAL_SPI_Transmit)
    i.HAL_SPI_TransmitReceive                0x08003140   Section        0  stm32l0xx_hal_spi.o(i.HAL_SPI_TransmitReceive)
    i.HAL_SYSTICK_Config                     0x08003398   Section        0  stm32l0xx_hal_cortex.o(i.HAL_SYSTICK_Config)
    i.HAL_TIM_Base_Start_IT                  0x080033d0   Section        0  stm32l0xx_hal_tim.o(i.HAL_TIM_Base_Start_IT)
    i.HAL_TIM_Base_Stop_IT                   0x080033fc   Section        0  stm32l0xx_hal_tim.o(i.HAL_TIM_Base_Stop_IT)
    i.HAL_TIM_IC_CaptureCallback             0x08003430   Section        0  stm32l0xx_hal_tim.o(i.HAL_TIM_IC_CaptureCallback)
    i.HAL_TIM_IRQHandler                     0x08003432   Section        0  stm32l0xx_hal_tim.o(i.HAL_TIM_IRQHandler)
    i.HAL_TIM_OC_DelayElapsedCallback        0x080035ae   Section        0  stm32l0xx_hal_tim.o(i.HAL_TIM_OC_DelayElapsedCallback)
    i.HAL_TIM_PWM_PulseFinishedCallback      0x080035b0   Section        0  stm32l0xx_hal_tim.o(i.HAL_TIM_PWM_PulseFinishedCallback)
    i.HAL_TIM_PeriodElapsedCallback          0x080035b4   Section        0  stm32l0xx_it.o(i.HAL_TIM_PeriodElapsedCallback)
    i.HAL_TIM_TriggerCallback                0x080035fc   Section        0  stm32l0xx_hal_tim.o(i.HAL_TIM_TriggerCallback)
    i.HAL_UARTEx_WakeupCallback              0x080035fe   Section        0  stm32l0xx_hal_uart_ex.o(i.HAL_UARTEx_WakeupCallback)
    i.HAL_UART_ErrorCallback                 0x08003600   Section        0  stm32l0xx_hal_uart.o(i.HAL_UART_ErrorCallback)
    i.HAL_UART_IRQHandler                    0x08003604   Section        0  stm32l0xx_hal_uart.o(i.HAL_UART_IRQHandler)
    i.HAL_UART_Init                          0x080037d0   Section        0  stm32l0xx_hal_uart.o(i.HAL_UART_Init)
    i.HAL_UART_MspInit                       0x08003850   Section        0  uart.o(i.HAL_UART_MspInit)
    i.HAL_UART_Receive_IT                    0x080039b4   Section        0  stm32l0xx_hal_uart.o(i.HAL_UART_Receive_IT)
    i.HAL_UART_RxCpltCallback                0x08003acc   Section        0  uart.o(i.HAL_UART_RxCpltCallback)
    i.HAL_UART_Transmit                      0x08003b8c   Section        0  stm32l0xx_hal_uart.o(i.HAL_UART_Transmit)
    i.HAL_UART_Transmit_DMA                  0x08003c8c   Section        0  stm32l0xx_hal_uart.o(i.HAL_UART_Transmit_DMA)
    i.HAL_UART_TxCpltCallback                0x08003d64   Section        0  stm32l0xx_hal_uart.o(i.HAL_UART_TxCpltCallback)
    i.HAL_UART_TxHalfCpltCallback            0x08003d66   Section        0  stm32l0xx_hal_uart.o(i.HAL_UART_TxHalfCpltCallback)
    i.HardFault_Handler                      0x08003d68   Section        0  stm32l0xx_it.o(i.HardFault_Handler)
    i.I2C_Bus_Init                           0x08003d6c   Section        0  bsp_i2c.o(i.I2C_Bus_Init)
    i.I2C_Flush_TXDR                         0x08003d74   Section        0  stm32l0xx_hal_i2c.o(i.I2C_Flush_TXDR)
    I2C_Flush_TXDR                           0x08003d75   Thumb Code    50  stm32l0xx_hal_i2c.o(i.I2C_Flush_TXDR)
    i.I2C_IsAcknowledgeFailed                0x08003da8   Section        0  stm32l0xx_hal_i2c.o(i.I2C_IsAcknowledgeFailed)
    I2C_IsAcknowledgeFailed                  0x08003da9   Thumb Code   154  stm32l0xx_hal_i2c.o(i.I2C_IsAcknowledgeFailed)
    i.I2C_RequestMemoryWrite                 0x08003e48   Section        0  stm32l0xx_hal_i2c.o(i.I2C_RequestMemoryWrite)
    I2C_RequestMemoryWrite                   0x08003e49   Thumb Code   124  stm32l0xx_hal_i2c.o(i.I2C_RequestMemoryWrite)
    i.I2C_TransferConfig                     0x08003ec8   Section        0  stm32l0xx_hal_i2c.o(i.I2C_TransferConfig)
    I2C_TransferConfig                       0x08003ec9   Thumb Code    52  stm32l0xx_hal_i2c.o(i.I2C_TransferConfig)
    i.I2C_WaitOnFlagUntilTimeout             0x08003f00   Section        0  stm32l0xx_hal_i2c.o(i.I2C_WaitOnFlagUntilTimeout)
    I2C_WaitOnFlagUntilTimeout               0x08003f01   Thumb Code    88  stm32l0xx_hal_i2c.o(i.I2C_WaitOnFlagUntilTimeout)
    i.I2C_WaitOnSTOPFlagUntilTimeout         0x08003f58   Section        0  stm32l0xx_hal_i2c.o(i.I2C_WaitOnSTOPFlagUntilTimeout)
    I2C_WaitOnSTOPFlagUntilTimeout           0x08003f59   Thumb Code    90  stm32l0xx_hal_i2c.o(i.I2C_WaitOnSTOPFlagUntilTimeout)
    i.I2C_WaitOnTXISFlagUntilTimeout         0x08003fb2   Section        0  stm32l0xx_hal_i2c.o(i.I2C_WaitOnTXISFlagUntilTimeout)
    I2C_WaitOnTXISFlagUntilTimeout           0x08003fb3   Thumb Code    96  stm32l0xx_hal_i2c.o(i.I2C_WaitOnTXISFlagUntilTimeout)
    i.LowPower_WakeUp                        0x08004014   Section        0  pwr_mode_rtc.o(i.LowPower_WakeUp)
    i.MPU6050_Init                           0x0800406c   Section        0  mpu6050.o(i.MPU6050_Init)
    i.MPU6050_WriteReg                       0x080040dc   Section        0  mpu6050.o(i.MPU6050_WriteReg)
    i.MX_ADC_Init                            0x0800410c   Section        0  adc.o(i.MX_ADC_Init)
    MX_ADC_Init                              0x0800410d   Thumb Code   120  adc.o(i.MX_ADC_Init)
    i.MX_GPIO_Init                           0x08004198   Section        0  main.o(i.MX_GPIO_Init)
    i.MX_I2C1_Init                           0x08004270   Section        0  bsp_i2c.o(i.MX_I2C1_Init)
    MX_I2C1_Init                             0x08004271   Thumb Code    60  bsp_i2c.o(i.MX_I2C1_Init)
    i.MX_RTC_Init                            0x080042b8   Section        0  rtc.o(i.MX_RTC_Init)
    i.MX_SPI1_Init                           0x080042e4   Section        0  spi.o(i.MX_SPI1_Init)
    i.MX_USART1_UART_Init                    0x08004328   Section        0  uart.o(i.MX_USART1_UART_Init)
    i.MX_USART4_UART_Init                    0x08004380   Section        0  uart.o(i.MX_USART4_UART_Init)
    i.NMI_Handler                            0x080043d8   Section        0  stm32l0xx_it.o(i.NMI_Handler)
    i.NVIC_SetPriority                       0x080043dc   Section        0  stm32l0xx_hal_cortex.o(i.NVIC_SetPriority)
    NVIC_SetPriority                         0x080043dd   Thumb Code   110  stm32l0xx_hal_cortex.o(i.NVIC_SetPriority)
    i.PendSV_Handler                         0x08004454   Section        0  stm32l0xx_it.o(i.PendSV_Handler)
    i.RF_Frenq_Set                           0x08004458   Section        0  sysmanage_tsk.o(i.RF_Frenq_Set)
    i.RTC_ByteToBcd2                         0x0800447c   Section        0  stm32l0xx_hal_rtc.o(i.RTC_ByteToBcd2)
    i.RTC_EnterInitMode                      0x08004498   Section        0  stm32l0xx_hal_rtc.o(i.RTC_EnterInitMode)
    i.RTC_IRQHandler                         0x080044d8   Section        0  stm32l0xx_it.o(i.RTC_IRQHandler)
    i.RTC_Init                               0x080044e8   Section        0  rtc.o(i.RTC_Init)
    i.RecidatatoSet                          0x08004534   Section        0  uart.o(i.RecidatatoSet)
    i.RecidatatoSet2                         0x08004638   Section        0  uart.o(i.RecidatatoSet2)
    i.SPI1_Init                              0x080046fc   Section        0  spi.o(i.SPI1_Init)
    i.SPI_ADXL355_M_READ                     0x08004704   Section        0  adxl355.o(i.SPI_ADXL355_M_READ)
    i.SPI_ADXL355_S_READ                     0x08004778   Section        0  adxl355.o(i.SPI_ADXL355_S_READ)
    i.SPI_EndRxTransaction                   0x08004788   Section        0  stm32l0xx_hal_spi.o(i.SPI_EndRxTransaction)
    SPI_EndRxTransaction                     0x08004789   Thumb Code   162  stm32l0xx_hal_spi.o(i.SPI_EndRxTransaction)
    i.SPI_EndRxTxTransaction                 0x0800482a   Section        0  stm32l0xx_hal_spi.o(i.SPI_EndRxTxTransaction)
    SPI_EndRxTxTransaction                   0x0800482b   Thumb Code    90  stm32l0xx_hal_spi.o(i.SPI_EndRxTxTransaction)
    i.SPI_SetSpeed                           0x08004884   Section        0  sx1278.o(i.SPI_SetSpeed)
    i.SPI_WaitFlagStateUntilTimeout          0x080048b8   Section        0  stm32l0xx_hal_spi.o(i.SPI_WaitFlagStateUntilTimeout)
    SPI_WaitFlagStateUntilTimeout            0x080048b9   Thumb Code   168  stm32l0xx_hal_spi.o(i.SPI_WaitFlagStateUntilTimeout)
    i.SUM_Check                              0x08004960   Section        0  crc.o(i.SUM_Check)
    i.SVC_Handler                            0x08004986   Section        0  stm32l0xx_it.o(i.SVC_Handler)
    i.SX1278_ConfigRxMode                    0x08004988   Section        0  sx1278.o(i.SX1278_ConfigRxMode)
    i.SX1278_ConfigTxMode                    0x080049ba   Section        0  sx1278.o(i.SX1278_ConfigTxMode)
    i.SX1278_GpioInit                        0x080049f0   Section        0  sx1278.o(i.SX1278_GpioInit)
    i.SX1278_LoraInit                        0x08004ac0   Section        0  sx1278.o(i.SX1278_LoraInit)
    i.SX1278_ReadBuf                         0x08004ae8   Section        0  sx1278.o(i.SX1278_ReadBuf)
    i.SX1278_ReadReg                         0x08004b2c   Section        0  sx1278.o(i.SX1278_ReadReg)
    i.SX1278_ReceivePacket                   0x08004b70   Section        0  sx1278.o(i.SX1278_ReceivePacket)
    i.SX1278_RegInitConfig                   0x08004cb4   Section        0  sx1278.o(i.SX1278_RegInitConfig)
    i.SX1278_SPI_Init                        0x08004d1c   Section        0  sx1278.o(i.SX1278_SPI_Init)
    i.SX1278_SendPacket                      0x08004d64   Section        0  sx1278.o(i.SX1278_SendPacket)
    i.SX1278_SetSleepMode                    0x08004db8   Section        0  sx1278.o(i.SX1278_SetSleepMode)
    i.SX1278_WriteBuf                        0x08004dc4   Section        0  sx1278.o(i.SX1278_WriteBuf)
    i.SX1278_WriteReg                        0x08004e10   Section        0  sx1278.o(i.SX1278_WriteReg)
    i.SenddatatoSWJ                          0x08004e58   Section        0  uart.o(i.SenddatatoSWJ)
    i.SysTick_Handler                        0x08004fa0   Section        0  stm32l0xx_it.o(i.SysTick_Handler)
    i.SystemClock_Config                     0x08005014   Section        0  main.o(i.SystemClock_Config)
    i.SystemInit                             0x080050d0   Section        0  system_stm32l0xx.o(i.SystemInit)
    i.TIM2_IRQHandler                        0x08005138   Section        0  stm32l0xx_it.o(i.TIM2_IRQHandler)
    i.TIM3_IRQHandler                        0x08005148   Section        0  stm32l0xx_it.o(i.TIM3_IRQHandler)
    i.UART_AdvFeatureConfig                  0x08005158   Section        0  stm32l0xx_hal_uart.o(i.UART_AdvFeatureConfig)
    i.UART_CheckIdleState                    0x08005248   Section        0  stm32l0xx_hal_uart.o(i.UART_CheckIdleState)
    i.UART_DMAAbortOnError                   0x080052b8   Section        0  stm32l0xx_hal_uart.o(i.UART_DMAAbortOnError)
    UART_DMAAbortOnError                     0x080052b9   Thumb Code    24  stm32l0xx_hal_uart.o(i.UART_DMAAbortOnError)
    i.UART_DMAError                          0x080052d0   Section        0  stm32l0xx_hal_uart.o(i.UART_DMAError)
    UART_DMAError                            0x080052d1   Thumb Code    82  stm32l0xx_hal_uart.o(i.UART_DMAError)
    i.UART_DMATransmitCplt                   0x08005322   Section        0  stm32l0xx_hal_uart.o(i.UART_DMATransmitCplt)
    UART_DMATransmitCplt                     0x08005323   Thumb Code    58  stm32l0xx_hal_uart.o(i.UART_DMATransmitCplt)
    i.UART_DMATxHalfCplt                     0x0800535c   Section        0  stm32l0xx_hal_uart.o(i.UART_DMATxHalfCplt)
    UART_DMATxHalfCplt                       0x0800535d   Thumb Code    14  stm32l0xx_hal_uart.o(i.UART_DMATxHalfCplt)
    i.UART_EndRxTransfer                     0x0800536a   Section        0  stm32l0xx_hal_uart.o(i.UART_EndRxTransfer)
    UART_EndRxTransfer                       0x0800536b   Thumb Code    36  stm32l0xx_hal_uart.o(i.UART_EndRxTransfer)
    i.UART_EndTransmit_IT                    0x0800538e   Section        0  stm32l0xx_hal_uart.o(i.UART_EndTransmit_IT)
    UART_EndTransmit_IT                      0x0800538f   Thumb Code    32  stm32l0xx_hal_uart.o(i.UART_EndTransmit_IT)
    i.UART_EndTxTransfer                     0x080053ae   Section        0  stm32l0xx_hal_uart.o(i.UART_EndTxTransfer)
    UART_EndTxTransfer                       0x080053af   Thumb Code    18  stm32l0xx_hal_uart.o(i.UART_EndTxTransfer)
    i.UART_Init                              0x080053c0   Section        0  uart.o(i.UART_Init)
    i.UART_RxISR_16BIT                       0x080053fc   Section        0  stm32l0xx_hal_uart.o(i.UART_RxISR_16BIT)
    UART_RxISR_16BIT                         0x080053fd   Thumb Code   108  stm32l0xx_hal_uart.o(i.UART_RxISR_16BIT)
    i.UART_RxISR_8BIT                        0x08005468   Section        0  stm32l0xx_hal_uart.o(i.UART_RxISR_8BIT)
    UART_RxISR_8BIT                          0x08005469   Thumb Code   108  stm32l0xx_hal_uart.o(i.UART_RxISR_8BIT)
    i.UART_SetConfig                         0x080054d4   Section        0  stm32l0xx_hal_uart.o(i.UART_SetConfig)
    i.UART_WaitOnFlagUntilTimeout            0x080058d4   Section        0  stm32l0xx_hal_uart.o(i.UART_WaitOnFlagUntilTimeout)
    i.USART1_IRQHandler                      0x08005940   Section        0  uart.o(i.USART1_IRQHandler)
    i.USART4_5_IRQHandler                    0x08005950   Section        0  uart.o(i.USART4_5_IRQHandler)
    i.UartRx_Treat                           0x08005960   Section        0  uart.o(i.UartRx_Treat)
    i.Uart_Send_Array                        0x080060b8   Section        0  uart.o(i.Uart_Send_Array)
    i.XL355_Accel_Read                       0x080060d0   Section        0  inclinationcalc.o(i.XL355_Accel_Read)
    i.XL355_Temp_Calc                        0x080062f4   Section        0  inclinationcalc.o(i.XL355_Temp_Calc)
    i.__0printf                              0x08006358   Section        0  printfa.o(i.__0printf)
    i.__ARM_clz                              0x08006378   Section        0  depilogue.o(i.__ARM_clz)
    i.__ARM_common_ll_muluu                  0x080063a6   Section        0  stm32l0xx_hal_uart.o(i.__ARM_common_ll_muluu)
    i.__ARM_common_switch8                   0x080063d6   Section        0  lora_tsk.o(i.__ARM_common_switch8)
    i.__scatterload_copy                     0x080063f2   Section       14  handlers.o(i.__scatterload_copy)
    i.__scatterload_null                     0x08006400   Section        2  handlers.o(i.__scatterload_null)
    i.__scatterload_zeroinit                 0x08006402   Section       14  handlers.o(i.__scatterload_zeroinit)
    i._fp_digits                             0x08006410   Section        0  printfa.o(i._fp_digits)
    _fp_digits                               0x08006411   Thumb Code   344  printfa.o(i._fp_digits)
    i._printf_core                           0x08006584   Section        0  printfa.o(i._printf_core)
    _printf_core                             0x08006585   Thumb Code  1754  printfa.o(i._printf_core)
    i._printf_post_padding                   0x08006c70   Section        0  printfa.o(i._printf_post_padding)
    _printf_post_padding                     0x08006c71   Thumb Code    32  printfa.o(i._printf_post_padding)
    i._printf_pre_padding                    0x08006c90   Section        0  printfa.o(i._printf_pre_padding)
    _printf_pre_padding                      0x08006c91   Thumb Code    44  printfa.o(i._printf_pre_padding)
    i.delay                                  0x08006cbc   Section        0  main.o(i.delay)
    i.fputc                                  0x08006cdc   Section        0  uart.o(i.fputc)
    i.main                                   0x08006cfc   Section        0  main.o(i.main)
    i.sEepromGPIOInit                        0x08006d8c   Section        0  ex_eeprom_driver.o(i.sEepromGPIOInit)
    .constdata                               0x08006e64   Section       33  system_stm32l0xx.o(.constdata)
    .constdata                               0x08006e88   Section      972  inclinationcalc.o(.constdata)
    .data                                    0x20000000   Section       24  main.o(.data)
    .data                                    0x20000018   Section       20  stm32l0xx_it.o(.data)
    .data                                    0x2000002c   Section       13  sysmanage_tsk.o(.data)
    u8_LastMinu                              0x20000038   Data           1  sysmanage_tsk.o(.data)
    .data                                    0x2000003c   Section        4  stm32l0xx_hal.o(.data)
    .data                                    0x20000040   Section        4  system_stm32l0xx.o(.data)
    .data                                    0x20000044   Section       28  uart.o(.data)
    .data                                    0x20000060   Section       20  adc.o(.data)
    voltage_data                             0x20000070   Data           4  adc.o(.data)
    .data                                    0x20000074   Section       36  eeprom.o(.data)
    .data                                    0x20000098   Section        6  sx1278.o(.data)
    .data                                    0x2000009e   Section        4  rtc.o(.data)
    .data                                    0x200000a4   Section       10  pwr_mode_rtc.o(.data)
    LowVoltCnt                               0x200000ac   Data           2  pwr_mode_rtc.o(.data)
    .data                                    0x200000b0   Section       36  ex_eeprom_app.o(.data)
    .data                                    0x200000d4   Section        4  stdout.o(.data)
    .bss                                     0x200000d8   Section      536  lora_tsk.o(.bss)
    .bss                                     0x200002f0   Section      132  main.o(.bss)
    .bss                                     0x20000374   Section       64  stm32l0xx_it.o(.bss)
    .bss                                     0x200003b4   Section       68  sysmanage_tsk.o(.bss)
    .bss                                     0x200003f8   Section       76  bsp_i2c.o(.bss)
    .bss                                     0x20000444   Section      958  uart.o(.bss)
    .bss                                     0x20000804   Section       92  adc.o(.bss)
    .bss                                     0x20000860   Section      176  spi.o(.bss)
    .bss                                     0x20000910   Section      216  sx1278.o(.bss)
    .bss                                     0x200009e8   Section       56  rtc.o(.bss)
    .bss                                     0x20000a20   Section       74  adxl355.o(.bss)
    .bss                                     0x20000a6c   Section      176  inclinationcalc.o(.bss)
    .bss                                     0x20000b1c   Section      128  ex_eeprom_app.o(.bss)
    STACK                                    0x20000ba0   Section     1024  startup_stm32l071xx.o(STACK)

    Global Symbols

    Symbol Name                              Value     Ov Type        Size  Object(Section)

    BuildAttributes$$THM_ISAv3M$S$PE$A:L22$X:L11$S22$IEEE1$IW$USESV6$~STKCKD$USESV7$~SHL$OTIME$ROPI$IEEEX$EBA8$MICROLIB$REQ8$PRES8$EABIv2 0x00000000   Number         0  anon$$obj.o ABSOLUTE
    __ARM_use_no_argv                        0x00000000   Number         0  main.o ABSOLUTE
    _printf_a                                0x00000000   Number         0  stubs.o ABSOLUTE
    _printf_c                                0x00000000   Number         0  stubs.o ABSOLUTE
    _printf_charcount                        0x00000000   Number         0  stubs.o ABSOLUTE
    _printf_d                                0x00000000   Number         0  stubs.o ABSOLUTE
    _printf_e                                0x00000000   Number         0  stubs.o ABSOLUTE
    _printf_f                                0x00000000   Number         0  stubs.o ABSOLUTE
    _printf_flags                            0x00000000   Number         0  stubs.o ABSOLUTE
    _printf_fp_dec                           0x00000000   Number         0  stubs.o ABSOLUTE
    _printf_fp_hex                           0x00000000   Number         0  stubs.o ABSOLUTE
    _printf_g                                0x00000000   Number         0  stubs.o ABSOLUTE
    _printf_i                                0x00000000   Number         0  stubs.o ABSOLUTE
    _printf_int_dec                          0x00000000   Number         0  stubs.o ABSOLUTE
    _printf_l                                0x00000000   Number         0  stubs.o ABSOLUTE
    _printf_lc                               0x00000000   Number         0  stubs.o ABSOLUTE
    _printf_ll                               0x00000000   Number         0  stubs.o ABSOLUTE
    _printf_lld                              0x00000000   Number         0  stubs.o ABSOLUTE
    _printf_lli                              0x00000000   Number         0  stubs.o ABSOLUTE
    _printf_llo                              0x00000000   Number         0  stubs.o ABSOLUTE
    _printf_llu                              0x00000000   Number         0  stubs.o ABSOLUTE
    _printf_llx                              0x00000000   Number         0  stubs.o ABSOLUTE
    _printf_longlong_dec                     0x00000000   Number         0  stubs.o ABSOLUTE
    _printf_longlong_hex                     0x00000000   Number         0  stubs.o ABSOLUTE
    _printf_longlong_oct                     0x00000000   Number         0  stubs.o ABSOLUTE
    _printf_ls                               0x00000000   Number         0  stubs.o ABSOLUTE
    _printf_mbtowc                           0x00000000   Number         0  stubs.o ABSOLUTE
    _printf_n                                0x00000000   Number         0  stubs.o ABSOLUTE
    _printf_o                                0x00000000   Number         0  stubs.o ABSOLUTE
    _printf_p                                0x00000000   Number         0  stubs.o ABSOLUTE
    _printf_percent                          0x00000000   Number         0  stubs.o ABSOLUTE
    _printf_pre_padding                      0x00000000   Number         0  stubs.o ABSOLUTE
    _printf_return_value                     0x00000000   Number         0  stubs.o ABSOLUTE
    _printf_s                                0x00000000   Number         0  stubs.o ABSOLUTE
    _printf_sizespec                         0x00000000   Number         0  stubs.o ABSOLUTE
    _printf_str                              0x00000000   Number         0  stubs.o ABSOLUTE
    _printf_truncate_signed                  0x00000000   Number         0  stubs.o ABSOLUTE
    _printf_truncate_unsigned                0x00000000   Number         0  stubs.o ABSOLUTE
    _printf_u                                0x00000000   Number         0  stubs.o ABSOLUTE
    _printf_wc                               0x00000000   Number         0  stubs.o ABSOLUTE
    _printf_wctomb                           0x00000000   Number         0  stubs.o ABSOLUTE
    _printf_widthprec                        0x00000000   Number         0  stubs.o ABSOLUTE
    _printf_x                                0x00000000   Number         0  stubs.o ABSOLUTE
    __cpp_initialize__aeabi_                  - Undefined Weak Reference
    __cxa_finalize                            - Undefined Weak Reference
    __decompress                              - Undefined Weak Reference
    _clock_init                               - Undefined Weak Reference
    _microlib_exit                            - Undefined Weak Reference
    __Vectors_Size                           0x000000c0   Number         0  startup_stm32l071xx.o ABSOLUTE
    __Vectors                                0x08000000   Data           4  startup_stm32l071xx.o(RESET)
    __Vectors_End                            0x080000c0   Data           0  startup_stm32l071xx.o(RESET)
    __main                                   0x080000c1   Thumb Code     0  entry.o(.ARM.Collect$$$$00000000)
    _main_stk                                0x080000c1   Thumb Code     0  entry2.o(.ARM.Collect$$$$00000001)
    _main_scatterload                        0x080000c5   Thumb Code     0  entry5.o(.ARM.Collect$$$$00000004)
    __main_after_scatterload                 0x080000c9   Thumb Code     0  entry5.o(.ARM.Collect$$$$00000004)
    _main_clock                              0x080000c9   Thumb Code     0  entry7b.o(.ARM.Collect$$$$00000008)
    _main_cpp_init                           0x080000c9   Thumb Code     0  entry8b.o(.ARM.Collect$$$$0000000A)
    _main_init                               0x080000c9   Thumb Code     0  entry9a.o(.ARM.Collect$$$$0000000B)
    __rt_final_cpp                           0x080000d1   Thumb Code     0  entry10a.o(.ARM.Collect$$$$0000000D)
    __rt_final_exit                          0x080000d1   Thumb Code     0  entry11a.o(.ARM.Collect$$$$0000000F)
    Reset_Handler                            0x080000d5   Thumb Code     8  startup_stm32l071xx.o(.text)
    ADC1_COMP_IRQHandler                     0x080000e7   Thumb Code     0  startup_stm32l071xx.o(.text)
    DMA1_Channel1_IRQHandler                 0x080000e7   Thumb Code     0  startup_stm32l071xx.o(.text)
    DMA1_Channel4_5_6_7_IRQHandler           0x080000e7   Thumb Code     0  startup_stm32l071xx.o(.text)
    FLASH_IRQHandler                         0x080000e7   Thumb Code     0  startup_stm32l071xx.o(.text)
    I2C1_IRQHandler                          0x080000e7   Thumb Code     0  startup_stm32l071xx.o(.text)
    I2C2_IRQHandler                          0x080000e7   Thumb Code     0  startup_stm32l071xx.o(.text)
    I2C3_IRQHandler                          0x080000e7   Thumb Code     0  startup_stm32l071xx.o(.text)
    LPTIM1_IRQHandler                        0x080000e7   Thumb Code     0  startup_stm32l071xx.o(.text)
    LPUART1_IRQHandler                       0x080000e7   Thumb Code     0  startup_stm32l071xx.o(.text)
    PVD_IRQHandler                           0x080000e7   Thumb Code     0  startup_stm32l071xx.o(.text)
    RCC_IRQHandler                           0x080000e7   Thumb Code     0  startup_stm32l071xx.o(.text)
    SPI1_IRQHandler                          0x080000e7   Thumb Code     0  startup_stm32l071xx.o(.text)
    SPI2_IRQHandler                          0x080000e7   Thumb Code     0  startup_stm32l071xx.o(.text)
    TIM21_IRQHandler                         0x080000e7   Thumb Code     0  startup_stm32l071xx.o(.text)
    TIM22_IRQHandler                         0x080000e7   Thumb Code     0  startup_stm32l071xx.o(.text)
    TIM6_IRQHandler                          0x080000e7   Thumb Code     0  startup_stm32l071xx.o(.text)
    TIM7_IRQHandler                          0x080000e7   Thumb Code     0  startup_stm32l071xx.o(.text)
    USART2_IRQHandler                        0x080000e7   Thumb Code     0  startup_stm32l071xx.o(.text)
    WWDG_IRQHandler                          0x080000e7   Thumb Code     0  startup_stm32l071xx.o(.text)
    __aeabi_uidiv                            0x080000f1   Thumb Code     0  uidiv.o(.text)
    __aeabi_uidivmod                         0x080000f1   Thumb Code    44  uidiv.o(.text)
    __aeabi_idiv                             0x0800011d   Thumb Code     0  idiv.o(.text)
    __aeabi_idivmod                          0x0800011d   Thumb Code    40  idiv.o(.text)
    __aeabi_uldivmod                         0x08000145   Thumb Code    96  uldiv.o(.text)
    __aeabi_memset                           0x080001a5   Thumb Code    14  memseta.o(.text)
    __aeabi_memset4                          0x080001a5   Thumb Code     0  memseta.o(.text)
    __aeabi_memset8                          0x080001a5   Thumb Code     0  memseta.o(.text)
    __aeabi_memclr                           0x080001b3   Thumb Code     4  memseta.o(.text)
    __aeabi_memclr4                          0x080001b3   Thumb Code     0  memseta.o(.text)
    __aeabi_memclr8                          0x080001b3   Thumb Code     0  memseta.o(.text)
    _memset$wrapper                          0x080001b7   Thumb Code    18  memseta.o(.text)
    __aeabi_fadd                             0x080001c9   Thumb Code   162  fadd.o(.text)
    __aeabi_fsub                             0x0800026b   Thumb Code     8  fadd.o(.text)
    __aeabi_frsub                            0x08000273   Thumb Code     8  fadd.o(.text)
    __aeabi_fmul                             0x0800027b   Thumb Code   122  fmul.o(.text)
    __aeabi_fdiv                             0x080002f5   Thumb Code   124  fdiv.o(.text)
    __aeabi_dadd                             0x08000371   Thumb Code   328  dadd.o(.text)
    __aeabi_dsub                             0x080004b9   Thumb Code    12  dadd.o(.text)
    __aeabi_drsub                            0x080004c5   Thumb Code    12  dadd.o(.text)
    __aeabi_dmul                             0x080004d5   Thumb Code   202  dmul.o(.text)
    __aeabi_ddiv                             0x080005a5   Thumb Code   234  ddiv.o(.text)
    __aeabi_i2f                              0x08000695   Thumb Code    22  fflti.o(.text)
    __aeabi_ui2f                             0x080006ab   Thumb Code    14  ffltui.o(.text)
    __aeabi_f2uiz                            0x080006b9   Thumb Code    40  ffixui.o(.text)
    __aeabi_f2d                              0x080006e1   Thumb Code    40  f2d.o(.text)
    __aeabi_cdcmpeq                          0x08000709   Thumb Code     0  cdcmple.o(.text)
    __aeabi_cdcmple                          0x08000709   Thumb Code    38  cdcmple.o(.text)
    __aeabi_cdrcmple                         0x08000731   Thumb Code    38  cdrcmple.o(.text)
    __aeabi_d2f                              0x08000759   Thumb Code    56  d2f.o(.text)
    __aeabi_llsl                             0x08000791   Thumb Code    32  llshl.o(.text)
    _ll_shift_l                              0x08000791   Thumb Code     0  llshl.o(.text)
    __aeabi_llsr                             0x080007b1   Thumb Code    34  llushr.o(.text)
    _ll_ushift_r                             0x080007b1   Thumb Code     0  llushr.o(.text)
    __aeabi_lasr                             0x080007d3   Thumb Code    38  llsshr.o(.text)
    _ll_sshift_r                             0x080007d3   Thumb Code     0  llsshr.o(.text)
    __I$use$fp                               0x080007f9   Thumb Code     0  iusefp.o(.text)
    _float_round                             0x080007f9   Thumb Code    16  fepilogue.o(.text)
    _float_epilogue                          0x08000809   Thumb Code   114  fepilogue.o(.text)
    _double_round                            0x0800087b   Thumb Code    26  depilogue.o(.text)
    _double_epilogue                         0x08000895   Thumb Code   164  depilogue.o(.text)
    __aeabi_d2ulz                            0x08000939   Thumb Code    54  dfixul.o(.text)
    __scatterload                            0x08000979   Thumb Code    28  init.o(.text)
    __scatterload_rt2                        0x08000979   Thumb Code     0  init.o(.text)
    ADC_Init                                 0x080009c9   Thumb Code    16  adc.o(i.ADC_Init)
    ADXL355_Acceleration_Data_Conversion     0x080009dd   Thumb Code    28  inclinationcalc.o(i.ADXL355_Acceleration_Data_Conversion)
    ADXL355_GpioInit                         0x080009fd   Thumb Code   100  adxl355.o(i.ADXL355_GpioInit)
    ADXL355_ReadBuff                         0x08000a65   Thumb Code    80  adxl355.o(i.ADXL355_ReadBuff)
    ADXL355_ReadReg                          0x08000ab9   Thumb Code    78  adxl355.o(i.ADXL355_ReadReg)
    ADXL355_SPI_Init                         0x08000b0d   Thumb Code    12  adxl355.o(i.ADXL355_SPI_Init)
    DMA1_Channel2_3_IRQHandler               0x08000b19   Thumb Code    16  stm32l0xx_it.o(i.DMA1_Channel2_3_IRQHandler)
    DataInit                                 0x08000b61   Thumb Code   274  main.o(i.DataInit)
    EXTI0_1_IRQHandler                       0x08000c9d   Thumb Code    10  stm32l0xx_it.o(i.EXTI0_1_IRQHandler)
    EXTI2_3_IRQHandler                       0x08000ca9   Thumb Code    20  stm32l0xx_it.o(i.EXTI2_3_IRQHandler)
    EXTI4_15_IRQHandler                      0x08000cc9   Thumb Code    12  stm32l0xx_it.o(i.EXTI4_15_IRQHandler)
    Error_Handler                            0x08000cd5   Thumb Code     2  main.o(i.Error_Handler)
    Get_WakeUp                               0x08000cd9   Thumb Code    88  pwr_mode_rtc.o(i.Get_WakeUp)
    HAL_ADCEx_Calibration_Start              0x08000d45   Thumb Code   220  stm32l0xx_hal_adc_ex.o(i.HAL_ADCEx_Calibration_Start)
    HAL_ADC_ConfigChannel                    0x08000e21   Thumb Code   246  stm32l0xx_hal_adc.o(i.HAL_ADC_ConfigChannel)
    HAL_ADC_Init                             0x08000f29   Thumb Code   562  stm32l0xx_hal_adc.o(i.HAL_ADC_Init)
    HAL_ADC_MspInit                          0x08001165   Thumb Code    88  stm32l0xx_hal_msp.o(i.HAL_ADC_MspInit)
    HAL_DMA_Abort_IT                         0x080011c5   Thumb Code    92  stm32l0xx_hal_dma.o(i.HAL_DMA_Abort_IT)
    HAL_DMA_IRQHandler                       0x08001221   Thumb Code   264  stm32l0xx_hal_dma.o(i.HAL_DMA_IRQHandler)
    HAL_DMA_Init                             0x08001329   Thumb Code   158  stm32l0xx_hal_dma.o(i.HAL_DMA_Init)
    HAL_DMA_Start_IT                         0x080013d1   Thumb Code   154  stm32l0xx_hal_dma.o(i.HAL_DMA_Start_IT)
    HAL_GPIO_EXTI_Callback                   0x0800146d   Thumb Code    98  stm32l0xx_it.o(i.HAL_GPIO_EXTI_Callback)
    HAL_GPIO_EXTI_IRQHandler                 0x08001505   Thumb Code    26  stm32l0xx_hal_gpio.o(i.HAL_GPIO_EXTI_IRQHandler)
    HAL_GPIO_Init                            0x08001525   Thumb Code   472  stm32l0xx_hal_gpio.o(i.HAL_GPIO_Init)
    HAL_GPIO_ReadPin                         0x0800171d   Thumb Code    18  stm32l0xx_hal_gpio.o(i.HAL_GPIO_ReadPin)
    HAL_GPIO_TogglePin                       0x0800172f   Thumb Code     8  stm32l0xx_hal_gpio.o(i.HAL_GPIO_TogglePin)
    HAL_GPIO_WritePin                        0x08001737   Thumb Code    12  stm32l0xx_hal_gpio.o(i.HAL_GPIO_WritePin)
    HAL_GetTick                              0x08001745   Thumb Code     6  stm32l0xx_hal.o(i.HAL_GetTick)
    HAL_I2CEx_ConfigAnalogFilter             0x08001751   Thumb Code   110  stm32l0xx_hal_i2c_ex.o(i.HAL_I2CEx_ConfigAnalogFilter)
    HAL_I2CEx_ConfigDigitalFilter            0x080017bf   Thumb Code   112  stm32l0xx_hal_i2c_ex.o(i.HAL_I2CEx_ConfigDigitalFilter)
    HAL_I2C_Init                             0x08001831   Thumb Code   208  stm32l0xx_hal_i2c.o(i.HAL_I2C_Init)
    HAL_I2C_Mem_Write                        0x08001905   Thumb Code   414  stm32l0xx_hal_i2c.o(i.HAL_I2C_Mem_Write)
    HAL_I2C_MspInit                          0x08001aa9   Thumb Code    98  stm32l0xx_hal_msp.o(i.HAL_I2C_MspInit)
    HAL_IncTick                              0x08001b19   Thumb Code    12  stm32l0xx_hal.o(i.HAL_IncTick)
    HAL_Init                                 0x08001b29   Thumb Code    38  stm32l0xx_hal.o(i.HAL_Init)
    HAL_InitTick                             0x08001b55   Thumb Code    46  stm32l0xx_hal.o(i.HAL_InitTick)
    HAL_MspInit                              0x08001b89   Thumb Code    26  stm32l0xx_hal_msp.o(i.HAL_MspInit)
    HAL_NVIC_DisableIRQ                      0x08001ba9   Thumb Code    18  stm32l0xx_hal_cortex.o(i.HAL_NVIC_DisableIRQ)
    HAL_NVIC_EnableIRQ                       0x08001bc1   Thumb Code    18  stm32l0xx_hal_cortex.o(i.HAL_NVIC_EnableIRQ)
    HAL_NVIC_SetPriority                     0x08001bd9   Thumb Code    18  stm32l0xx_hal_cortex.o(i.HAL_NVIC_SetPriority)
    HAL_PWR_DisableWakeUpPin                 0x08001bed   Thumb Code    12  stm32l0xx_hal_pwr.o(i.HAL_PWR_DisableWakeUpPin)
    HAL_RCCEx_PeriphCLKConfig                0x08001bfd   Thumb Code   576  stm32l0xx_hal_rcc_ex.o(i.HAL_RCCEx_PeriphCLKConfig)
    HAL_RCC_ClockConfig                      0x08001e49   Thumb Code   498  stm32l0xx_hal_rcc.o(i.HAL_RCC_ClockConfig)
    HAL_RCC_GetHCLKFreq                      0x08002051   Thumb Code     6  stm32l0xx_hal_rcc.o(i.HAL_RCC_GetHCLKFreq)
    HAL_RCC_GetPCLK1Freq                     0x0800205d   Thumb Code    26  stm32l0xx_hal_rcc.o(i.HAL_RCC_GetPCLK1Freq)
    HAL_RCC_GetPCLK2Freq                     0x08002081   Thumb Code    26  stm32l0xx_hal_rcc.o(i.HAL_RCC_GetPCLK2Freq)
    HAL_RCC_GetSysClockFreq                  0x080020a5   Thumb Code   186  stm32l0xx_hal_rcc.o(i.HAL_RCC_GetSysClockFreq)
    HAL_RCC_OscConfig                        0x08002175   Thumb Code  1588  stm32l0xx_hal_rcc.o(i.HAL_RCC_OscConfig)
    HAL_RTCEx_DeactivateWakeUpTimer          0x080027b5   Thumb Code   172  stm32l0xx_hal_rtc_ex.o(i.HAL_RTCEx_DeactivateWakeUpTimer)
    HAL_RTCEx_WakeUpTimerEventCallback       0x08002861   Thumb Code    24  stm32l0xx_it.o(i.HAL_RTCEx_WakeUpTimerEventCallback)
    HAL_RTCEx_WakeUpTimerIRQHandler          0x08002881   Thumb Code    58  stm32l0xx_hal_rtc_ex.o(i.HAL_RTCEx_WakeUpTimerIRQHandler)
    HAL_RTC_Init                             0x080028c5   Thumb Code   248  stm32l0xx_hal_rtc.o(i.HAL_RTC_Init)
    HAL_RTC_MspInit                          0x080029c1   Thumb Code    44  stm32l0xx_hal_msp.o(i.HAL_RTC_MspInit)
    HAL_RTC_SetDate                          0x080029f5   Thumb Code   282  stm32l0xx_hal_rtc.o(i.HAL_RTC_SetDate)
    HAL_RTC_SetTime                          0x08002b15   Thumb Code   326  stm32l0xx_hal_rtc.o(i.HAL_RTC_SetTime)
    HAL_RTC_WaitForSynchro                   0x08002c61   Thumb Code    58  stm32l0xx_hal_rtc.o(i.HAL_RTC_WaitForSynchro)
    HAL_SPI_Init                             0x08002c9b   Thumb Code   146  stm32l0xx_hal_spi.o(i.HAL_SPI_Init)
    HAL_SPI_MspInit                          0x08002d2d   Thumb Code   176  stm32l0xx_hal_msp.o(i.HAL_SPI_MspInit)
    HAL_SPI_Receive                          0x08002ded   Thumb Code   396  stm32l0xx_hal_spi.o(i.HAL_SPI_Receive)
    HAL_SPI_Transmit                         0x08002f79   Thumb Code   456  stm32l0xx_hal_spi.o(i.HAL_SPI_Transmit)
    HAL_SPI_TransmitReceive                  0x08003141   Thumb Code   600  stm32l0xx_hal_spi.o(i.HAL_SPI_TransmitReceive)
    HAL_SYSTICK_Config                       0x08003399   Thumb Code    46  stm32l0xx_hal_cortex.o(i.HAL_SYSTICK_Config)
    HAL_TIM_Base_Start_IT                    0x080033d1   Thumb Code    42  stm32l0xx_hal_tim.o(i.HAL_TIM_Base_Start_IT)
    HAL_TIM_Base_Stop_IT                     0x080033fd   Thumb Code    46  stm32l0xx_hal_tim.o(i.HAL_TIM_Base_Stop_IT)
    HAL_TIM_IC_CaptureCallback               0x08003431   Thumb Code     2  stm32l0xx_hal_tim.o(i.HAL_TIM_IC_CaptureCallback)
    HAL_TIM_IRQHandler                       0x08003433   Thumb Code   380  stm32l0xx_hal_tim.o(i.HAL_TIM_IRQHandler)
    HAL_TIM_OC_DelayElapsedCallback          0x080035af   Thumb Code     2  stm32l0xx_hal_tim.o(i.HAL_TIM_OC_DelayElapsedCallback)
    HAL_TIM_PWM_PulseFinishedCallback        0x080035b1   Thumb Code     2  stm32l0xx_hal_tim.o(i.HAL_TIM_PWM_PulseFinishedCallback)
    HAL_TIM_PeriodElapsedCallback            0x080035b5   Thumb Code    56  stm32l0xx_it.o(i.HAL_TIM_PeriodElapsedCallback)
    HAL_TIM_TriggerCallback                  0x080035fd   Thumb Code     2  stm32l0xx_hal_tim.o(i.HAL_TIM_TriggerCallback)
    HAL_UARTEx_WakeupCallback                0x080035ff   Thumb Code     2  stm32l0xx_hal_uart_ex.o(i.HAL_UARTEx_WakeupCallback)
    HAL_UART_ErrorCallback                   0x08003601   Thumb Code     2  stm32l0xx_hal_uart.o(i.HAL_UART_ErrorCallback)
    HAL_UART_IRQHandler                      0x08003605   Thumb Code   456  stm32l0xx_hal_uart.o(i.HAL_UART_IRQHandler)
    HAL_UART_Init                            0x080037d1   Thumb Code   126  stm32l0xx_hal_uart.o(i.HAL_UART_Init)
    HAL_UART_MspInit                         0x08003851   Thumb Code   330  uart.o(i.HAL_UART_MspInit)
    HAL_UART_Receive_IT                      0x080039b5   Thumb Code   266  stm32l0xx_hal_uart.o(i.HAL_UART_Receive_IT)
    HAL_UART_RxCpltCallback                  0x08003acd   Thumb Code   144  uart.o(i.HAL_UART_RxCpltCallback)
    HAL_UART_Transmit                        0x08003b8d   Thumb Code   256  stm32l0xx_hal_uart.o(i.HAL_UART_Transmit)
    HAL_UART_Transmit_DMA                    0x08003c8d   Thumb Code   202  stm32l0xx_hal_uart.o(i.HAL_UART_Transmit_DMA)
    HAL_UART_TxCpltCallback                  0x08003d65   Thumb Code     2  stm32l0xx_hal_uart.o(i.HAL_UART_TxCpltCallback)
    HAL_UART_TxHalfCpltCallback              0x08003d67   Thumb Code     2  stm32l0xx_hal_uart.o(i.HAL_UART_TxHalfCpltCallback)
    HardFault_Handler                        0x08003d69   Thumb Code     4  stm32l0xx_it.o(i.HardFault_Handler)
    I2C_Bus_Init                             0x08003d6d   Thumb Code     8  bsp_i2c.o(i.I2C_Bus_Init)
    LowPower_WakeUp                          0x08004015   Thumb Code    78  pwr_mode_rtc.o(i.LowPower_WakeUp)
    MPU6050_Init                             0x0800406d   Thumb Code   112  mpu6050.o(i.MPU6050_Init)
    MPU6050_WriteReg                         0x080040dd   Thumb Code    42  mpu6050.o(i.MPU6050_WriteReg)
    MX_GPIO_Init                             0x08004199   Thumb Code   204  main.o(i.MX_GPIO_Init)
    MX_RTC_Init                              0x080042b9   Thumb Code    36  rtc.o(i.MX_RTC_Init)
    MX_SPI1_Init                             0x080042e5   Thumb Code    60  spi.o(i.MX_SPI1_Init)
    MX_USART1_UART_Init                      0x08004329   Thumb Code    62  uart.o(i.MX_USART1_UART_Init)
    MX_USART4_UART_Init                      0x08004381   Thumb Code    62  uart.o(i.MX_USART4_UART_Init)
    NMI_Handler                              0x080043d9   Thumb Code     2  stm32l0xx_it.o(i.NMI_Handler)
    PendSV_Handler                           0x08004455   Thumb Code     2  stm32l0xx_it.o(i.PendSV_Handler)
    RF_Frenq_Set                             0x08004459   Thumb Code    32  sysmanage_tsk.o(i.RF_Frenq_Set)
    RTC_ByteToBcd2                           0x0800447d   Thumb Code    28  stm32l0xx_hal_rtc.o(i.RTC_ByteToBcd2)
    RTC_EnterInitMode                        0x08004499   Thumb Code    64  stm32l0xx_hal_rtc.o(i.RTC_EnterInitMode)
    RTC_IRQHandler                           0x080044d9   Thumb Code    10  stm32l0xx_it.o(i.RTC_IRQHandler)
    RTC_Init                                 0x080044e9   Thumb Code    64  rtc.o(i.RTC_Init)
    RecidatatoSet                            0x08004535   Thumb Code   222  uart.o(i.RecidatatoSet)
    RecidatatoSet2                           0x08004639   Thumb Code   160  uart.o(i.RecidatatoSet2)
    SPI1_Init                                0x080046fd   Thumb Code     8  spi.o(i.SPI1_Init)
    SPI_ADXL355_M_READ                       0x08004705   Thumb Code   116  adxl355.o(i.SPI_ADXL355_M_READ)
    SPI_ADXL355_S_READ                       0x08004779   Thumb Code    16  adxl355.o(i.SPI_ADXL355_S_READ)
    SPI_SetSpeed                             0x08004885   Thumb Code    42  sx1278.o(i.SPI_SetSpeed)
    SUM_Check                                0x08004961   Thumb Code    38  crc.o(i.SUM_Check)
    SVC_Handler                              0x08004987   Thumb Code     2  stm32l0xx_it.o(i.SVC_Handler)
    SX1278_ConfigRxMode                      0x08004989   Thumb Code    50  sx1278.o(i.SX1278_ConfigRxMode)
    SX1278_ConfigTxMode                      0x080049bb   Thumb Code    52  sx1278.o(i.SX1278_ConfigTxMode)
    SX1278_GpioInit                          0x080049f1   Thumb Code   196  sx1278.o(i.SX1278_GpioInit)
    SX1278_LoraInit                          0x08004ac1   Thumb Code    34  sx1278.o(i.SX1278_LoraInit)
    SX1278_ReadBuf                           0x08004ae9   Thumb Code    58  sx1278.o(i.SX1278_ReadBuf)
    SX1278_ReadReg                           0x08004b2d   Thumb Code    60  sx1278.o(i.SX1278_ReadReg)
    SX1278_ReceivePacket                     0x08004b71   Thumb Code   302  sx1278.o(i.SX1278_ReceivePacket)
    SX1278_RegInitConfig                     0x08004cb5   Thumb Code    98  sx1278.o(i.SX1278_RegInitConfig)
    SX1278_SPI_Init                          0x08004d1d   Thumb Code    62  sx1278.o(i.SX1278_SPI_Init)
    SX1278_SendPacket                        0x08004d65   Thumb Code    78  sx1278.o(i.SX1278_SendPacket)
    SX1278_SetSleepMode                      0x08004db9   Thumb Code    12  sx1278.o(i.SX1278_SetSleepMode)
    SX1278_WriteBuf                          0x08004dc5   Thumb Code    66  sx1278.o(i.SX1278_WriteBuf)
    SX1278_WriteReg                          0x08004e11   Thumb Code    64  sx1278.o(i.SX1278_WriteReg)
    SenddatatoSWJ                            0x08004e59   Thumb Code   304  uart.o(i.SenddatatoSWJ)
    SysTick_Handler                          0x08004fa1   Thumb Code    98  stm32l0xx_it.o(i.SysTick_Handler)
    SystemClock_Config                       0x08005015   Thumb Code   180  main.o(i.SystemClock_Config)
    SystemInit                               0x080050d1   Thumb Code    88  system_stm32l0xx.o(i.SystemInit)
    TIM2_IRQHandler                          0x08005139   Thumb Code    10  stm32l0xx_it.o(i.TIM2_IRQHandler)
    TIM3_IRQHandler                          0x08005149   Thumb Code    10  stm32l0xx_it.o(i.TIM3_IRQHandler)
    UART_AdvFeatureConfig                    0x08005159   Thumb Code   240  stm32l0xx_hal_uart.o(i.UART_AdvFeatureConfig)
    UART_CheckIdleState                      0x08005249   Thumb Code   106  stm32l0xx_hal_uart.o(i.UART_CheckIdleState)
    UART_Init                                0x080053c1   Thumb Code    38  uart.o(i.UART_Init)
    UART_SetConfig                           0x080054d5   Thumb Code   970  stm32l0xx_hal_uart.o(i.UART_SetConfig)
    UART_WaitOnFlagUntilTimeout              0x080058d5   Thumb Code   108  stm32l0xx_hal_uart.o(i.UART_WaitOnFlagUntilTimeout)
    USART1_IRQHandler                        0x08005941   Thumb Code    10  uart.o(i.USART1_IRQHandler)
    USART4_5_IRQHandler                      0x08005951   Thumb Code    10  uart.o(i.USART4_5_IRQHandler)
    UartRx_Treat                             0x08005961   Thumb Code  1858  uart.o(i.UartRx_Treat)
    Uart_Send_Array                          0x080060b9   Thumb Code    20  uart.o(i.Uart_Send_Array)
    XL355_Accel_Read                         0x080060d1   Thumb Code   492  inclinationcalc.o(i.XL355_Accel_Read)
    XL355_Temp_Calc                          0x080062f5   Thumb Code    84  inclinationcalc.o(i.XL355_Temp_Calc)
    __0printf                                0x08006359   Thumb Code    24  printfa.o(i.__0printf)
    __1printf                                0x08006359   Thumb Code     0  printfa.o(i.__0printf)
    __2printf                                0x08006359   Thumb Code     0  printfa.o(i.__0printf)
    __c89printf                              0x08006359   Thumb Code     0  printfa.o(i.__0printf)
    printf                                   0x08006359   Thumb Code     0  printfa.o(i.__0printf)
    __ARM_clz                                0x08006379   Thumb Code    46  depilogue.o(i.__ARM_clz)
    __ARM_common_ll_muluu                    0x080063a7   Thumb Code    48  stm32l0xx_hal_uart.o(i.__ARM_common_ll_muluu)
    __ARM_common_switch8                     0x080063d7   Thumb Code    28  lora_tsk.o(i.__ARM_common_switch8)
    __scatterload_copy                       0x080063f3   Thumb Code    14  handlers.o(i.__scatterload_copy)
    __scatterload_null                       0x08006401   Thumb Code     2  handlers.o(i.__scatterload_null)
    __scatterload_zeroinit                   0x08006403   Thumb Code    14  handlers.o(i.__scatterload_zeroinit)
    delay                                    0x08006cbd   Thumb Code    28  main.o(i.delay)
    fputc                                    0x08006cdd   Thumb Code    28  uart.o(i.fputc)
    main                                     0x08006cfd   Thumb Code   126  main.o(i.main)
    sEepromGPIOInit                          0x08006d8d   Thumb Code   198  ex_eeprom_driver.o(i.sEepromGPIOInit)
    AHBPrescTable                            0x08006e64   Data          16  system_stm32l0xx.o(.constdata)
    APBPrescTable                            0x08006e74   Data           8  system_stm32l0xx.o(.constdata)
    PLLMulTable                              0x08006e7c   Data           9  system_stm32l0xx.o(.constdata)
    Offset_X                                 0x08006e88   Data         324  inclinationcalc.o(.constdata)
    Offset_Y                                 0x08006fcc   Data         324  inclinationcalc.o(.constdata)
    Offset_Z                                 0x08007110   Data         324  inclinationcalc.o(.constdata)
    Region$$Table$$Base                      0x08007254   Number         0  anon$$obj.o(Region$$Table)
    Region$$Table$$Limit                     0x08007274   Number         0  anon$$obj.o(Region$$Table)
    g_u8HwVerison                            0x20000000   Data           1  main.o(.data)
    g_u8SwVerison                            0x20000001   Data           1  main.o(.data)
    SoftWare_Version                         0x20000004   Data           4  main.o(.data)
    u32CurrentMinutes                        0x20000008   Data           4  main.o(.data)
    SunPower                                 0x2000000c   Data           4  main.o(.data)
    EnterStopFlag                            0x20000010   Data           1  main.o(.data)
    RecvCount                                0x20000011   Data           1  main.o(.data)
    u8_ReciveFailCnt                         0x20000012   Data           1  main.o(.data)
    u8_cmd_num                               0x20000013   Data           1  main.o(.data)
    u8_Fault_Cnt_Sx1                         0x20000014   Data           1  main.o(.data)
    u8_Fault_Cnt_Sx2                         0x20000015   Data           1  main.o(.data)
    u8_Fault_Cnt_Hx1                         0x20000016   Data           1  main.o(.data)
    u8_Fault_Cnt_Hx2                         0x20000017   Data           1  main.o(.data)
    SendDataFlag                             0x20000018   Data           1  stm32l0xx_it.o(.data)
    cnt1                                     0x20000019   Data           1  stm32l0xx_it.o(.data)
    Send_4G                                  0x2000001a   Data           1  stm32l0xx_it.o(.data)
    Incl_Data_Ready                          0x2000001b   Data           1  stm32l0xx_it.o(.data)
    TIM3_Count                               0x2000001c   Data           4  stm32l0xx_it.o(.data)
    Xdata_Struct                             0x20000020   Data           4  stm32l0xx_it.o(.data)
    Ydata_Struct                             0x20000024   Data           4  stm32l0xx_it.o(.data)
    Zdata_Struct                             0x20000028   Data           4  stm32l0xx_it.o(.data)
    g_statecheck                             0x2000002c   Data           8  sysmanage_tsk.o(.data)
    wSysState                                0x20000034   Data           2  sysmanage_tsk.o(.data)
    RunLED                                   0x20000036   Data           1  sysmanage_tsk.o(.data)
    LPWStatus                                0x20000037   Data           1  sysmanage_tsk.o(.data)
    uwTick                                   0x2000003c   Data           4  stm32l0xx_hal.o(.data)
    SystemCoreClock                          0x20000040   Data           4  system_stm32l0xx.o(.data)
    USART1_RX_STA                            0x20000044   Data           2  uart.o(.data)
    LTEUartReceiveData                       0x20000046   Data           1  uart.o(.data)
    LTEUartReceiveBuffIndex                  0x20000048   Data           4  uart.o(.data)
    LTEUartRx_OK_Flag                        0x2000004c   Data           1  uart.o(.data)
    LTEUartRx_Data_Length                    0x20000050   Data           4  uart.o(.data)
    LTEUartRx_Time_Tick                      0x20000054   Data           4  uart.o(.data)
    LTEUartTx_OK_Flag                        0x20000058   Data           1  uart.o(.data)
    UartReceiveBuffIndex                     0x20000059   Data           1  uart.o(.data)
    UartReceiveLTEBuffIndex                  0x2000005a   Data           1  uart.o(.data)
    TimeTick                                 0x2000005c   Data           4  uart.o(.data)
    sConfig                                  0x20000060   Data           8  adc.o(.data)
    Buff_ADC_CHANNEL_0                       0x20000068   Data           2  adc.o(.data)
    Buff_ADC_CHANNEL_VREFINT                 0x2000006a   Data           2  adc.o(.data)
    voltage_data                             0x2000006c   Data           4  adc.o(.data)
    LimitValue                               0x20000074   Data           4  eeprom.o(.data)
    SensorID                                 0x20000078   Data           1  eeprom.o(.data)
    GateWayID                                0x20000079   Data           1  eeprom.o(.data)
    CalibrationTime                          0x2000007a   Data           3  eeprom.o(.data)
    HeartBeatTime                            0x2000007d   Data           3  eeprom.o(.data)
    LoraCommDelayTime                        0x20000080   Data           4  eeprom.o(.data)
    LoraCommDelayTimeTick                    0x20000084   Data           4  eeprom.o(.data)
    LoraCommWaitTime                         0x20000088   Data           4  eeprom.o(.data)
    LoraCommWaitTimetick                     0x2000008c   Data           4  eeprom.o(.data)
    LoraCommCallBackWaitTime                 0x20000090   Data           4  eeprom.o(.data)
    LoraCommCallBackTick                     0x20000094   Data           4  eeprom.o(.data)
    sta1                                     0x20000098   Data           1  sx1278.o(.data)
    WATCH1                                   0x2000009a   Data           2  sx1278.o(.data)
    WATCH2                                   0x2000009c   Data           2  sx1278.o(.data)
    RTC_Data                                 0x2000009e   Data           4  rtc.o(.data)
    dogtimes                                 0x200000a4   Data           4  pwr_mode_rtc.o(.data)
    LowPowerTimes                            0x200000a8   Data           4  pwr_mode_rtc.o(.data)
    bEepromWriteFlag                         0x200000b0   Data           1  ex_eeprom_app.o(.data)
    wEEpromChipStatus                        0x200000b2   Data           2  ex_eeprom_app.o(.data)
    wEEpromDataStatus                        0x200000b4   Data           2  ex_eeprom_app.o(.data)
    wEepromWriteStep                         0x200000b6   Data           2  ex_eeprom_app.o(.data)
    wpRamStartAddr                           0x200000b8   Data           4  ex_eeprom_app.o(.data)
    wpRamStopAddr                            0x200000bc   Data           4  ex_eeprom_app.o(.data)
    wpRamAddrTemp                            0x200000c0   Data           4  ex_eeprom_app.o(.data)
    wEepromAddr                              0x200000c4   Data           2  ex_eeprom_app.o(.data)
    wEepromWriteOK                           0x200000c6   Data           2  ex_eeprom_app.o(.data)
    wEepromWriteNumber                       0x200000c8   Data           2  ex_eeprom_app.o(.data)
    dwEepromWriteCheckSum                    0x200000cc   Data           4  ex_eeprom_app.o(.data)
    wFaultEEPCNT                             0x200000d0   Data           2  ex_eeprom_app.o(.data)
    wFaulFlag                                0x200000d2   Data           2  ex_eeprom_app.o(.data)
    __stdout                                 0x200000d4   Data           4  stdout.o(.data)
    ReceiveBuff                              0x200000d8   Data          20  lora_tsk.o(.bss)
    u8_ReceiveBuffer                         0x200000ec   Data         256  lora_tsk.o(.bss)
    stLoraRxData                             0x200001ec   Data         260  lora_tsk.o(.bss)
    g_u8_Instruct                            0x200002f0   Data          11  main.o(.bss)
    htim3                                    0x200002fc   Data          60  main.o(.bss)
    htim2                                    0x20000338   Data          60  main.o(.bss)
    DATABUFF                                 0x20000374   Data          21  stm32l0xx_it.o(.bss)
    Task_Delay                               0x2000038c   Data          40  stm32l0xx_it.o(.bss)
    g_SysData                                0x200003b4   Data          52  sysmanage_tsk.o(.bss)
    hiwdg                                    0x200003e8   Data          16  sysmanage_tsk.o(.bss)
    hi2c1                                    0x200003f8   Data          76  bsp_i2c.o(.bss)
    huart1                                   0x20000444   Data         128  uart.o(.bss)
    hdma_usart1_tx                           0x200004c4   Data          72  uart.o(.bss)
    hdma_usart1_rx                           0x2000050c   Data          72  uart.o(.bss)
    LTEUartReceiveBuff                       0x20000554   Data         200  uart.o(.bss)
    USART1_Handler                           0x2000061c   Data         128  uart.o(.bss)
    USART4_Handler                           0x2000069c   Data         128  uart.o(.bss)
    UartReceiveBuff                          0x2000071c   Data          20  uart.o(.bss)
    UartLTEReceiveBuff                       0x20000730   Data         100  uart.o(.bss)
    SendBuffTest                             0x20000794   Data          10  uart.o(.bss)
    UartSendBuff                             0x2000079e   Data         100  uart.o(.bss)
    hadc                                     0x20000804   Data          92  adc.o(.bss)
    hspi1                                    0x20000860   Data          88  spi.o(.bss)
    hspi2                                    0x200008b8   Data          88  spi.o(.bss)
    RFBuffer                                 0x20000910   Data         128  sx1278.o(.bss)
    Hspi                                     0x20000990   Data          88  sx1278.o(.bss)
    hrtc                                     0x200009e8   Data          36  rtc.o(.bss)
    RTC_Time                                 0x20000a0c   Data          20  rtc.o(.bss)
    sXD355_DATA                              0x20000a20   Data          56  adxl355.o(.bss)
    W_data                                   0x20000a58   Data           9  adxl355.o(.bss)
    R_data                                   0x20000a61   Data           9  adxl355.o(.bss)
    sIncl_Data                               0x20000a6c   Data         152  inclinationcalc.o(.bss)
    accel                                    0x20000b04   Data          12  inclinationcalc.o(.bss)
    Angle                                    0x20000b10   Data          12  inclinationcalc.o(.bss)
    unEeprom                                 0x20000b1c   Data         128  ex_eeprom_app.o(.bss)
    __initial_sp                             0x20000fa0   Data           0  startup_stm32l071xx.o(STACK)



==============================================================================

Memory Map of the image

  Image Entry point : 0x080000c1

  Load Region LR_IROM1 (Base: 0x08000000, Size: 0x0000734c, Max: 0x00020000, ABSOLUTE)

    Execution Region ER_IROM1 (Base: 0x08000000, Size: 0x00007274, Max: 0x00020000, ABSOLUTE)

    Base Addr    Size         Type   Attr      Idx    E Section Name        Object

    0x08000000   0x000000c0   Data   RO            3    RESET               startup_stm32l071xx.o
    0x080000c0   0x00000000   Code   RO         6130  * .ARM.Collect$$$$00000000  mc_p.l(entry.o)
    0x080000c0   0x00000004   Code   RO         6475    .ARM.Collect$$$$00000001  mc_p.l(entry2.o)
    0x080000c4   0x00000004   Code   RO         6478    .ARM.Collect$$$$00000004  mc_p.l(entry5.o)
    0x080000c8   0x00000000   Code   RO         6480    .ARM.Collect$$$$00000008  mc_p.l(entry7b.o)
    0x080000c8   0x00000000   Code   RO         6482    .ARM.Collect$$$$0000000A  mc_p.l(entry8b.o)
    0x080000c8   0x00000008   Code   RO         6483    .ARM.Collect$$$$0000000B  mc_p.l(entry9a.o)
    0x080000d0   0x00000000   Code   RO         6485    .ARM.Collect$$$$0000000D  mc_p.l(entry10a.o)
    0x080000d0   0x00000000   Code   RO         6487    .ARM.Collect$$$$0000000F  mc_p.l(entry11a.o)
    0x080000d0   0x00000004   Code   RO         6476    .ARM.Collect$$$$00002712  mc_p.l(entry2.o)
    0x080000d4   0x0000001c   Code   RO            4    .text               startup_stm32l071xx.o
    0x080000f0   0x0000002c   Code   RO         6133    .text               mc_p.l(uidiv.o)
    0x0800011c   0x00000028   Code   RO         6135    .text               mc_p.l(idiv.o)
    0x08000144   0x00000060   Code   RO         6137    .text               mc_p.l(uldiv.o)
    0x080001a4   0x00000024   Code   RO         6141    .text               mc_p.l(memseta.o)
    0x080001c8   0x000000b2   Code   RO         6412    .text               mf_p.l(fadd.o)
    0x0800027a   0x0000007a   Code   RO         6414    .text               mf_p.l(fmul.o)
    0x080002f4   0x0000007c   Code   RO         6416    .text               mf_p.l(fdiv.o)
    0x08000370   0x00000164   Code   RO         6418    .text               mf_p.l(dadd.o)
    0x080004d4   0x000000d0   Code   RO         6420    .text               mf_p.l(dmul.o)
    0x080005a4   0x000000f0   Code   RO         6422    .text               mf_p.l(ddiv.o)
    0x08000694   0x00000016   Code   RO         6424    .text               mf_p.l(fflti.o)
    0x080006aa   0x0000000e   Code   RO         6426    .text               mf_p.l(ffltui.o)
    0x080006b8   0x00000028   Code   RO         6430    .text               mf_p.l(ffixui.o)
    0x080006e0   0x00000028   Code   RO         6434    .text               mf_p.l(f2d.o)
    0x08000708   0x00000028   Code   RO         6436    .text               mf_p.l(cdcmple.o)
    0x08000730   0x00000028   Code   RO         6438    .text               mf_p.l(cdrcmple.o)
    0x08000758   0x00000038   Code   RO         6440    .text               mf_p.l(d2f.o)
    0x08000790   0x00000020   Code   RO         6490    .text               mc_p.l(llshl.o)
    0x080007b0   0x00000022   Code   RO         6492    .text               mc_p.l(llushr.o)
    0x080007d2   0x00000026   Code   RO         6494    .text               mc_p.l(llsshr.o)
    0x080007f8   0x00000000   Code   RO         6505    .text               mc_p.l(iusefp.o)
    0x080007f8   0x00000082   Code   RO         6506    .text               mf_p.l(fepilogue.o)
    0x0800087a   0x000000be   Code   RO         6508    .text               mf_p.l(depilogue.o)
    0x08000938   0x00000040   Code   RO         6516    .text               mf_p.l(dfixul.o)
    0x08000978   0x00000024   Code   RO         6518    .text               mc_p.l(init.o)
    0x0800099c   0x0000002c   Code   RO          745    i.ADC_DelayMicroSecond  stm32l0xx_hal_adc.o
    0x080009c8   0x00000014   Code   RO         4614    i.ADC_Init          adc.o
    0x080009dc   0x00000020   Code   RO         5139    i.ADXL355_Acceleration_Data_Conversion  inclinationcalc.o
    0x080009fc   0x00000068   Code   RO         5053    i.ADXL355_GpioInit  adxl355.o
    0x08000a64   0x00000054   Code   RO         5055    i.ADXL355_ReadBuff  adxl355.o
    0x08000ab8   0x00000054   Code   RO         5057    i.ADXL355_ReadReg   adxl355.o
    0x08000b0c   0x0000000c   Code   RO         5058    i.ADXL355_SPI_Init  adxl355.o
    0x08000b18   0x00000018   Code   RO          499    i.DMA1_Channel2_3_IRQHandler  stm32l0xx_it.o
    0x08000b30   0x0000002e   Code   RO         3657    i.DMA_SetConfig     stm32l0xx_hal_dma.o
    0x08000b5e   0x00000002   PAD
    0x08000b60   0x0000013c   Code   RO          399    i.DataInit          main.o
    0x08000c9c   0x0000000a   Code   RO          500    i.EXTI0_1_IRQHandler  stm32l0xx_it.o
    0x08000ca6   0x00000002   PAD
    0x08000ca8   0x00000020   Code   RO          501    i.EXTI2_3_IRQHandler  stm32l0xx_it.o
    0x08000cc8   0x0000000c   Code   RO          502    i.EXTI4_15_IRQHandler  stm32l0xx_it.o
    0x08000cd4   0x00000002   Code   RO          400    i.Error_Handler     main.o
    0x08000cd6   0x00000002   PAD
    0x08000cd8   0x0000006c   Code   RO         5198    i.Get_WakeUp        pwr_mode_rtc.o
    0x08000d44   0x000000dc   Code   RO          924    i.HAL_ADCEx_Calibration_Start  stm32l0xx_hal_adc_ex.o
    0x08000e20   0x00000108   Code   RO          749    i.HAL_ADC_ConfigChannel  stm32l0xx_hal_adc.o
    0x08000f28   0x0000023c   Code   RO          758    i.HAL_ADC_Init      stm32l0xx_hal_adc.o
    0x08001164   0x00000060   Code   RO          616    i.HAL_ADC_MspInit   stm32l0xx_hal_msp.o
    0x080011c4   0x0000005c   Code   RO         3659    i.HAL_DMA_Abort_IT  stm32l0xx_hal_dma.o
    0x08001220   0x00000108   Code   RO         3663    i.HAL_DMA_IRQHandler  stm32l0xx_hal_dma.o
    0x08001328   0x000000a8   Code   RO         3664    i.HAL_DMA_Init      stm32l0xx_hal_dma.o
    0x080013d0   0x0000009a   Code   RO         3668    i.HAL_DMA_Start_IT  stm32l0xx_hal_dma.o
    0x0800146a   0x00000002   PAD
    0x0800146c   0x00000098   Code   RO          503    i.HAL_GPIO_EXTI_Callback  stm32l0xx_it.o
    0x08001504   0x00000020   Code   RO         3597    i.HAL_GPIO_EXTI_IRQHandler  stm32l0xx_hal_gpio.o
    0x08001524   0x000001f8   Code   RO         3598    i.HAL_GPIO_Init     stm32l0xx_hal_gpio.o
    0x0800171c   0x00000012   Code   RO         3600    i.HAL_GPIO_ReadPin  stm32l0xx_hal_gpio.o
    0x0800172e   0x00000008   Code   RO         3601    i.HAL_GPIO_TogglePin  stm32l0xx_hal_gpio.o
    0x08001736   0x0000000c   Code   RO         3602    i.HAL_GPIO_WritePin  stm32l0xx_hal_gpio.o
    0x08001742   0x00000002   PAD
    0x08001744   0x0000000c   Code   RO         2943    i.HAL_GetTick       stm32l0xx_hal.o
    0x08001750   0x0000006e   Code   RO         1431    i.HAL_I2CEx_ConfigAnalogFilter  stm32l0xx_hal_i2c_ex.o
    0x080017be   0x00000070   Code   RO         1432    i.HAL_I2CEx_ConfigDigitalFilter  stm32l0xx_hal_i2c_ex.o
    0x0800182e   0x00000002   PAD
    0x08001830   0x000000d4   Code   RO          989    i.HAL_I2C_Init      stm32l0xx_hal_i2c.o
    0x08001904   0x000001a4   Code   RO         1010    i.HAL_I2C_Mem_Write  stm32l0xx_hal_i2c.o
    0x08001aa8   0x00000070   Code   RO          618    i.HAL_I2C_MspInit   stm32l0xx_hal_msp.o
    0x08001b18   0x00000010   Code   RO         2947    i.HAL_IncTick       stm32l0xx_hal.o
    0x08001b28   0x0000002c   Code   RO         2948    i.HAL_Init          stm32l0xx_hal.o
    0x08001b54   0x00000034   Code   RO         2949    i.HAL_InitTick      stm32l0xx_hal.o
    0x08001b88   0x00000020   Code   RO          619    i.HAL_MspInit       stm32l0xx_hal_msp.o
    0x08001ba8   0x00000018   Code   RO         3924    i.HAL_NVIC_DisableIRQ  stm32l0xx_hal_cortex.o
    0x08001bc0   0x00000018   Code   RO         3925    i.HAL_NVIC_EnableIRQ  stm32l0xx_hal_cortex.o
    0x08001bd8   0x00000012   Code   RO         3929    i.HAL_NVIC_SetPriority  stm32l0xx_hal_cortex.o
    0x08001bea   0x00000002   PAD
    0x08001bec   0x00000010   Code   RO         3754    i.HAL_PWR_DisableWakeUpPin  stm32l0xx_hal_pwr.o
    0x08001bfc   0x0000024c   Code   RO         3217    i.HAL_RCCEx_PeriphCLKConfig  stm32l0xx_hal_rcc_ex.o
    0x08001e48   0x00000208   Code   RO         3119    i.HAL_RCC_ClockConfig  stm32l0xx_hal_rcc.o
    0x08002050   0x0000000c   Code   RO         3123    i.HAL_RCC_GetHCLKFreq  stm32l0xx_hal_rcc.o
    0x0800205c   0x00000024   Code   RO         3125    i.HAL_RCC_GetPCLK1Freq  stm32l0xx_hal_rcc.o
    0x08002080   0x00000024   Code   RO         3126    i.HAL_RCC_GetPCLK2Freq  stm32l0xx_hal_rcc.o
    0x080020a4   0x000000d0   Code   RO         3127    i.HAL_RCC_GetSysClockFreq  stm32l0xx_hal_rcc.o
    0x08002174   0x00000640   Code   RO         3130    i.HAL_RCC_OscConfig  stm32l0xx_hal_rcc.o
    0x080027b4   0x000000ac   Code   RO         4173    i.HAL_RTCEx_DeactivateWakeUpTimer  stm32l0xx_hal_rtc_ex.o
    0x08002860   0x00000020   Code   RO          504    i.HAL_RTCEx_WakeUpTimerEventCallback  stm32l0xx_it.o
    0x08002880   0x00000044   Code   RO         4200    i.HAL_RTCEx_WakeUpTimerIRQHandler  stm32l0xx_hal_rtc_ex.o
    0x080028c4   0x000000fc   Code   RO         4040    i.HAL_RTC_Init      stm32l0xx_hal_rtc.o
    0x080029c0   0x00000034   Code   RO          621    i.HAL_RTC_MspInit   stm32l0xx_hal_msp.o
    0x080029f4   0x00000120   Code   RO         4046    i.HAL_RTC_SetDate   stm32l0xx_hal_rtc.o
    0x08002b14   0x0000014c   Code   RO         4047    i.HAL_RTC_SetTime   stm32l0xx_hal_rtc.o
    0x08002c60   0x0000003a   Code   RO         4048    i.HAL_RTC_WaitForSynchro  stm32l0xx_hal_rtc.o
    0x08002c9a   0x00000092   Code   RO         1492    i.HAL_SPI_Init      stm32l0xx_hal_spi.o
    0x08002d2c   0x000000c0   Code   RO          623    i.HAL_SPI_MspInit   stm32l0xx_hal_msp.o
    0x08002dec   0x0000018c   Code   RO         1495    i.HAL_SPI_Receive   stm32l0xx_hal_spi.o
    0x08002f78   0x000001c8   Code   RO         1500    i.HAL_SPI_Transmit  stm32l0xx_hal_spi.o
    0x08003140   0x00000258   Code   RO         1501    i.HAL_SPI_TransmitReceive  stm32l0xx_hal_spi.o
    0x08003398   0x00000038   Code   RO         3933    i.HAL_SYSTICK_Config  stm32l0xx_hal_cortex.o
    0x080033d0   0x0000002a   Code   RO         1806    i.HAL_TIM_Base_Start_IT  stm32l0xx_hal_tim.o
    0x080033fa   0x00000002   PAD
    0x080033fc   0x00000034   Code   RO         1809    i.HAL_TIM_Base_Stop_IT  stm32l0xx_hal_tim.o
    0x08003430   0x00000002   Code   RO         1830    i.HAL_TIM_IC_CaptureCallback  stm32l0xx_hal_tim.o
    0x08003432   0x0000017c   Code   RO         1844    i.HAL_TIM_IRQHandler  stm32l0xx_hal_tim.o
    0x080035ae   0x00000002   Code   RO         1847    i.HAL_TIM_OC_DelayElapsedCallback  stm32l0xx_hal_tim.o
    0x080035b0   0x00000002   Code   RO         1874    i.HAL_TIM_PWM_PulseFinishedCallback  stm32l0xx_hal_tim.o
    0x080035b2   0x00000002   PAD
    0x080035b4   0x00000048   Code   RO          505    i.HAL_TIM_PeriodElapsedCallback  stm32l0xx_it.o
    0x080035fc   0x00000002   Code   RO         1887    i.HAL_TIM_TriggerCallback  stm32l0xx_hal_tim.o
    0x080035fe   0x00000002   Code   RO         2870    i.HAL_UARTEx_WakeupCallback  stm32l0xx_hal_uart_ex.o
    0x08003600   0x00000002   Code   RO         2526    i.HAL_UART_ErrorCallback  stm32l0xx_hal_uart.o
    0x08003602   0x00000002   PAD
    0x08003604   0x000001cc   Code   RO         2529    i.HAL_UART_IRQHandler  stm32l0xx_hal_uart.o
    0x080037d0   0x0000007e   Code   RO         2530    i.HAL_UART_Init     stm32l0xx_hal_uart.o
    0x0800384e   0x00000002   PAD
    0x08003850   0x00000164   Code   RO         4483    i.HAL_UART_MspInit  uart.o
    0x080039b4   0x00000118   Code   RO         2535    i.HAL_UART_Receive_IT  stm32l0xx_hal_uart.o
    0x08003acc   0x000000c0   Code   RO         4484    i.HAL_UART_RxCpltCallback  uart.o
    0x08003b8c   0x00000100   Code   RO         2538    i.HAL_UART_Transmit  stm32l0xx_hal_uart.o
    0x08003c8c   0x000000d8   Code   RO         2539    i.HAL_UART_Transmit_DMA  stm32l0xx_hal_uart.o
    0x08003d64   0x00000002   Code   RO         2541    i.HAL_UART_TxCpltCallback  stm32l0xx_hal_uart.o
    0x08003d66   0x00000002   Code   RO         2542    i.HAL_UART_TxHalfCpltCallback  stm32l0xx_hal_uart.o
    0x08003d68   0x00000004   Code   RO          506    i.HardFault_Handler  stm32l0xx_it.o
    0x08003d6c   0x00000008   Code   RO         4449    i.I2C_Bus_Init      bsp_i2c.o
    0x08003d74   0x00000032   Code   RO         1036    i.I2C_Flush_TXDR    stm32l0xx_hal_i2c.o
    0x08003da6   0x00000002   PAD
    0x08003da8   0x000000a0   Code   RO         1044    i.I2C_IsAcknowledgeFailed  stm32l0xx_hal_i2c.o
    0x08003e48   0x00000080   Code   RO         1048    i.I2C_RequestMemoryWrite  stm32l0xx_hal_i2c.o
    0x08003ec8   0x00000038   Code   RO         1051    i.I2C_TransferConfig  stm32l0xx_hal_i2c.o
    0x08003f00   0x00000058   Code   RO         1052    i.I2C_WaitOnFlagUntilTimeout  stm32l0xx_hal_i2c.o
    0x08003f58   0x0000005a   Code   RO         1054    i.I2C_WaitOnSTOPFlagUntilTimeout  stm32l0xx_hal_i2c.o
    0x08003fb2   0x00000060   Code   RO         1055    i.I2C_WaitOnTXISFlagUntilTimeout  stm32l0xx_hal_i2c.o
    0x08004012   0x00000002   PAD
    0x08004014   0x00000058   Code   RO         5199    i.LowPower_WakeUp   pwr_mode_rtc.o
    0x0800406c   0x00000070   Code   RO         4961    i.MPU6050_Init      mpu6050.o
    0x080040dc   0x00000030   Code   RO         4963    i.MPU6050_WriteReg  mpu6050.o
    0x0800410c   0x0000008c   Code   RO         4615    i.MX_ADC_Init       adc.o
    0x08004198   0x000000d8   Code   RO          402    i.MX_GPIO_Init      main.o
    0x08004270   0x00000048   Code   RO         4450    i.MX_I2C1_Init      bsp_i2c.o
    0x080042b8   0x0000002c   Code   RO         4872    i.MX_RTC_Init       rtc.o
    0x080042e4   0x00000044   Code   RO         4714    i.MX_SPI1_Init      spi.o
    0x08004328   0x00000058   Code   RO         4485    i.MX_USART1_UART_Init  uart.o
    0x08004380   0x00000058   Code   RO         4486    i.MX_USART4_UART_Init  uart.o
    0x080043d8   0x00000002   Code   RO          507    i.NMI_Handler       stm32l0xx_it.o
    0x080043da   0x00000002   PAD
    0x080043dc   0x00000078   Code   RO         3935    i.NVIC_SetPriority  stm32l0xx_hal_cortex.o
    0x08004454   0x00000002   Code   RO          508    i.PendSV_Handler    stm32l0xx_it.o
    0x08004456   0x00000002   PAD
    0x08004458   0x00000024   Code   RO          697    i.RF_Frenq_Set      sysmanage_tsk.o
    0x0800447c   0x0000001c   Code   RO         4050    i.RTC_ByteToBcd2    stm32l0xx_hal_rtc.o
    0x08004498   0x00000040   Code   RO         4051    i.RTC_EnterInitMode  stm32l0xx_hal_rtc.o
    0x080044d8   0x00000010   Code   RO          509    i.RTC_IRQHandler    stm32l0xx_it.o
    0x080044e8   0x0000004c   Code   RO         4874    i.RTC_Init          rtc.o
    0x08004534   0x00000104   Code   RO         4487    i.RecidatatoSet     uart.o
    0x08004638   0x000000c4   Code   RO         4488    i.RecidatatoSet2    uart.o
    0x080046fc   0x00000008   Code   RO         4716    i.SPI1_Init         spi.o
    0x08004704   0x00000074   Code   RO         5060    i.SPI_ADXL355_M_READ  adxl355.o
    0x08004778   0x00000010   Code   RO         5061    i.SPI_ADXL355_S_READ  adxl355.o
    0x08004788   0x000000a2   Code   RO         1529    i.SPI_EndRxTransaction  stm32l0xx_hal_spi.o
    0x0800482a   0x0000005a   Code   RO         1530    i.SPI_EndRxTxTransaction  stm32l0xx_hal_spi.o
    0x08004884   0x00000034   Code   RO         4758    i.SPI_SetSpeed      sx1278.o
    0x080048b8   0x000000a8   Code   RO         1535    i.SPI_WaitFlagStateUntilTimeout  stm32l0xx_hal_spi.o
    0x08004960   0x00000026   Code   RO         4929    i.SUM_Check         crc.o
    0x08004986   0x00000002   Code   RO          510    i.SVC_Handler       stm32l0xx_it.o
    0x08004988   0x00000032   Code   RO         4759    i.SX1278_ConfigRxMode  sx1278.o
    0x080049ba   0x00000034   Code   RO         4760    i.SX1278_ConfigTxMode  sx1278.o
    0x080049ee   0x00000002   PAD
    0x080049f0   0x000000d0   Code   RO         4761    i.SX1278_GpioInit   sx1278.o
    0x08004ac0   0x00000028   Code   RO         4763    i.SX1278_LoraInit   sx1278.o
    0x08004ae8   0x00000044   Code   RO         4764    i.SX1278_ReadBuf    sx1278.o
    0x08004b2c   0x00000044   Code   RO         4765    i.SX1278_ReadReg    sx1278.o
    0x08004b70   0x00000144   Code   RO         4766    i.SX1278_ReceivePacket  sx1278.o
    0x08004cb4   0x00000068   Code   RO         4768    i.SX1278_RegInitConfig  sx1278.o
    0x08004d1c   0x00000048   Code   RO         4769    i.SX1278_SPI_Init   sx1278.o
    0x08004d64   0x00000054   Code   RO         4770    i.SX1278_SendPacket  sx1278.o
    0x08004db8   0x0000000c   Code   RO         4771    i.SX1278_SetSleepMode  sx1278.o
    0x08004dc4   0x0000004c   Code   RO         4772    i.SX1278_WriteBuf   sx1278.o
    0x08004e10   0x00000048   Code   RO         4773    i.SX1278_WriteReg   sx1278.o
    0x08004e58   0x00000148   Code   RO         4489    i.SenddatatoSWJ     uart.o
    0x08004fa0   0x00000074   Code   RO          511    i.SysTick_Handler   stm32l0xx_it.o
    0x08005014   0x000000bc   Code   RO          407    i.SystemClock_Config  main.o
    0x080050d0   0x00000068   Code   RO         4417    i.SystemInit        system_stm32l0xx.o
    0x08005138   0x00000010   Code   RO          512    i.TIM2_IRQHandler   stm32l0xx_it.o
    0x08005148   0x00000010   Code   RO          513    i.TIM3_IRQHandler   stm32l0xx_it.o
    0x08005158   0x000000f0   Code   RO         2543    i.UART_AdvFeatureConfig  stm32l0xx_hal_uart.o
    0x08005248   0x00000070   Code   RO         2544    i.UART_CheckIdleState  stm32l0xx_hal_uart.o
    0x080052b8   0x00000018   Code   RO         2545    i.UART_DMAAbortOnError  stm32l0xx_hal_uart.o
    0x080052d0   0x00000052   Code   RO         2546    i.UART_DMAError     stm32l0xx_hal_uart.o
    0x08005322   0x0000003a   Code   RO         2551    i.UART_DMATransmitCplt  stm32l0xx_hal_uart.o
    0x0800535c   0x0000000e   Code   RO         2553    i.UART_DMATxHalfCplt  stm32l0xx_hal_uart.o
    0x0800536a   0x00000024   Code   RO         2555    i.UART_EndRxTransfer  stm32l0xx_hal_uart.o
    0x0800538e   0x00000020   Code   RO         2556    i.UART_EndTransmit_IT  stm32l0xx_hal_uart.o
    0x080053ae   0x00000012   Code   RO         2557    i.UART_EndTxTransfer  stm32l0xx_hal_uart.o
    0x080053c0   0x0000003c   Code   RO         4490    i.UART_Init         uart.o
    0x080053fc   0x0000006c   Code   RO         2558    i.UART_RxISR_16BIT  stm32l0xx_hal_uart.o
    0x08005468   0x0000006c   Code   RO         2559    i.UART_RxISR_8BIT   stm32l0xx_hal_uart.o
    0x080054d4   0x00000400   Code   RO         2560    i.UART_SetConfig    stm32l0xx_hal_uart.o
    0x080058d4   0x0000006c   Code   RO         2563    i.UART_WaitOnFlagUntilTimeout  stm32l0xx_hal_uart.o
    0x08005940   0x00000010   Code   RO         4491    i.USART1_IRQHandler  uart.o
    0x08005950   0x00000010   Code   RO         4492    i.USART4_5_IRQHandler  uart.o
    0x08005960   0x00000758   Code   RO         4493    i.UartRx_Treat      uart.o
    0x080060b8   0x00000018   Code   RO         4494    i.Uart_Send_Array   uart.o
    0x080060d0   0x00000224   Code   RO         5142    i.XL355_Accel_Read  inclinationcalc.o
    0x080062f4   0x00000064   Code   RO         5143    i.XL355_Temp_Calc   inclinationcalc.o
    0x08006358   0x00000020   Code   RO         6382    i.__0printf         mc_p.l(printfa.o)
    0x08006378   0x0000002e   Code   RO         6510    i.__ARM_clz         mf_p.l(depilogue.o)
    0x080063a6   0x00000030   Code   RO         2856    i.__ARM_common_ll_muluu  stm32l0xx_hal_uart.o
    0x080063d6   0x0000001c   Code   RO          383    i.__ARM_common_switch8  lora_tsk.o
    0x080063f2   0x0000000e   Code   RO         6554    i.__scatterload_copy  mc_p.l(handlers.o)
    0x08006400   0x00000002   Code   RO         6555    i.__scatterload_null  mc_p.l(handlers.o)
    0x08006402   0x0000000e   Code   RO         6556    i.__scatterload_zeroinit  mc_p.l(handlers.o)
    0x08006410   0x00000174   Code   RO         6389    i._fp_digits        mc_p.l(printfa.o)
    0x08006584   0x000006ec   Code   RO         6390    i._printf_core      mc_p.l(printfa.o)
    0x08006c70   0x00000020   Code   RO         6391    i._printf_post_padding  mc_p.l(printfa.o)
    0x08006c90   0x0000002c   Code   RO         6392    i._printf_pre_padding  mc_p.l(printfa.o)
    0x08006cbc   0x00000020   Code   RO          408    i.delay             main.o
    0x08006cdc   0x00000020   Code   RO         4497    i.fputc             uart.o
    0x08006cfc   0x00000090   Code   RO          409    i.main              main.o
    0x08006d8c   0x000000d8   Code   RO         5332    i.sEepromGPIOInit   ex_eeprom_driver.o
    0x08006e64   0x00000021   Data   RO         4418    .constdata          system_stm32l0xx.o
    0x08006e85   0x00000003   PAD
    0x08006e88   0x000003cc   Data   RO         5146    .constdata          inclinationcalc.o
    0x08007254   0x00000020   Data   RO         6552    Region$$Table       anon$$obj.o


    Execution Region RW_IRAM1 (Base: 0x20000000, Size: 0x00000fa0, Max: 0x00005000, ABSOLUTE)

    Base Addr    Size         Type   Attr      Idx    E Section Name        Object

    0x20000000   0x00000018   Data   RW          411    .data               main.o
    0x20000018   0x00000014   Data   RW          515    .data               stm32l0xx_it.o
    0x2000002c   0x0000000d   Data   RW          700    .data               sysmanage_tsk.o
    0x20000039   0x00000003   PAD
    0x2000003c   0x00000004   Data   RW         2958    .data               stm32l0xx_hal.o
    0x20000040   0x00000004   Data   RW         4419    .data               system_stm32l0xx.o
    0x20000044   0x0000001c   Data   RW         4499    .data               uart.o
    0x20000060   0x00000014   Data   RW         4618    .data               adc.o
    0x20000074   0x00000024   Data   RW         4664    .data               eeprom.o
    0x20000098   0x00000006   Data   RW         4775    .data               sx1278.o
    0x2000009e   0x00000004   Data   RW         4879    .data               rtc.o
    0x200000a2   0x00000002   PAD
    0x200000a4   0x0000000a   Data   RW         5206    .data               pwr_mode_rtc.o
    0x200000ae   0x00000002   PAD
    0x200000b0   0x00000024   Data   RW         5274    .data               ex_eeprom_app.o
    0x200000d4   0x00000004   Data   RW         6489    .data               mc_p.l(stdout.o)
    0x200000d8   0x00000218   Zero   RW          300    .bss                lora_tsk.o
    0x200002f0   0x00000084   Zero   RW          410    .bss                main.o
    0x20000374   0x00000040   Zero   RW          514    .bss                stm32l0xx_it.o
    0x200003b4   0x00000044   Zero   RW          699    .bss                sysmanage_tsk.o
    0x200003f8   0x0000004c   Zero   RW         4451    .bss                bsp_i2c.o
    0x20000444   0x000003be   Zero   RW         4498    .bss                uart.o
    0x20000802   0x00000002   PAD
    0x20000804   0x0000005c   Zero   RW         4617    .bss                adc.o
    0x20000860   0x000000b0   Zero   RW         4718    .bss                spi.o
    0x20000910   0x000000d8   Zero   RW         4774    .bss                sx1278.o
    0x200009e8   0x00000038   Zero   RW         4878    .bss                rtc.o
    0x20000a20   0x0000004a   Zero   RW         5063    .bss                adxl355.o
    0x20000a6a   0x00000002   PAD
    0x20000a6c   0x000000b0   Zero   RW         5145    .bss                inclinationcalc.o
    0x20000b1c   0x00000080   Zero   RW         5273    .bss                ex_eeprom_app.o
    0x20000b9c   0x00000004   PAD
    0x20000ba0   0x00000400   Zero   RW            1    STACK               startup_stm32l071xx.o


==============================================================================

Image component sizes


      Code (inc. data)   RO Data    RW Data    ZI Data      Debug   Object Name

       160         24          0         20         92       1892   adc.o
       416         14          0          0         74       7253   adxl355.o
        80         12          0          0         76       1191   bsp_i2c.o
        38          0          0          0          0        980   crc.o
         0          0          0         36          0       1262   eeprom.o
         0          0          0         36        128       2683   ex_eeprom_app.o
       216         18          0          0          0       1150   ex_eeprom_driver.o
       680         76        972          0        176       4700   inclinationcalc.o
        28          0          0          0        536       2285   lora_tsk.o
       898         84          0         24        132       7540   main.o
       160          6          0          0          0       1166   mpu6050.o
       196         30          0         10          0       2160   pwr_mode_rtc.o
       120         20          0          4         56       1274   rtc.o
        76          8          0          0        176       1217   spi.o
        28          8        192          0       1024        644   startup_stm32l071xx.o
       124         22          0          4          0       3311   stm32l0xx_hal.o
       880         38          0          0          0       2847   stm32l0xx_hal_adc.o
       220          0          0          0          0       1546   stm32l0xx_hal_adc_ex.o
       242         32          0          0          0      11515   stm32l0xx_hal_cortex.o
       724         10          0          0          0       4246   stm32l0xx_hal_dma.o
       574         38          0          0          0       4275   stm32l0xx_hal_gpio.o
      1300         24          0          0          0       9315   stm32l0xx_hal_i2c.o
       222          0          0          0          0       1979   stm32l0xx_hal_i2c_ex.o
       484         52          0          0          0       3426   stm32l0xx_hal_msp.o
        16          4          0          0          0        579   stm32l0xx_hal_pwr.o
      2412         98          0          0          0       6336   stm32l0xx_hal_rcc.o
       588         12          0          0          0       1532   stm32l0xx_hal_rcc_ex.o
      1022         16          0          0          0       5145   stm32l0xx_hal_rtc.o
       240         10          0          0          0       2392   stm32l0xx_hal_rtc_ex.o
      2018          0          0          0          0       7810   stm32l0xx_hal_spi.o
       482          6          0          0          0       4849   stm32l0xx_hal_tim.o
      3356         92          0          0          0      16438   stm32l0xx_hal_uart.o
         2          0          0          0          0        996   stm32l0xx_hal_uart_ex.o
       508        134          0         20         64      11409   stm32l0xx_it.o
      1282        108          0          6        216       8958   sx1278.o
        36          4          0         13         68       3728   sysmanage_tsk.o
       104         16         33          4          0       1295   system_stm32l0xx.o
         0          0          0          0          0     397076   tilt_tsk.o
      3536        868          0         28        958      12865   uart.o

    ----------------------------------------------------------------------
     23500       1884       1232        212       3784     561265   Object Totals
         0          0         32          0          0          0   (incl. Generated)
        32          0          3          7          8          0   (incl. Padding)

    ----------------------------------------------------------------------

      Code (inc. data)   RO Data    RW Data    ZI Data      Debug   Library Member Name

         0          0          0          0          0          0   entry.o
         0          0          0          0          0          0   entry10a.o
         0          0          0          0          0          0   entry11a.o
         8          4          0          0          0          0   entry2.o
         4          0          0          0          0          0   entry5.o
         0          0          0          0          0          0   entry7b.o
         0          0          0          0          0          0   entry8b.o
         8          4          0          0          0          0   entry9a.o
        30          0          0          0          0          0   handlers.o
        40          0          0          0          0         72   idiv.o
        36          8          0          0          0         68   init.o
         0          0          0          0          0          0   iusefp.o
        32          0          0          0          0         68   llshl.o
        38          0          0          0          0         68   llsshr.o
        34          0          0          0          0         68   llushr.o
        36          0          0          0          0        100   memseta.o
      2252         98          0          0          0        412   printfa.o
         0          0          0          4          0          0   stdout.o
        44          0          0          0          0         72   uidiv.o
        96          0          0          0          0         84   uldiv.o
        40          2          0          0          0         68   cdcmple.o
        40          2          0          0          0         68   cdrcmple.o
        56          0          0          0          0         68   d2f.o
       356          4          0          0          0        140   dadd.o
       240          6          0          0          0         84   ddiv.o
       236          0          0          0          0        216   depilogue.o
        64         10          0          0          0         68   dfixul.o
       208          6          0          0          0         88   dmul.o
        40          0          0          0          0         60   f2d.o
       178          0          0          0          0        108   fadd.o
       124          0          0          0          0         72   fdiv.o
       130          0          0          0          0        144   fepilogue.o
        40          0          0          0          0         60   ffixui.o
        22          0          0          0          0         68   fflti.o
        14          0          0          0          0         68   ffltui.o
       122          0          0          0          0         72   fmul.o

    ----------------------------------------------------------------------
      4568        144          0          4          0       2464   Library Totals
         0          0          0          0          0          0   (incl. Padding)

    ----------------------------------------------------------------------

      Code (inc. data)   RO Data    RW Data    ZI Data      Debug   Library Name

      2658        114          0          4          0       1012   mc_p.l
      1910         30          0          0          0       1452   mf_p.l

    ----------------------------------------------------------------------
      4568        144          0          4          0       2464   Library Totals

    ----------------------------------------------------------------------

==============================================================================


      Code (inc. data)   RO Data    RW Data    ZI Data      Debug   

     28068       2028       1232        216       3784     555593   Grand Totals
     28068       2028       1232        216       3784     555593   ELF Image Totals
     28068       2028       1232        216          0          0   ROM Totals

==============================================================================

    Total RO  Size (Code + RO Data)                29300 (  28.61kB)
    Total RW  Size (RW Data + ZI Data)              4000 (   3.91kB)
    Total ROM Size (Code + RO Data + RW Data)      29516 (  28.82kB)

==============================================================================

