<html>
<body>
<pre>
<h1>µVision Build Log</h1>
<h2>Tool Versions:</h2>
IDE-Version: ¦ÌVision V5.22.0.0
Copyright (C) 2016 ARM Ltd and ARM Germany GmbH. All rights reserved.
License Information: Huang Zhiqiang, 666, LIC=IK1BF-6145S-QDPKD-85DCZ-1AVN4-CDDSZ
 
Tool Versions:
Toolchain:       MDK-ARM Plus  Version: 5.22
Toolchain Path:  D:\Keil_v5\ARM\ARMCC\Bin
C Compiler:      Armcc.exe V5.06 update 4 (build 422)
Assembler:       Armasm.exe V5.06 update 4 (build 422)
Linker/Locator:  ArmLink.exe V5.06 update 4 (build 422)
Library Manager: ArmAr.exe V5.06 update 4 (build 422)
Hex Converter:   FromElf.exe V5.06 update 4 (build 422)
CPU DLL:         SARMCM3.DLL V5.22
Dialog DLL:      DARMCM1.DLL V1.15.0.0
Target DLL:      Segger\JL2CM3.dll V2.99.23.0
Dialog DLL:      TARMCM1.DLL V1.11.0.0
 
<h2>Project:</h2>
D:\hzq\Î÷ÑÅÍ¼¸ËËþÇãÐ±\ÇãÐ±µÍ³É±¾°æ\6050+ÖÐ¶Ï»½ÐÑ\MPU6050 - receive\MDK-ARM\TiltV20.uvprojx
Project File Date:  06/15/2021

<h2>Output:</h2>
*** Using Compiler 'V5.06 update 4 (build 422)', folder: 'D:\Keil_v5\ARM\ARMCC\Bin'
Build target 'TiltV20'
assembling startup_stm32l071xx.s...
compiling stm32l0xx_hal_i2c_ex.c...
compiling stm32l0xx_hal_adc_ex.c...
compiling stm32l0xx_hal_adc.c...
compiling stm32l0xx_hal_tim_ex.c...
compiling stm32l0xx_hal_spi.c...
compiling stm32l0xx_it.c...
compiling LoRa_TSK.c...
compiling main.c...
../Src/main.c(100): warning:  #177-D: variable "wReadTemp"  was declared but never referenced
      INT16U wReadTemp;
../Src/main.c(101): warning:  #177-D: variable "power"  was declared but never referenced
    	float power;
../Src/main.c(102): warning:  #177-D: variable "i"  was declared but never referenced
  	  INT16U  i;
../Src/main.c(559): warning:  #177-D: function "MX_TIM3_Init"  was declared but never referenced
  static void MX_TIM3_Init(void)
../Src/main.c: 4 warnings, 0 errors
compiling Tilt_TSK.c...
..\Src\Tilt_TSK.c(244): warning:  #177-D: variable "f32temp"  was declared but never referenced
      ubitfloat f32temp;
..\Src\Tilt_TSK.c: 1 warning, 0 errors
compiling SysManage_TSK.c...
compiling stm32l0xx_hal_msp.c...
compiling stm32l0xx_hal_tim.c...
compiling stm32l0xx_hal_i2c.c...
compiling stm32l0xx_hal_uart_ex.c...
compiling stm32l0xx_hal_uart.c...
compiling stm32l0xx_hal.c...
compiling stm32l0xx_hal_flash_ramfunc.c...
compiling stm32l0xx_hal_rcc_ex.c...
compiling stm32l0xx_hal_flash.c...
compiling stm32l0xx_hal_rcc.c...
compiling stm32l0xx_hal_flash_ex.c...
compiling stm32l0xx_hal_cortex.c...
compiling stm32l0xx_hal_pwr_ex.c...
compiling stm32l0xx_hal_dma.c...
compiling stm32l0xx_hal_pwr.c...
compiling stm32l0xx_hal_gpio.c...
compiling crc.c...
compiling stm32l0xx_hal_rtc.c...
compiling stm32l0xx_hal_rtc_ex.c...
compiling stm32l0xx_hal_iwdg.c...
compiling system_stm32l0xx.c...
compiling bsp_i2c.c...
compiling eeprom.c...
compiling spi.c...
compiling rtc.c...
compiling adc.c...
compiling uart.c...
compiling mpu6050.c...
compiling sx1278.c...
compiling ADXL355.c...
compiling InclinationCalc.c...
compiling EX_Eeprom_App.c...
compiling pwr_mode_rtc.c...
compiling EX_Eeprom_Driver.c...
compiling dma.c...
compiling flash.c...
compiling 4g.c...
compiling 4G_AT.c...
compiling ellipsoid.c...
linking...
Program Size: Code=28068 RO-data=1232 RW-data=216 ZI-data=3784  
FromELF: creating hex file...
".\TiltV20\TiltV20.axf" - 0 Error(s), 5 Warning(s).

<h2>Software Packages used:</h2>

Package Vendor: ARM
                http://www.keil.com/pack/ARM.CMSIS.5.0.0.pack
                ARM::CMSIS:CORE:5.0.0
                CMSIS (Cortex Microcontroller Software Interface Standard)
   * Component: CORE Version: 5.0.0

<h2>Collection of Component include folders:</h2>
  D:\hzq\Î÷ÑÅÍ¼¸ËËþÇãÐ±\ÇãÐ±µÍ³É±¾°æ\6050+ÖÐ¶Ï»½ÐÑ\MPU6050 - receive\MDK-ARM\RTE\_TiltV20
  D:\Keil_v5\ARM\PACK\ARM\CMSIS\5.0.0\CMSIS\Include
  D:\Keil_v5\ARM\PACK\Keil\STM32L0xx_DFP\2.0.1\Drivers\CMSIS\Device\ST\STM32L0xx\Include

<h2>Collection of Component Files used:</h2>

   * Component: ARM::CMSIS:CORE:5.0.0
Build Time Elapsed:  00:00:13
</pre>
</body>
</html>
